12-24 21:26:06.973   919  2112 E ActivityManager:    +0% 2261/WM.task-3: 0% user + 0% kernel
12-24 21:26:06.973   919  2112 E ActivityManager:    +0% 2262/WM.task-4: 0% user + 0% kernel
12-24 21:26:06.973   919  2112 E ActivityManager:    +0% 2266/SharedPreferenc: 0% user + 0% kernel
12-24 21:26:06.973   919  2112 E ActivityManager:   7.9% 1885/com.google.android.googlequicksearchbox:interactor: 2.8% user + 5% kernel / faults: 106 minor 21 major
12-24 21:26:06.973   919  2112 E ActivityManager:     7.2% 1885/hbox:interactor: 2.1% user + 5% kernel
12-24 21:26:06.973   919  2112 E ActivityManager:   1.5% 30/ksoftirqd/1: 0% user + 1.5% kernel
12-24 21:26:06.973   919  2112 E ActivityManager:   4.4% 617/android.hardware.sensors-service.multihal: 0% user + 4.4% kernel
12-24 21:26:06.973   919  2112 E ActivityManager:     3.9% 644/android.hardwar: 0% user + 3.9% kernel
12-24 21:26:06.973   919  2112 E ActivityManager:     0.9% 645/android.hardwar: 0% user + 0.9% kernel
12-24 21:26:06.973   919  2112 E ActivityManager:   6.5% 1796/com.google.android.bluetooth: 0.7% user + 5.7% kernel / faults: 138 minor
12-24 21:26:06.973   919  2112 E ActivityManager:     2.8% 1800/HeapTaskDaemon: 0.7% user + 2.1% kernel
12-24 21:26:06.973   919  2112 E ActivityManager:     1.4% 1796/droid.bluetooth: 1.4% user + 0% kernel
12-24 21:26:06.973   919  2112 E ActivityManager:     0.7% 1866/bt_main_thread: 0% user + 0.7% kernel
12-24 21:26:06.973   919  2112 E ActivityManager:     0.7% 1873/gd_stack_thread: 0% user + 0.7% kernel
12-24 21:26:06.973   919  2112 E ActivityManager:     0.7% 1992/droid.bluetooth: 0% user + 0.7% kernel
12-24 21:26:06.973   919  2112 E ActivityManager:     0.7% 2146/binder:1796_4: 0% user + 0.7% kernel
12-24 21:26:06.973   919  2112 E ActivityManager:   6.5% 1940/com.google.android.apps.messaging:rcs: 0% user + 6.5% kernel / faults: 142 minor 31 major
12-24 21:26:06.973   919  2112 E ActivityManager:     6.5% 1940/s.messaging:rcs: 0% user + 6.5% kernel
12-24 21:26:06.973   919  2112 E ActivityManager:   1% 1/init: 0% user + 1% kernel / faults: 77 minor
12-24 21:26:06.973   919  2112 E ActivityManager:     0.9% 1/init: 0% user + 0.9% kernel
12-24 21:26:06.973   919  2112 E ActivityManager:     0.1% 138/init: 0% user + 0.1% kernel
12-24 21:26:06.973   919  2112 E ActivityManager:   4.6% 698/mediaserver: 0% user + 4.6% kernel / faults: 19 minor
12-24 21:26:06.973   919  2112 E ActivityManager:     4% 1424/binder:698_2: 0% user + 4% kernel
12-24 21:26:06.973   919  2112 E ActivityManager:   5.1% 2131/com.google.android.permissioncontroller: 1.4% user + 3.6% kernel / faults: 461 minor 32 major
12-24 21:26:06.973   919  2112 E ActivityManager:     5.1% 2131/ssioncontroller: 1.4% user + 3.6% kernel
12-24 21:26:06.973   919  2112 E ActivityManager:    +0% 2255/Profile Saver: 0% user + 0% kernel
12-24 21:26:06.973   919  2112 E ActivityManager:   2.2% 263/kworker/u27:2-kvfree_rcu_reclaim: 0% user + 2.2% kernel
12-24 21:26:06.973   919  2112 E ActivityManager:   2.3% 597/zygote64: 0% user + 2.3% kernel / faults: 78 minor
12-24 21:26:06.973   919  2112 E ActivityManager:   3.6% 1561/com.android.phone: 1.4% user + 2.1% kernel / faults: 53 minor
12-24 21:26:06.973   919  2112 E ActivityManager:     3.6% 1561/m.android.phone: 2.1% user + 1.4% kernel
12-24 21:26:06.973   919  2112 E ActivityManager:    +0% 2259/RilMessageDecod: 0% user + 0% kernel
12-24 21:26:06.973   919  2112 E ActivityManager:    +0% 2260/Cat Icon Loader: 0% user + 0% kernel
12-24 21:26:06.973   919  2112 E ActivityManager:   3.6% 2108/android.process.media: 3.6% user + 0% kernel / faults: 198 minor 1 major
12-24 21:26:06.973   919  2112 E ActivityManager:     2.9% 2108/d.process.media: 1.4% user + 1.4% kernel
12-24 21:26:06.973   919  2112 E ActivityManager:    +0% 2265/android.bg: 0% user + 0% kernel
12-24 21:26:06.973   919  2112 E ActivityManager:   0.6% 129/erofs_worker/2: 0% user + 0.6% kernel
12-24 21:26:06.973   919  2112 E ActivityManager:   0.4% 132/erofs_worker/5: 0% user + 0.4% kernel
12-24 21:26:06.973   919  2112 E ActivityManager:   1.1% 287/logd: 0% user + 1.1% kernel / faults: 18 minor
12-24 21:26:06.973   919  2112 E ActivityManager:     0.7% 291/logd.writer: 0% user + 0.7% kernel
12-24 21:26:06.973   919  2112 E ActivityManager:   1.1% 289/servicemanager: 0% user + 1.1% kernel / faults: 3 minor
12-24 21:26:06.973   919  2112 E ActivityManager:     1.1% 289/servicemanager: 0% user + 1.1% kernel
12-24 21:26:06.973   919  2112 E ActivityManager:   1.1% 348/jbd2/dm-56-8: 0% user + 1.1% kernel
12-24 21:26:06.973   919  2112 E ActivityManager:   0.3% 10/kworker/0:1-virtio_vsock: 0% user + 0.3% kernel
12-24 21:26:06.973   919  2112 E ActivityManager:   0.3% 18/rcu_preempt: 0% user + 0.3% kernel
12-24 21:26:06.973   919  2112 E ActivityManager:   0.3% 33/rcuop/1: 0% user + 0.3% kernel
12-24 21:26:06.973   919  2112 E ActivityManager:   0.3% 39/kworker/2:0H-kverityd: 0% user + 0.3% kernel
12-24 21:26:06.973   919  2112 E ActivityManager:   0.3% 54/kworker/4:0H-kblockd: 0% user + 0.3% kernel
12-24 21:26:06.973   919  2112 E ActivityManager:   0.3% 67/kworker/u29:0-writeback: 0% user + 0.3% kernel
12-24 21:26:06.973   919  2112 E ActivityManager:   0.3% 108/kworker/0:1H-kverityd: 0% user + 0.3% kernel
12-24 21:26:06.973   919  2112 E ActivityManager:   0.3% 204/kworker/1:3H-kblockd: 0% user + 0.3% kernel
12-24 21:26:06.973   919  2112 E ActivityManager:   0.7% 267/kworker/u30:2-kvfree_rcu_reclaim: 0% user + 0.7% kernel
12-24 21:26:06.973   919  2112 E ActivityManager:   0.9% 596/statsd: 0% user + 0.9% kernel
12-24 21:26:06.973   919  2112 E ActivityManager:     0.9% 600/statsd.writer: 0% user + 0.9% kernel
12-24 21:26:06.973   919  2112 E ActivityManager:   0.9% 620/android.hardware.bluetooth-service.default: 0% user + 0.9% kernel
12-24 21:26:06.973   919  2112 E ActivityManager:     0.4% 1883/android.hardwar: 0% user + 0.4% kernel
12-24 21:26:06.973   919  2112 E ActivityManager:   1.3% 700/wificond: 0.6% user + 0.6% kernel
12-24 21:26:06.973   919  2112 E ActivityManager:   1.4% 1104/kworker/0:3-virtio_vsock: 0% user + 1.4% kernel
12-24 21:26:06.973   919  2112 E ActivityManager:   0.1% 19/rcuog/0: 0% user + 0.1% kernel
12-24 21:26:06.973   919  2112 E ActivityManager:   0.1% 24/migration/0: 0% user + 0.1% kernel
12-24 21:26:06.973   919  2112 E ActivityManager:   0.1% 31/kworker/1:0-kdmflush/254:56: 0% user + 0.1% kernel
12-24 21:26:06.973   919  2112 E ActivityManager:   0.1% 62/rcuop/5: 0% user + 0.1% kernel
12-24 21:26:06.973   919  2112 E ActivityManager:   0.1% 66/kworker/u28:0-events_unbound: 0% user + 0.1% kernel
12-24 21:26:06.973   919  2112 E ActivityManager:   0.1% 87/kworker/5:1H-kverityd: 0% user + 0.1% kernel
12-24 21:26:06.973   919  2112 E ActivityManager:   0.1% 89/kworker/u31:0-hci0: 0% user + 0.1% kernel
12-24 21:26:06.973   919  2112 E ActivityManager:   0.1% 109/kworker/3:1-events: 0% user + 0.1% kernel
12-24 21:26:06.973   919  2112 E ActivityManager:   0.1% 127/erofs_worker/0: 0% user + 0.1% kernel
12-24 21:26:06.973   919  2112 E ActivityManager:   0.1% 128/erofs_worker/1: 0% user + 0.1% kernel
12-24 21:26:06.973   919  2112 E ActivityManager:   0.1% 130/erofs_worker/3: 0% user + 0.1% kernel
12-24 21:26:06.973   919  2112 E ActivityManager:   0.1% 131/erofs_worker/4: 0% user + 0.1% kernel
12-24 21:26:06.973   919  2112 E ActivityManager:   0.1% 140/ueventd: 0% user + 0.1% kernel
12-24 21:26:06.973   919  2112 E ActivityManager:   0.3% 340/kworker/u34:3-blk_crypto_wq: 0% user + 0.3% kernel
12-24 21:26:06.973   919  2112 E ActivityManager:   0.3% 416/kworker/u33:1-fscrypt_read_queue: 0% user + 0.3% kernel
12-24 21:26:06.973   919  2112 E ActivityManager:   0.4% 614/android.hardware.radio-service.ranchu: 0% user + 0.4% kernel
12-24 21:26:06.973   919  2112 E ActivityManager:     0.4% 650/android.hardwar: 0% user + 0.4% kernel
12-24 21:26:06.973   919  2112 E ActivityManager:   0.5% 680/adbd: 0% user + 0.5% kernel / faults: 23 minor
12-24 21:26:06.973   919  2112 E ActivityManager:     0.5% 680/adbd: 0% user + 0.5% kernel
12-24 21:26:06.973   919  2112 E ActivityManager:     0.5% 1738/adbd: 0% user + 0.5% kernel
12-24 21:26:06.973   919  2112 E ActivityManager:   0.5% 683/kworker/u26:4-loop24: 0% user + 0.5% kernel
12-24 21:26:06.973   919  2112 E ActivityManager:   0.7% 1135/vivid-000-tch-cap: 0.7% user + 0% kernel
12-24 21:26:06.973   919  2112 E ActivityManager:   0.7% 1547/com.android.networkstack.process: 0.7% user + 0% kernel / faults: 2 minor
12-24 21:26:06.973   919  2112 E ActivityManager:  +0% 2190/sh: 0% user + 0% kernel
12-24 21:26:06.973   919  2112 E ActivityManager:  +0% 2192/cmd: 0% user + 0% kernel
12-24 21:26:06.973   919  2112 E ActivityManager:  +0% 2199/artd: 0% user + 0% kernel
12-24 21:26:06.973   919  2112 E ActivityManager:  +0% 2203/android.process.acore: 0% user + 0% kernel
12-24 21:26:06.973   919  2112 E ActivityManager:  +0% 2222/com.google.android.gms: 0% user + 0% kernel
12-24 21:26:06.973   919  2112 E ActivityManager:  +0% 2235/com.android.keychain: 0% user + 0% kernel
12-24 21:26:06.973   919  2112 E ActivityManager: 97% TOTAL: 16% user + 79% kernel + 0.3% iowait + 1% softirq
12-24 21:26:07.324   919  2112 E ActivityManager: ANR in com.google.android.gms.persistent
12-24 21:26:07.324   919  2112 E ActivityManager: PID: 1723
12-24 21:26:07.324   919  2112 E ActivityManager: Reason: Broadcast of Intent { act=android.safetycenter.action.REFRESH_SAFETY_SOURCES flg=0x10000010 xflg=0x4 pkg=com.google.android.gms cmp=com.google.android.gms/.chimera.GmsIntentOperationService$PersistentTrustedReceiver (has extras) }
12-24 21:26:07.324   919  2112 E ActivityManager: ErrorId: aaeec3ec-3aa2-464f-8e16-d7fd9fe2471d
12-24 21:26:07.324   919  2112 E ActivityManager: Frozen: false
12-24 21:26:07.324   919  2112 E ActivityManager: Load: 0.0 / 0.0 / 0.0
12-24 21:26:07.324   919  2112 E ActivityManager: ----- Output from /proc/pressure/memory -----
12-24 21:26:07.324   919  2112 E ActivityManager: some avg10=0.00 avg60=0.00 avg300=0.00 total=2214066
12-24 21:26:07.324   919  2112 E ActivityManager: full avg10=0.00 avg60=0.00 avg300=0.00 total=1644731
12-24 21:26:07.324   919  2112 E ActivityManager: ----- End output from /proc/pressure/memory -----
12-24 21:26:07.324   919  2112 E ActivityManager: ----- Output from /proc/pressure/cpu -----
12-24 21:26:07.324   919  2112 E ActivityManager: some avg10=2.35 avg60=0.42 avg300=0.08 total=13594928
12-24 21:26:07.324   919  2112 E ActivityManager: full avg10=0.00 avg60=0.00 avg300=0.00 total=0
12-24 21:26:07.324   919  2112 E ActivityManager: ----- End output from /proc/pressure/cpu -----
12-24 21:26:07.324   919  2112 E ActivityManager: ----- Output from /proc/pressure/io -----
12-24 21:26:07.324   919  2112 E ActivityManager: some avg10=0.00 avg60=0.00 avg300=0.00 total=7384878
12-24 21:26:07.324   919  2112 E ActivityManager: full avg10=0.00 avg60=0.00 avg300=0.00 total=2576659
12-24 21:26:07.324   919  2112 E ActivityManager: ----- End output from /proc/pressure/io -----
12-24 21:26:07.324   919  2112 E ActivityManager: 
12-24 21:26:07.324   919  2112 E ActivityManager: CPU usage from 8866ms to 437ms ago (2025-12-24 21:25:58.370 to 2025-12-24 21:26:06.799):
12-24 21:26:07.324   919  2112 E ActivityManager:   163% 919/system_server: 30% user + 132% kernel / faults: 8218 minor 434 major
12-24 21:26:07.324   919  2112 E ActivityManager:   43% 672/surfaceflinger: 1.1% user + 42% kernel / faults: 1 minor
12-24 21:26:07.324   919  2112 E ActivityManager:   38% 1723/com.google.android.gms.persistent: 10% user + 27% kernel / faults: 2188 minor 117 major
12-24 21:26:07.324   919  2112 E ActivityManager:   36% 1587/com.google.android.apps.nexuslauncher: 15% user + 21% kernel / faults: 2669 minor 6 major
12-24 21:26:07.324   919  2112 E ActivityManager:   33% 1418/com.android.systemui: 9.4% user + 24% kernel / faults: 2501 minor 16 major
12-24 21:26:07.324   919  2112 E ActivityManager:   27% 1561/com.android.phone: 7.2% user + 20% kernel / faults: 1099 minor 10 major
12-24 21:26:07.324   919  2112 E ActivityManager:   27% 1940/com.google.android.apps.messaging:rcs: 2.9% user + 24% kernel / faults: 867 minor 187 major
12-24 21:26:07.324   919  2112 E ActivityManager:   22% 1796/com.google.android.bluetooth: 3.1% user + 19% kernel / faults: 507 minor 11 major
12-24 21:26:07.324   919  2112 E ActivityManager:   17% 88/kswapd0: 0% user + 17% kernel
12-24 21:26:07.324   919  2112 E ActivityManager:   17% 1885/com.google.android.googlequicksearchbox:interactor: 1.8% user + 15% kernel / faults: 611 minor 110 major
12-24 21:26:07.324   919  2112 E ActivityManager: 97% TOTAL: 15% user + 80% kernel + 0.5% iowait + 1.4% softirq
12-24 21:26:07.324   919  2112 E ActivityManager: CPU usage from 118946ms to 118946ms ago (1970-01-01 05:30:00.000 to 1970-01-01 05:30:00.000) with 0% awake:
12-24 21:26:07.324   919  2112 E ActivityManager: 0% TOTAL: 0% user + 0% kernel
12-24 21:26:08.358   919  2112 E ActivityManager: ANR in com.android.phone
12-24 21:26:08.358   919  2112 E ActivityManager: PID: 1561
12-24 21:26:08.358   919  2112 E ActivityManager: Reason: executing service com.android.phone/.TelephonyDebugService, waited 21526ms
12-24 21:26:08.358   919  2112 E ActivityManager: ErrorId: db18f612-2e82-49e8-be9e-de3db34e612f
12-24 21:26:08.358   919  2112 E ActivityManager: Frozen: false
12-24 21:26:08.358   919  2112 E ActivityManager: Load: 0.0 / 0.0 / 0.0
12-24 21:26:08.358   919  2112 E ActivityManager: ----- Output from /proc/pressure/memory -----
12-24 21:26:08.358   919  2112 E ActivityManager: some avg10=0.00 avg60=0.00 avg300=0.00 total=2264308
12-24 21:26:08.358   919  2112 E ActivityManager: full avg10=0.00 avg60=0.00 avg300=0.00 total=1685924
12-24 21:26:08.358   919  2112 E ActivityManager: ----- End output from /proc/pressure/memory -----
12-24 21:26:08.358   919  2112 E ActivityManager: ----- Output from /proc/pressure/cpu -----
12-24 21:26:08.358   919  2112 E ActivityManager: some avg10=2.35 avg60=0.42 avg300=0.08 total=14367064
12-24 21:26:08.358   919  2112 E ActivityManager: full avg10=0.00 avg60=0.00 avg300=0.00 total=0
12-24 21:26:08.358   919  2112 E ActivityManager: ----- End output from /proc/pressure/cpu -----
12-24 21:26:08.358   919  2112 E ActivityManager: ----- Output from /proc/pressure/io -----
12-24 21:26:08.358   919  2112 E ActivityManager: some avg10=0.00 avg60=0.00 avg300=0.00 total=7543644
12-24 21:26:08.358   919  2112 E ActivityManager: full avg10=0.00 avg60=0.00 avg300=0.00 total=2591115
12-24 21:26:08.358   919  2112 E ActivityManager: ----- End output from /proc/pressure/io -----
12-24 21:26:08.358   919  2112 E ActivityManager: 
12-24 21:26:08.358   919  2112 E ActivityManager: CPU usage from 9365ms to 936ms ago (2025-12-24 21:25:58.370 to 2025-12-24 21:26:06.799):
12-24 21:26:08.358   919  2112 E ActivityManager:   163% 919/system_server: 30% user + 132% kernel / faults: 8218 minor 434 major
12-24 21:26:08.358   919  2112 E ActivityManager:   43% 672/surfaceflinger: 1.1% user + 42% kernel / faults: 1 minor
12-24 21:26:08.358   919  2112 E ActivityManager:   38% 1723/com.google.android.gms.persistent: 10% user + 27% kernel / faults: 2188 minor 117 major
12-24 21:26:08.358   919  2112 E ActivityManager:   36% 1587/com.google.android.apps.nexuslauncher: 15% user + 21% kernel / faults: 2669 minor 6 major
12-24 21:26:08.358   919  2112 E ActivityManager:   33% 1418/com.android.systemui: 9.4% user + 24% kernel / faults: 2501 minor 16 major
12-24 21:26:08.358   919  2112 E ActivityManager:   27% 1561/com.android.phone: 7.2% user + 20% kernel / faults: 1099 minor 10 major
12-24 21:26:08.358   919  2112 E ActivityManager:   27% 1940/com.google.android.apps.messaging:rcs: 2.9% user + 24% kernel / faults: 867 minor 187 major
12-24 21:26:08.358   919  2112 E ActivityManager:   22% 1796/com.google.android.bluetooth: 3.1% user + 19% kernel / faults: 507 minor 11 major
12-24 21:26:08.358   919  2112 E ActivityManager:   17% 88/kswapd0: 0% user + 17% kernel
12-24 21:26:08.358   919  2112 E ActivityManager:   17% 1885/com.google.android.googlequicksearchbox:interactor: 1.8% user + 15% kernel / faults: 611 minor 110 major
12-24 21:26:08.358   919  2112 E ActivityManager: 97% TOTAL: 15% user + 80% kernel + 0.5% iowait + 1.4% softirq
12-24 21:26:08.358   919  2112 E ActivityManager: CPU usage from 119445ms to 119445ms ago (1970-01-01 05:30:00.000 to 1970-01-01 05:30:00.000) with 0% awake:
12-24 21:26:08.358   919  2112 E ActivityManager: 0% TOTAL: 0% user + 0% kernel
12-24 21:26:10.123   919   981 E PackageManager: Optimistic bind failed.
12-24 21:26:10.123   919   981 E PackageManager: java.util.concurrent.TimeoutException: [Optimistic Bind] Didn't bind to resolver in time!
12-24 21:26:10.123   919   981 E PackageManager: 	at com.android.server.pm.InstantAppResolverConnection.waitForBindLocked(InstantAppResolverConnection.java:160)
12-24 21:26:10.123   919   981 E PackageManager: 	at com.android.server.pm.InstantAppResolverConnection.bind(InstantAppResolverConnection.java:230)
12-24 21:26:10.123   919   981 E PackageManager: 	at com.android.server.pm.InstantAppResolverConnection.lambda$optimisticBind$0(InstantAppResolverConnection.java:260)
12-24 21:26:10.123   919   981 E PackageManager: 	at com.android.server.pm.InstantAppResolverConnection.$r8$lambda$66W2s2mMKe4pk_xXCScH9RCqav8(InstantAppResolverConnection.java:0)
12-24 21:26:10.123   919   981 E PackageManager: 	at com.android.server.pm.InstantAppResolverConnection$$ExternalSyntheticLambda0.run(R8$$SyntheticClass:0)
12-24 21:26:10.123   919   981 E PackageManager: 	at android.os.Handler.handleCallback(Handler.java:1070)
12-24 21:26:10.123   919   981 E PackageManager: 	at android.os.Handler.dispatchMessage(Handler.java:125)
12-24 21:26:10.123   919   981 E PackageManager: 	at android.os.Looper.dispatchMessage(Looper.java:333)
12-24 21:26:10.123   919   981 E PackageManager: 	at android.os.Looper.loopOnce(Looper.java:263)
12-24 21:26:10.123   919   981 E PackageManager: 	at android.os.Looper.loop(Looper.java:367)
12-24 21:26:10.123   919   981 E PackageManager: 	at android.os.HandlerThread.run(HandlerThread.java:139)
12-24 21:26:11.710  2409  2409 E ActivityThread: Failed to find provider info for bluetooth_legacy.provider
12-24 21:26:15.105   594   621 E NetlinkEvent: NetlinkEvent::FindParam(): Parameter 'INTERFACE' not found
12-24 21:26:15.105   594   621 E NetlinkEvent: NetlinkEvent::FindParam(): Parameter 'STATE' not found
12-24 21:26:15.105   594   621 E NetlinkEvent: NetlinkEvent::FindParam(): Parameter 'TIME_NS' not found
12-24 21:26:15.105   594   621 E NetlinkEvent: NetlinkEvent::FindParam(): Parameter 'UID' not found
12-24 21:26:16.211   919  1143 E StorageSessionController: Failed to unmount volume: emulated;0
12-24 21:26:16.211   919  1143 E StorageSessionController: android.os.ServiceSpecificException:  (code -16)
12-24 21:26:16.211   919  1143 E StorageSessionController: 	at android.os.Parcel.createExceptionOrNull(Parcel.java:3387)
12-24 21:26:16.211   919  1143 E StorageSessionController: 	at android.os.Parcel.createException(Parcel.java:3357)
12-24 21:26:16.211   919  1143 E StorageSessionController: 	at android.os.Parcel.readException(Parcel.java:3340)
12-24 21:26:16.211   919  1143 E StorageSessionController: 	at android.os.Parcel.readException(Parcel.java:3282)
12-24 21:26:16.211   919  1143 E StorageSessionController: 	at android.os.IVold$Stub$Proxy.unmount(IVold.java:1778)
12-24 21:26:16.211   919  1143 E StorageSessionController: 	at com.android.server.storage.StorageSessionController.onReset(StorageSessionController.java:330)
12-24 21:26:16.211   919  1143 E StorageSessionController: 	at com.android.server.StorageManagerService.resetIfBootedAndConnected(StorageManagerService.java:1110)
12-24 21:26:16.211   919  1143 E StorageSessionController: 	at com.android.server.StorageManagerService.-$$Nest$mresetIfBootedAndConnected(StorageManagerService.java:0)
12-24 21:26:16.211   919  1143 E StorageSessionController: 	at com.android.server.StorageManagerService$StorageManagerServiceHandler.handleMessage(StorageManagerService.java:817)
12-24 21:26:16.211   919  1143 E StorageSessionController: 	at android.os.Handler.dispatchMessage(Handler.java:132)
12-24 21:26:16.211   919  1143 E StorageSessionController: 	at android.os.Looper.dispatchMessage(Looper.java:333)
12-24 21:26:16.211   919  1143 E StorageSessionController: 	at android.os.Looper.loopOnce(Looper.java:263)
12-24 21:26:16.211   919  1143 E StorageSessionController: 	at android.os.Looper.loop(Looper.java:367)
12-24 21:26:16.211   919  1143 E StorageSessionController: 	at android.os.HandlerThread.run(HandlerThread.java:139)
12-24 21:26:26.063  3186  3186 E ActivityThread: Failed to find provider info for bluetooth_legacy.provider
12-24 21:26:26.747   919  1143 E StorageSessionController: Failed to exit session: emulated;0. Killing MediaProvider...
12-24 21:26:26.747   919  1143 E StorageSessionController: com.android.server.storage.StorageSessionController$ExternalStorageServiceException: Failed to end session: [SessionId: emulated;0. UpperPath: /storage/emulated. LowerPath: /data/media]
12-24 21:26:26.747   919  1143 E StorageSessionController: 	at com.android.server.storage.StorageUserConnection$ActiveConnection.endSession(StorageUserConnection.java:433)
12-24 21:26:26.747   919  1143 E StorageSessionController: 	at com.android.server.storage.StorageUserConnection.removeSessionAndWait(StorageUserConnection.java:197)
12-24 21:26:26.747   919  1143 E StorageSessionController: 	at com.android.server.storage.StorageSessionController.onReset(StorageSessionController.java:339)
12-24 21:26:26.747   919  1143 E StorageSessionController: 	at com.android.server.StorageManagerService.resetIfBootedAndConnected(StorageManagerService.java:1110)
12-24 21:26:26.747   919  1143 E StorageSessionController: 	at com.android.server.StorageManagerService.-$$Nest$mresetIfBootedAndConnected(StorageManagerService.java:0)
12-24 21:26:26.747   919  1143 E StorageSessionController: 	at com.android.server.StorageManagerService$StorageManagerServiceHandler.handleMessage(StorageManagerService.java:817)
12-24 21:26:26.747   919  1143 E StorageSessionController: 	at android.os.Handler.dispatchMessage(Handler.java:132)
12-24 21:26:26.747   919  1143 E StorageSessionController: 	at android.os.Looper.dispatchMessage(Looper.java:333)
12-24 21:26:26.747   919  1143 E StorageSessionController: 	at android.os.Looper.loopOnce(Looper.java:263)
12-24 21:26:26.747   919  1143 E StorageSessionController: 	at android.os.Looper.loop(Looper.java:367)
12-24 21:26:26.747   919  1143 E StorageSessionController: 	at android.os.HandlerThread.run(HandlerThread.java:139)
12-24 21:26:26.747   919  1143 E StorageSessionController: Caused by: java.util.concurrent.TimeoutException
12-24 21:26:26.747   919  1143 E StorageSessionController: 	at java.util.concurrent.CompletableFuture.timedGet(CompletableFuture.java:1936)
12-24 21:26:26.747   919  1143 E StorageSessionController: 	at java.util.concurrent.CompletableFuture.get(CompletableFuture.java:2071)
12-24 21:26:26.747   919  1143 E StorageSessionController: 	at com.android.server.storage.StorageUserConnection$ActiveConnection.waitForAsync(StorageUserConnection.java:399)
12-24 21:26:26.747   919  1143 E StorageSessionController: 	at com.android.server.storage.StorageUserConnection$ActiveConnection.waitForAsyncVoid(StorageUserConnection.java:365)
12-24 21:26:26.747   919  1143 E StorageSessionController: 	at com.android.server.storage.StorageUserConnection$ActiveConnection.endSession(StorageUserConnection.java:426)
12-24 21:26:26.747   919  1143 E StorageSessionController: 	... 10 more
12-24 21:26:32.646   919  1198 E AppOps  : attributionTag VCN not declared in manifest of android
12-24 21:26:32.647   919  1198 E AppOps  : attributionTag VCN not declared in manifest of android
12-24 21:26:33.307   919  3489 E ActivityManager: ANR in com.android.phone
12-24 21:26:33.307   919  3489 E ActivityManager: PID: 2426
12-24 21:26:33.307   919  3489 E ActivityManager: Reason: Process ProcessRecord{4479efb 2426:com.android.phone/1001} failed to complete startup
12-24 21:26:33.307   919  3489 E ActivityManager: ErrorId: a0ae5af6-77cd-4ad9-8884-c2b6cf20c833
12-24 21:26:33.307   919  3489 E ActivityManager: Frozen: false
12-24 21:26:33.307   919  3489 E ActivityManager: Load: 0.0 / 0.0 / 0.0
12-24 21:26:33.307   919  3489 E ActivityManager: ----- Output from /proc/pressure/memory -----
12-24 21:26:33.307   919  3489 E ActivityManager: some avg10=0.00 avg60=0.00 avg300=0.00 total=7194536
12-24 21:26:33.307   919  3489 E ActivityManager: full avg10=0.00 avg60=0.00 avg300=0.00 total=4622211
12-24 21:26:33.307   919  3489 E ActivityManager: ----- End output from /proc/pressure/memory -----
12-24 21:26:33.307   919  3489 E ActivityManager: ----- Output from /proc/pressure/cpu -----
12-24 21:26:33.307   919  3489 E ActivityManager: some avg10=2.35 avg60=0.42 avg300=0.08 total=34601183
12-24 21:26:33.307   919  3489 E ActivityManager: full avg10=0.00 avg60=0.00 avg300=0.00 total=0
12-24 21:26:33.307   919  3489 E ActivityManager: ----- End output from /proc/pressure/cpu -----
12-24 21:26:33.307   919  3489 E ActivityManager: ----- Output from /proc/pressure/io -----
12-24 21:26:33.307   919  3489 E ActivityManager: some avg10=0.00 avg60=0.00 avg300=0.00 total=11900038
12-24 21:26:33.307   919  3489 E ActivityManager: full avg10=0.00 avg60=0.00 avg300=0.00 total=2863627
12-24 21:26:33.307   919  3489 E ActivityManager: ----- End output from /proc/pressure/io -----
12-24 21:26:33.307   919  3489 E ActivityManager: 
12-24 21:26:33.307   919  3489 E ActivityManager: CPU usage from 24433ms to -81ms ago (2025-12-24 21:26:06.799 to 2025-12-24 21:26:31.313):
12-24 21:26:33.307   919  3489 E ActivityManager:   103% 919/system_server: 22% user + 80% kernel / faults: 32050 minor 2897 major
12-24 21:26:33.307   919  3489 E ActivityManager:   52% 88/kswapd0: 0% user + 52% kernel
12-24 21:26:33.307   919  3489 E ActivityManager:   31% 1771/com.google.android.inputmethod.latin: 12% user + 19% kernel / faults: 20404 minor 441 major
12-24 21:26:33.307   919  3489 E ActivityManager:   29% 1916/com.google.android.as: 6.8% user + 23% kernel / faults: 19520 minor 837 major
12-24 21:26:33.307   919  3489 E ActivityManager:   27% 672/surfaceflinger: 1.2% user + 26% kernel / faults: 223 minor 326 major
12-24 21:26:33.307   919  3489 E ActivityManager:   25% 1587/com.google.android.apps.nexuslauncher: 5.3% user + 20% kernel / faults: 17184 minor 746 major
12-24 21:26:33.307   919  3489 E ActivityManager:   21% 1418/com.android.systemui: 10% user + 10% kernel / faults: 10355 minor 758 major
12-24 21:26:33.307   919  3489 E ActivityManager:   17% 1885/com.google.android.googlequicksearchbox:interactor: 6.6% user + 11% kernel / faults: 9167 minor 319 major
12-24 21:26:33.307   919  3489 E ActivityManager:   13% 2222/com.google.android.gms: 3.9% user + 9.3% kernel / faults: 9657 minor 1959 major
12-24 21:26:33.307   919  3489 E ActivityManager:   6.9% 1940/com.google.android.apps.messaging:rcs: 4.3% user + 2.6% kernel / faults: 3655 minor 209 major
12-24 21:26:33.307   919  3489 E ActivityManager: 98% TOTAL: 19% user + 76% kernel + 1% iowait + 1.8% softirq
12-24 21:26:33.307   919  3489 E ActivityManager: CPU usage from 142942ms to 142942ms ago (1970-01-01 05:30:00.000 to 1970-01-01 05:30:00.000) with 0% awake:
12-24 21:26:33.307   919  3489 E ActivityManager: 0% TOTAL: 0% user + 0% kernel
12-24 21:26:43.276   919  1198 E AppOps  : attributionTag VCN not declared in manifest of android
12-24 21:26:43.277   919  1198 E AppOps  : attributionTag VCN not declared in manifest of android
12-24 21:26:49.871   919  1789 E AppOps  : Bad call made by uid 1000. Package "com.google.android.googlequicksearchbox" does not belong to uid 1000.
12-24 21:26:49.891   919  1198 E AppOps  : attributionTag VCN not declared in manifest of android
12-24 21:26:53.242   919  1198 E AppOps  : attributionTag VCN not declared in manifest of android
12-24 21:27:03.654  3996  4074 E ActivityThread: Failed to find provider info for androidx.car.app.connection
12-24 21:27:17.969   919  1198 E AppOps  : attributionTag VCN not declared in manifest of android
12-24 21:27:20.024   919  1198 E AppOps  : attributionTag VCN not declared in manifest of android
12-24 21:27:33.345   919  1179 E AppOps  : attributionTag UwbCountryCode not declared in manifest of android
12-24 21:27:33.963   919  4152 E ActivityManager: ANR in com.android.vending
12-24 21:27:33.963   919  4152 E ActivityManager: PID: 4021
12-24 21:27:33.963   919  4152 E ActivityManager: Reason: Process ProcessRecord{b3678da 4021:com.android.vending/u0a145} failed to complete startup
12-24 21:27:33.963   919  4152 E ActivityManager: ErrorId: 509f27ac-087b-4b47-ab50-394b0931ea91
12-24 21:27:33.963   919  4152 E ActivityManager: Frozen: false
12-24 21:27:33.963   919  4152 E ActivityManager: Load: 0.0 / 0.0 / 0.0
12-24 21:27:33.963   919  4152 E ActivityManager: ----- Output from /proc/pressure/memory -----
12-24 21:27:33.963   919  4152 E ActivityManager: some avg10=0.00 avg60=0.00 avg300=0.00 total=16358160
12-24 21:27:33.963   919  4152 E ActivityManager: full avg10=0.00 avg60=0.00 avg300=0.00 total=10213233
12-24 21:27:33.963   919  4152 E ActivityManager: ----- End output from /proc/pressure/memory -----
12-24 21:27:33.963   919  4152 E ActivityManager: ----- Output from /proc/pressure/cpu -----
12-24 21:27:33.963   919  4152 E ActivityManager: some avg10=2.35 avg60=0.42 avg300=0.08 total=75102813
12-24 21:27:33.963   919  4152 E ActivityManager: full avg10=0.00 avg60=0.00 avg300=0.00 total=0
12-24 21:27:33.963   919  4152 E ActivityManager: ----- End output from /proc/pressure/cpu -----
12-24 21:27:33.963   919  4152 E ActivityManager: ----- Output from /proc/pressure/io -----
12-24 21:27:33.963   919  4152 E ActivityManager: some avg10=0.00 avg60=0.00 avg300=0.00 total=29232971
12-24 21:27:33.963   919  4152 E ActivityManager: full avg10=0.00 avg60=0.00 avg300=0.00 total=3958293
12-24 21:27:33.963   919  4152 E ActivityManager: ----- End output from /proc/pressure/io -----
12-24 21:27:33.963   919  4152 E ActivityManager: 
12-24 21:27:33.963   919  4152 E ActivityManager: CPU usage from 76ms to 7728ms later (2025-12-24 21:27:25.819 to 2025-12-24 21:27:33.471):
12-24 21:27:33.963   919  4152 E ActivityManager:   76% 75/kcompactd0: 0% user + 76% kernel
12-24 21:27:33.963   919  4152 E ActivityManager:   100% 919/system_server: 20% user + 79% kernel / faults: 3303 minor 122 major
12-24 21:27:33.963   919  4152 E ActivityManager:   74% 3996/com.google.android.dialer: 33% user + 40% kernel / faults: 4971 minor 16 major
12-24 21:27:33.963   919  4152 E ActivityManager:   45% 2869/com.google.android.apps.messaging: 17% user + 27% kernel / faults: 980 minor 17 major
12-24 21:27:33.963   919  4152 E ActivityManager:   27% 1418/com.android.systemui: 5.8% user + 21% kernel / faults: 1144 minor 79 major
12-24 21:27:33.963   919  4152 E ActivityManager:   32% 2222/com.google.android.gms: 22% user + 9.9% kernel / faults: 960 minor 87 major
12-24 21:27:33.963   919  4152 E ActivityManager:   30% 2199/artd: 2.2% user + 27% kernel / faults: 5596 minor
12-24 21:27:33.963   919  4152 E ActivityManager:   28% 2336/com.google.android.gms.persistent: 11% user + 16% kernel / faults: 1506 minor 43 major
12-24 21:27:33.963   919  4152 E ActivityManager:   24% 4021/com.android.vending: 18% user + 6.2% kernel / faults: 1021 minor 80 major
12-24 21:27:33.963   919  4152 E ActivityManager:   10% 680/adbd: 0% user + 10% kernel / faults: 640 minor
12-24 21:27:33.963   919  4152 E ActivityManager: 98% TOTAL: 20% user + 74% kernel + 1.8% iowait + 1.4% softirq
12-24 21:27:33.963   919  4152 E ActivityManager: CPU usage from 197453ms to 197453ms ago (1970-01-01 05:30:00.000 to 1970-01-01 05:30:00.000) with 0% awake:
12-24 21:27:33.963   919  4152 E ActivityManager: 0% TOTAL: 0% user + 0% kernel
12-24 21:27:36.369   919  2115 E AppOps  : Bad call made by uid 1001. Package "com.android.phone" does not belong to uid 10147.
12-24 21:27:36.416   919  2115 E AppOps  : Cannot getAppOpMode
12-24 21:27:36.416   919  2115 E AppOps  : java.lang.SecurityException: Specified package "com.android.phone" under uid 10147 but it is not
12-24 21:27:36.416   919  2115 E AppOps  : 	at com.android.server.appop.AppOpsService.verifyAndGetBypass(AppOpsService.java:5033)
12-24 21:27:36.416   919  2115 E AppOps  : 	at com.android.server.appop.AppOpsService.verifyAndGetBypass(AppOpsService.java:4894)
12-24 21:27:36.416   919  2115 E AppOps  : 	at com.android.server.appop.AppOpsService.verifyAndGetBypass(AppOpsService.java:4886)
12-24 21:27:36.416   919  2115 E AppOps  : 	at com.android.server.appop.AppOpsService.getAppOpMode(AppOpsService.java:3106)
12-24 21:27:36.416   919  2115 E AppOps  : 	at com.android.server.appop.AppOpsService.checkOperationImpl(AppOpsService.java:3021)
12-24 21:27:36.416   919  2115 E AppOps  : 	at com.android.server.appop.AppOpsService.-$$Nest$mcheckOperationImpl(AppOpsService.java:0)
12-24 21:27:36.416   919  2115 E AppOps  : 	at com.android.server.appop.AppOpsService$CheckOpsDelegateDispatcher.$r8$lambda$p7Z0eGBUU1-Gt7vHG9S-93UhGlY(AppOpsService.java:0)
12-24 21:27:36.416   919  2115 E AppOps  : 	at com.android.server.appop.AppOpsService$CheckOpsDelegateDispatcher$$ExternalSyntheticLambda9.apply(R8$$SyntheticClass:0)
12-24 21:27:36.416   919  2115 E AppOps  : 	at com.android.server.policy.AppOpsPolicy.checkOperation(AppOpsPolicy.java:237)
12-24 21:27:36.416   919  2115 E AppOps  : 	at com.android.server.appop.AppOpsService$CheckOpsDelegateDispatcher.checkOperation(AppOpsService.java:7870)
12-24 21:27:36.416   919  2115 E AppOps  : 	at com.android.server.appop.AppOpsService.checkOperationRawForDevice(AppOpsService.java:2961)
12-24 21:27:36.416   919  2115 E AppOps  : 	at com.android.internal.app.IAppOpsService$Stub.onTransact(IAppOpsService.java:1300)
12-24 21:27:36.416   919  2115 E AppOps  : 	at android.os.Binder.execTransactInternal(Binder.java:1473)
12-24 21:27:36.416   919  2115 E AppOps  : 	at android.os.Binder.execTransact(Binder.java:1418)
12-24 21:27:36.417   919  2101 E AppOps  : Bad call made by uid 1001. Package "com.android.phone" does not belong to uid 10147.
12-24 21:27:36.425   919  2101 E AppOps  : Cannot noteOperation
12-24 21:27:36.425   919  2101 E AppOps  : java.lang.SecurityException: Specified package "com.android.phone" under uid 10147 but it is not
12-24 21:27:36.425   919  2101 E AppOps  : 	at com.android.server.appop.AppOpsService.verifyAndGetBypass(AppOpsService.java:5033)
12-24 21:27:36.425   919  2101 E AppOps  : 	at com.android.server.appop.AppOpsService.verifyAndGetBypass(AppOpsService.java:4894)
12-24 21:27:36.425   919  2101 E AppOps  : 	at com.android.server.appop.AppOpsService.noteOperationUnchecked(AppOpsService.java:3409)
12-24 21:27:36.425   919  2101 E AppOps  : 	at com.android.server.appop.AppOpsService.noteOperationImpl(AppOpsService.java:3396)
12-24 21:27:36.425   919  2101 E AppOps  : 	at com.android.server.appop.AppOpsService.-$$Nest$mnoteOperationImpl(AppOpsService.java:0)
12-24 21:27:36.425   919  2101 E AppOps  : 	at com.android.server.appop.AppOpsService$CheckOpsDelegateDispatcher.$r8$lambda$eTKLGbByFLiOzK62QHhpSvtx4do(AppOpsService.java:0)
12-24 21:27:36.425   919  2101 E AppOps  : 	at com.android.server.appop.AppOpsService$CheckOpsDelegateDispatcher$$ExternalSyntheticLambda5.apply(R8$$SyntheticClass:0)
12-24 21:27:36.425   919  2101 E AppOps  : 	at com.android.server.policy.AppOpsPolicy.noteOperation(AppOpsPolicy.java:254)
12-24 21:27:36.425   919  2101 E AppOps  : 	at com.android.server.appop.AppOpsService$CheckOpsDelegateDispatcher.noteOperation(AppOpsService.java:7918)
12-24 21:27:36.425   919  2101 E AppOps  : 	at com.android.server.appop.AppOpsService.noteOperation(AppOpsService.java:3343)
12-24 21:27:36.425   919  2101 E AppOps  : 	at com.android.internal.app.IAppOpsService$Stub.onTransact(IAppOpsService.java:585)
12-24 21:27:36.425   919  2101 E AppOps  : 	at android.os.Binder.execTransactInternal(Binder.java:1473)
12-24 21:27:36.425   919  2101 E AppOps  : 	at android.os.Binder.execTransact(Binder.java:1418)
12-24 21:27:39.493   919  1198 E AppOps  : attributionTag VCN not declared in manifest of android
12-24 21:27:41.153   919  1198 E AppOps  : attributionTag VCN not declared in manifest of android
12-24 21:27:41.637   594   621 E NetlinkEvent: NetlinkEvent::FindParam(): Parameter 'INTERFACE' not found
12-24 21:27:41.638   594   621 E NetlinkEvent: NetlinkEvent::FindParam(): Parameter 'STATE' not found
12-24 21:27:41.638   594   621 E NetlinkEvent: NetlinkEvent::FindParam(): Parameter 'TIME_NS' not found
12-24 21:27:41.638   594   621 E NetlinkEvent: NetlinkEvent::FindParam(): Parameter 'UID' not found
12-24 21:27:45.132   919  1198 E AppOps  : attributionTag VCN not declared in manifest of android
12-24 21:27:45.671   919  2414 E AppOps  : attributionTag VCN not declared in manifest of android
12-24 21:27:48.868   594   621 E NetlinkEvent: NetlinkEvent::FindParam(): Parameter 'INTERFACE' not found
12-24 21:27:48.868   594   621 E NetlinkEvent: NetlinkEvent::FindParam(): Parameter 'STATE' not found
12-24 21:27:48.868   594   621 E NetlinkEvent: NetlinkEvent::FindParam(): Parameter 'TIME_NS' not found
12-24 21:27:48.868   594   621 E NetlinkEvent: NetlinkEvent::FindParam(): Parameter 'UID' not found
12-24 21:27:55.049   919  1603 E AppOps  : Bad call made by uid 1000. Package "com.google.android.googlequicksearchbox" does not belong to uid 1000.
12-24 21:28:12.317   919   950 E SystemServiceRegistry: Manager wrapper not available: persistent_data_block
12-24 21:28:13.202   919  1198 E AppOps  : attributionTag VCN not declared in manifest of android
12-24 21:28:17.393   919  2414 E AppOps  : Bad call made by uid 1000. Package "com.google.android.googlequicksearchbox" does not belong to uid 1000.
12-24 21:28:22.383  5125  5125 E TransactionExecutor: Failed to execute the transaction: tId:61264302 ClientTransaction{
12-24 21:28:22.383  5125  5125 E TransactionExecutor: tId:61264302   transactionItems=[
12-24 21:28:22.383  5125  5125 E TransactionExecutor: tId:61264302     LaunchActivityItem{activityToken=android.os.BinderProxy@566c899,intent=Intent { act=android.intent.action.MAIN cat=[android.intent.category.LAUNCHER] flg=0x10200000 cmp=com.kingdomconnect.mobile/.MainActivity },ident=199020344,info=ActivityInfo{fc0385b com.kingdomconnect.mobile.MainActivity},curConfig={1.0 310mcc260mnc [en_US] ldltr sw411dp w411dp h866dp 420dpi nrml long compactNeeded port finger qwerty/v/v dpad/v winConfig={ mBounds=Rect(0, 0 - 1080, 2400) mAppBounds=Rect(0, 0 - 1080, 2337) mMaxBounds=Rect(0, 0 - 1080, 2400) mDisplayRotation=ROTATION_0 mWindowingMode=fullscreen mActivityType=undefined mAlwaysOnTop=undefined mRotation=ROTATION_0} s.45 fontWeightAdjustment=0},overrideConfig={1.0 310mcc260mnc [en_US] ldltr sw411dp w411dp h866dp 420dpi nrml long compactNeeded port finger qwerty/v/v dpad/v winConfig={ mBounds=Rect(0, 0 - 1080, 2400) mAppBounds=Rect(0, 0 - 1080, 2337) mMaxBounds=Rect(0, 0 - 1080, 2400) mDisplayRotation=ROTATION_0 mWindowingMode=fullscreen mActivityType=standard mAlwaysOnTop=undefined mRotation=ROTATION_0} s.2 fontWeightAdjustment=0},deviceId=0,referrer=com.android.shell,procState=2,state=null,persistentState=null,pendingResults=null,pendingNewIntents=null,sceneTransitionInfo=null,profilerInfo=null,assistToken=android.os.BinderProxy@6b5580c,shareableActivityToken=android.os.BinderProxy@1525555,activityWindowInfo=ActivityWindowInfo{isEmbedded=false, taskBounds=Rect(0, 0 - 1080, 2400), taskFragmentBounds=Rect(0, 0 - 1080, 2400)},displayId=0}
12-24 21:28:22.383  5125  5125 E TransactionExecutor: tId:61264302     ResumeActivityItem{mActivityToken=android.os.BinderProxy@566c899,procState=-1,isForward=true,shouldSendCompatFakeFocus=false}
12-24 21:28:22.383  5125  5125 E TransactionExecutor: tId:61264302     Target activity: Not found for token: android.os.BinderProxy@566c899
12-24 21:28:22.383  5125  5125 E TransactionExecutor: tId:61264302   ]
12-24 21:28:22.383  5125  5125 E TransactionExecutor: tId:61264302 }
--------- beginning of crash
12-24 21:28:22.402  5125  5125 E AndroidRuntime: FATAL EXCEPTION: main
12-24 21:28:22.402  5125  5125 E AndroidRuntime: Process: com.kingdomconnect.mobile, PID: 5125
12-24 21:28:22.402  5125  5125 E AndroidRuntime: java.lang.RuntimeException: Unable to instantiate activity ComponentInfo{com.kingdomconnect.mobile/com.kingdomconnect.mobile.MainActivity}
12-24 21:28:22.402  5125  5125 E AndroidRuntime: 	at android.app.ActivityThread.performLaunchActivity(ActivityThread.java:4403)
12-24 21:28:22.402  5125  5125 E AndroidRuntime: 	at android.app.ActivityThread.handleLaunchActivity(ActivityThread.java:4699)
12-24 21:28:22.402  5125  5125 E AndroidRuntime: 	at android.app.servertransaction.LaunchActivityItem.execute(LaunchActivityItem.java:224)
12-24 21:28:22.402  5125  5125 E AndroidRuntime: 	at android.app.servertransaction.TransactionExecutor.executeNonLifecycleItem(TransactionExecutor.java:133)
12-24 21:28:22.402  5125  5125 E AndroidRuntime: 	at android.app.servertransaction.TransactionExecutor.executeTransactionItems(TransactionExecutor.java:103)
12-24 21:28:22.402  5125  5125 E AndroidRuntime: 	at android.app.servertransaction.TransactionExecutor.execute(TransactionExecutor.java:80)
12-24 21:28:22.402  5125  5125 E AndroidRuntime: 	at android.app.ActivityThread$H.handleMessage(ActivityThread.java:2961)
12-24 21:28:22.402  5125  5125 E AndroidRuntime: 	at android.os.Handler.dispatchMessage(Handler.java:132)
12-24 21:28:22.402  5125  5125 E AndroidRuntime: 	at android.os.Looper.dispatchMessage(Looper.java:333)
12-24 21:28:22.402  5125  5125 E AndroidRuntime: 	at android.os.Looper.loopOnce(Looper.java:263)
12-24 21:28:22.402  5125  5125 E AndroidRuntime: 	at android.os.Looper.loop(Looper.java:367)
12-24 21:28:22.402  5125  5125 E AndroidRuntime: 	at android.app.ActivityThread.main(ActivityThread.java:9282)
12-24 21:28:22.402  5125  5125 E AndroidRuntime: 	at java.lang.reflect.Method.invoke(Native Method)
12-24 21:28:22.402  5125  5125 E AndroidRuntime: 	at com.android.internal.os.RuntimeInit$MethodAndArgsCaller.run(RuntimeInit.java:566)
12-24 21:28:22.402  5125  5125 E AndroidRuntime: 	at com.android.internal.os.ZygoteInit.main(ZygoteInit.java:929)
12-24 21:28:22.402  5125  5125 E AndroidRuntime: Caused by: java.lang.ClassNotFoundException: Didn't find class "com.kingdomconnect.mobile.MainActivity" on path: DexPathList[[zip file "/data/app/~~xIULY6ttGb8Bd9JXGs5xKg==/com.kingdomconnect.mobile-jKgWgSThaYz2pXy2Zb23qg==/base.apk"],nativeLibraryDirectories=[/data/app/~~xIULY6ttGb8Bd9JXGs5xKg==/com.kingdomconnect.mobile-jKgWgSThaYz2pXy2Zb23qg==/lib/x86_64, /system/lib64, /system_ext/lib64]]
12-24 21:28:22.402  5125  5125 E AndroidRuntime: 	at dalvik.system.BaseDexClassLoader.findClass(BaseDexClassLoader.java:259)
12-24 21:28:22.402  5125  5125 E AndroidRuntime: 	at java.lang.ClassLoader.loadClass(ClassLoader.java:642)
12-24 21:28:22.402  5125  5125 E AndroidRuntime: 	at java.lang.ClassLoader.loadClass(ClassLoader.java:578)
12-24 21:28:22.402  5125  5125 E AndroidRuntime: 	at android.app.AppComponentFactory.instantiateActivity(AppComponentFactory.java:97)
12-24 21:28:22.402  5125  5125 E AndroidRuntime: 	at androidx.core.app.CoreComponentFactory.instantiateActivity(CoreComponentFactory.java:45)
12-24 21:28:22.402  5125  5125 E AndroidRuntime: 	at android.app.Instrumentation.newActivity(Instrumentation.java:1458)
12-24 21:28:22.402  5125  5125 E AndroidRuntime: 	at android.app.ActivityThread.performLaunchActivity(ActivityThread.java:4392)
12-24 21:28:22.402  5125  5125 E AndroidRuntime: 	... 14 more
12-24 21:28:22.427   919  1948 E TaskPersister: File error accessing recents directory (directory doesn't exist?).
12-24 21:28:26.989   919  1948 E TaskPersister: File error accessing recents directory (directory doesn't exist?).
12-24 21:28:32.220  5250  5276 E ActivityThread: Failed to find provider info for androidx.car.app.connection
12-24 21:29:24.949   919   919 E JobServiceContext: Binding died for 0:com.google.android.settings.intelligence
12-24 21:29:52.676   919  1456 E SettingsToPropertiesMapper: key=persist.device_config.storage_native_boot.transcode_compat_manifest value=com.yelp.android,0,com.yy.biu,0,com.groupme.android,0,air.tv.douyu.android,0,com.baidu.mbaby,0,com.vlocker.locker,0,com.znxh.hyhuo,0,com.yixia.xiaokaxiu,0 exceeds system property max length.
12-24 21:29:54.125   919  5399 E SettingsToPropertiesMapper: key=persist.device_config.configuration.AdbWritableFlags__adb_writable_flags_list value=adservices/disable_sdk_sandbox,adservices/enforce_broadcast_receiver_restrictions,adservices/fledge_ad_selection_enforce_foreground_status_custom_audience,adservices/fledge_custom_audience_max_count,adservices/fledge_custom_audience_max_num_ads,adservices/fledge_custom_audience_max_owner_count,adservices/fledge_custom_audience_per_app_max_count,adservices/fledge_js_isolate_enforce_max_heap_size,adservices/fledge_js_isolate_max_heap_size_bytes,adservices/sdk_request_permits_per_second,adservices/sdksandbox_customized_sdk_context_enabled,configuration/namespace_to_package_mapping,constrain_display_apis/always_constrain_display_apis,constrain_display_apis/never_constrain_display_apis,constrain_display_apis/never_constrain_display_apis_all_packages,device_policy_manager/disable_resources_updatability,flipendo/default_savings_mode_launch,flipendo/essential_apps,flipendo/flipendo_enabled_launch,flipendo/grayscale_enabled_launch,flipendo/lever_ble_scanning_enabled_launch,flipendo/lever_hotspot_enabled_launch,flipendo/lever_work_profile_enabled_launch,flipendo/resuspend_delay_minutes,namespace/key,namespace1/key1,namespace1/key2,namespace2/key1,namespace2/key2,package_manager_service/incfs_default_timeouts,package_manager_service/known_digesters_list,privacy/location_access_check_periodic_interval_millis,rollback/enable_rollback_timeout,rollback/watchdog_explicit_health_check_enabled,rollback/watchdog_request_timeout_millis,rollback/watchdog_trigger_failure_count,rollback/watchdog_trigger_failure_duration_millis,rollback_boot/rollback_lifetime_in_millis,systemui/nas_generate_actions,systemui/nas_generate_replies,systemui/nas_max_messages_to_extract,systemui/nas_max_suggestions,testspace/another,testspace/flagname,textclassifier/config_updater_model_enabled,textclassifier/key,textclassifier/key2,textclassifier/manifest_url_annotator_en,textclassifier/manifest_url_annotator_ru,textclassifier/model_download_backoff_delay_in_millis,textclassifier/model_download_manager_enabled,textclassifier/multi_language_support_enabled,textclassifier/testing_locale_list_override,textclassifier/textclassifier_service_package_override,window_manager/enable_default_rescind_bal_privileges_from_pending_intent_sender,wrong/nas_generate_replies, exceeds system property max length.
12-24 21:30:04.792   919   919 E DeviceConfig: Parsing int failed for location_mode
12-24 21:30:31.934   919   994 E BluetoothPowerStatsCollector: Cannot acquire BluetoothActivityEnergyInfo
12-24 21:30:31.934   919   994 E BluetoothPowerStatsCollector: java.util.concurrent.ExecutionException: java.lang.RuntimeException: error: 11
12-24 21:30:31.934   919   994 E BluetoothPowerStatsCollector: 	at java.util.concurrent.CompletableFuture.reportGet(CompletableFuture.java:372)
12-24 21:30:31.934   919   994 E BluetoothPowerStatsCollector: 	at java.util.concurrent.CompletableFuture.get(CompletableFuture.java:2072)
12-24 21:30:31.934   919   994 E BluetoothPowerStatsCollector: 	at com.android.server.power.stats.BluetoothPowerStatsCollector.collectBluetoothActivityInfo(BluetoothPowerStatsCollector.java:191)
12-24 21:30:31.934   919   994 E BluetoothPowerStatsCollector: 	at com.android.server.power.stats.BluetoothPowerStatsCollector.collectStats(BluetoothPowerStatsCollector.java:155)
12-24 21:30:31.934   919   994 E BluetoothPowerStatsCollector: 	at com.android.server.power.stats.PowerStatsCollector.collectAndDeliverStats(PowerStatsCollector.java:196)
12-24 21:30:31.934   919   994 E BluetoothPowerStatsCollector: 	at com.android.server.power.stats.PowerStatsCollector.lambda$schedule$0(PowerStatsCollector.java:166)
12-24 21:30:31.934   919   994 E BluetoothPowerStatsCollector: 	at com.android.server.power.stats.PowerStatsCollector.$r8$lambda$G7G_yFY7rV7oxQbQHnZ5FHX8eBk(PowerStatsCollector.java:0)
12-24 21:30:31.934   919   994 E BluetoothPowerStatsCollector: 	at com.android.server.power.stats.PowerStatsCollector$$ExternalSyntheticLambda1.run(R8$$SyntheticClass:0)
12-24 21:30:31.934   919   994 E BluetoothPowerStatsCollector: 	at android.os.Handler.handleCallback(Handler.java:1070)
12-24 21:30:31.934   919   994 E BluetoothPowerStatsCollector: 	at android.os.Handler.dispatchMessage(Handler.java:125)
12-24 21:30:31.934   919   994 E BluetoothPowerStatsCollector: 	at android.os.Looper.dispatchMessage(Looper.java:333)
12-24 21:30:31.934   919   994 E BluetoothPowerStatsCollector: 	at android.os.Looper.loopOnce(Looper.java:263)
12-24 21:30:31.934   919   994 E BluetoothPowerStatsCollector: 	at android.os.Looper.loop(Looper.java:367)
12-24 21:30:31.934   919   994 E BluetoothPowerStatsCollector: 	at android.os.HandlerThread.run(HandlerThread.java:139)
12-24 21:30:31.934   919   994 E BluetoothPowerStatsCollector: Caused by: java.lang.RuntimeException: error: 11
12-24 21:30:31.934   919   994 E BluetoothPowerStatsCollector: 	at com.android.server.power.stats.BluetoothPowerStatsCollector$1.onBluetoothActivityEnergyInfoError(BluetoothPowerStatsCollector.java:180)
12-24 21:30:31.934   919   994 E BluetoothPowerStatsCollector: 	at android.bluetooth.BluetoothAdapter$OnBluetoothActivityEnergyInfoProxy.lambda$onBluetoothActivityEnergyInfoAvailable$0(BluetoothAdapter.java:1010)
