12-24 21:33:56.897   919  1010 E GFXSTREAM: [egl.cpp(2130)] eglQueryContext 32c0  EGL_BAD_ATTRIBUTE
12-24 21:33:56.897   919  1010 E GFXSTREAM: [egl.cpp(2131)] tid 1010: error 0x3004 (EGL_BAD_ATTRIBUTE)
12-24 21:33:57.803   919  1010 E Surface : [ColorFade#3(BLAST Consumer)3](id:39700000009) clearBuffersForDisconnectLocked: 1 buffers were freed while being dequeued!
12-24 21:33:57.803   919  1010 E Surface : [ColorFade#3(BLAST Consumer)3-DISCONNECTED](id:0) Surface::cancelBuffer given a leaked buffer! Deleting extra held reference.
12-24 21:33:57.806   919  1010 E libEGL  : call to OpenGL ES API with no current context (logged once per thread)
12-24 21:33:57.976   312   316 E android.system.suspend-service: error writing zygote_kwl to /sys/power/wake_unlock: Invalid argument
12-24 21:33:57.994  1418  1528 E ServiceManager: error in isDeclared
12-24 21:33:57.994  1418  1528 E ServiceManager: java.lang.SecurityException: SELinux denied for service.
12-24 21:33:57.994  1418  1528 E ServiceManager: 	at android.os.Parcel.createExceptionOrNull(Parcel.java:3373)
12-24 21:33:57.994  1418  1528 E ServiceManager: 	at android.os.Parcel.createException(Parcel.java:3357)
12-24 21:33:57.994  1418  1528 E ServiceManager: 	at android.os.Parcel.readException(Parcel.java:3340)
12-24 21:33:57.994  1418  1528 E ServiceManager: 	at android.os.Parcel.readException(Parcel.java:3282)
12-24 21:33:57.994  1418  1528 E ServiceManager: 	at android.os.IServiceManager$Stub$Proxy.isDeclared(IServiceManager.java:689)
12-24 21:33:57.994  1418  1528 E ServiceManager: 	at android.os.ServiceManagerProxy.isDeclared(ServiceManagerNative.java:104)
12-24 21:33:57.994  1418  1528 E ServiceManager: 	at android.os.ServiceManager.isDeclared(ServiceManager.java:297)
12-24 21:33:57.994  1418  1528 E ServiceManager: 	at android.os.ServiceManager.waitForDeclaredService(ServiceManager.java:353)
12-24 21:33:57.994  1418  1528 E ServiceManager: 	at com.google.android.systemui.googlebattery.GoogleBatteryManager.initHalInterface(go/retraceme 697e1bf07aef4913233d92061dbc421946b7e03b6ddb8ffefa6f27b51f8e65cb:17)
12-24 21:33:57.994  1418  1528 E ServiceManager: 	at com.google.android.systemui.power.batteryevent.repository.SystemEventDataSource$processIntent$2.invokeSuspend(go/retraceme 697e1bf07aef4913233d92061dbc421946b7e03b6ddb8ffefa6f27b51f8e65cb:149)
12-24 21:33:57.994  1418  1528 E ServiceManager: 	at kotlin.coroutines.jvm.internal.BaseContinuationImpl.resumeWith(go/retraceme 697e1bf07aef4913233d92061dbc421946b7e03b6ddb8ffefa6f27b51f8e65cb:8)
12-24 21:33:57.994  1418  1528 E ServiceManager: 	at kotlinx.coroutines.DispatchedTask.run(go/retraceme 697e1bf07aef4913233d92061dbc421946b7e03b6ddb8ffefa6f27b51f8e65cb:110)
12-24 21:33:57.994  1418  1528 E ServiceManager: 	at java.util.concurrent.Executors$RunnableAdapter.call(Executors.java:520)
12-24 21:33:57.994  1418  1528 E ServiceManager: 	at java.util.concurrent.FutureTask.run(FutureTask.java:317)
12-24 21:33:57.994  1418  1528 E ServiceManager: 	at java.util.concurrent.ScheduledThreadPoolExecutor$ScheduledFutureTask.run(ScheduledThreadPoolExecutor.java:348)
12-24 21:33:57.994  1418  1528 E ServiceManager: 	at java.util.concurrent.ThreadPoolExecutor.runWorker(ThreadPoolExecutor.java:1154)
12-24 21:33:57.994  1418  1528 E ServiceManager: 	at java.util.concurrent.ThreadPoolExecutor$Worker.run(ThreadPoolExecutor.java:652)
12-24 21:33:57.994  1418  1528 E ServiceManager: 	at java.lang.Thread.run(Thread.java:1563)
12-24 21:33:58.403  3186  3439 E ScannerMap: Context not found for ID 1
12-24 21:33:58.406  3186  3439 E ScanController: Advertise app or callback is null
12-24 21:34:00.070  1418  1517 E ServiceManager: error in isDeclared
12-24 21:34:00.070  1418  1517 E ServiceManager: java.lang.SecurityException: SELinux denied for service.
12-24 21:34:00.070  1418  1517 E ServiceManager: 	at android.os.Parcel.createExceptionOrNull(Parcel.java:3373)
12-24 21:34:00.070  1418  1517 E ServiceManager: 	at android.os.Parcel.createException(Parcel.java:3357)
12-24 21:34:00.070  1418  1517 E ServiceManager: 	at android.os.Parcel.readException(Parcel.java:3340)
12-24 21:34:00.070  1418  1517 E ServiceManager: 	at android.os.Parcel.readException(Parcel.java:3282)
12-24 21:34:00.070  1418  1517 E ServiceManager: 	at android.os.IServiceManager$Stub$Proxy.isDeclared(IServiceManager.java:689)
12-24 21:34:00.070  1418  1517 E ServiceManager: 	at android.os.ServiceManagerProxy.isDeclared(ServiceManagerNative.java:104)
12-24 21:34:00.070  1418  1517 E ServiceManager: 	at android.os.ServiceManager.isDeclared(ServiceManager.java:297)
12-24 21:34:00.070  1418  1517 E ServiceManager: 	at android.os.ServiceManager.waitForDeclaredService(ServiceManager.java:353)
12-24 21:34:00.070  1418  1517 E ServiceManager: 	at com.google.android.systemui.googlebattery.GoogleBatteryManager.initHalInterface(go/retraceme 697e1bf07aef4913233d92061dbc421946b7e03b6ddb8ffefa6f27b51f8e65cb:17)
12-24 21:34:00.070  1418  1517 E ServiceManager: 	at com.google.android.systemui.power.batteryevent.repository.SystemEventDataSource$processIntent$2.invokeSuspend(go/retraceme 697e1bf07aef4913233d92061dbc421946b7e03b6ddb8ffefa6f27b51f8e65cb:149)
12-24 21:34:00.070  1418  1517 E ServiceManager: 	at kotlin.coroutines.jvm.internal.BaseContinuationImpl.resumeWith(go/retraceme 697e1bf07aef4913233d92061dbc421946b7e03b6ddb8ffefa6f27b51f8e65cb:8)
12-24 21:34:00.070  1418  1517 E ServiceManager: 	at kotlinx.coroutines.DispatchedTask.run(go/retraceme 697e1bf07aef4913233d92061dbc421946b7e03b6ddb8ffefa6f27b51f8e65cb:110)
12-24 21:34:00.070  1418  1517 E ServiceManager: 	at java.util.concurrent.Executors$RunnableAdapter.call(Executors.java:520)
12-24 21:34:00.070  1418  1517 E ServiceManager: 	at java.util.concurrent.FutureTask.run(FutureTask.java:317)
12-24 21:34:00.070  1418  1517 E ServiceManager: 	at java.util.concurrent.ScheduledThreadPoolExecutor$ScheduledFutureTask.run(ScheduledThreadPoolExecutor.java:348)
12-24 21:34:00.070  1418  1517 E ServiceManager: 	at java.util.concurrent.ThreadPoolExecutor.runWorker(ThreadPoolExecutor.java:1154)
12-24 21:34:00.070  1418  1517 E ServiceManager: 	at java.util.concurrent.ThreadPoolExecutor$Worker.run(ThreadPoolExecutor.java:652)
12-24 21:34:00.070  1418  1517 E ServiceManager: 	at java.lang.Thread.run(Thread.java:1563)
12-24 21:34:08.900  1885  3039 E eeon    : Duplicate trace
12-24 21:34:08.900  1885  3039 E eeon    : eeke: Starting new trace newSession when already associated with a trace: : <missing root>. For more help, see http://go/tiktok-tracing#fixing-duplicate-trace-issues
12-24 21:34:08.900  1885  3039 E eeon    : 	at eeot.c(PG:45)
12-24 21:34:08.900  1885  3039 E eeon    : 	at eeot.d(PG:7)
12-24 21:34:08.900  1885  3039 E eeon    : 	at eeob.d(PG:18)
12-24 21:34:08.900  1885  3039 E eeon    : 	at eeob.b(PG:4)
12-24 21:34:08.900  1885  3039 E eeon    : 	at dfkv.c(PG:96)
12-24 21:34:08.900  1885  3039 E eeon    : 	at rsq.b(PG:158)
12-24 21:34:08.900  1885  3039 E eeon    : 	at rsq.a(PG:13)
12-24 21:34:08.900  1885  3039 E eeon    : 	at fdhh.h(PG:33)
12-24 21:34:08.900  1885  3039 E eeon    : 	at fdhh.N(PG:23)
12-24 21:34:08.900  1885  3039 E eeon    : 	at fdhh.P(PG:12)
12-24 21:34:08.900  1885  3039 E eeon    : 	at dfki.a(PG:100)
12-24 21:34:08.900  1885  3039 E eeon    : 	at dfki.onTransact(PG:50)
12-24 21:34:08.900  1885  3039 E eeon    : 	at android.os.Binder.execTransactInternal(Binder.java:1478)
12-24 21:34:08.900  1885  3039 E eeon    : 	at android.os.Binder.execTransact(Binder.java:1418)
12-24 21:34:08.900  1885  3039 E eeon    : 	Suppressed: eeqc: 
12-24 21:34:08.900  1885  3039 E eeon    : 		at tk_trace.<missing root>(Unknown Source:0)
12-24 21:34:08.900  1885  3039 E eeon    : 		at tk_trace.Missing root trace(Unknown Source:0)
12-24 21:34:08.900  1885  3039 E eeon    : Caused by: eekg
12-24 21:34:10.256   608   608 E android.hardware.audio@7.1-impl.ranchu: updateSinkMetadata:387 failure: Result::NOT_SUPPORTED
12-24 21:34:10.996   608  6125 E android.hardware.audio@7.1-impl.ranchu: pcmRead:222 failure: -1
12-24 21:34:11.099   608  6125 E android.hardware.audio@7.1-impl.ranchu: pcmRead:222 failure: -1
12-24 21:34:11.193  6101  6136 E ashmem  : Pinning is deprecated since Android Q. Please use trim or other methods.
12-24 21:34:11.202   608  6125 E android.hardware.audio@7.1-impl.ranchu: pcmRead:222 failure: -1
12-24 21:34:11.306   608  6125 E android.hardware.audio@7.1-impl.ranchu: pcmRead:222 failure: -1
12-24 21:34:11.411   608  6125 E android.hardware.audio@7.1-impl.ranchu: pcmRead:222 failure: -1
12-24 21:34:11.520   608  6125 E android.hardware.audio@7.1-impl.ranchu: pcmRead:222 failure: -1
12-24 21:34:11.631   608  6125 E android.hardware.audio@7.1-impl.ranchu: pcmRead:222 failure: -1
12-24 21:34:11.767   608  6125 E android.hardware.audio@7.1-impl.ranchu: pcmRead:222 failure: -1
12-24 21:34:11.880   608  6125 E android.hardware.audio@7.1-impl.ranchu: pcmRead:222 failure: -1
12-24 21:34:12.156   608  6125 E android.hardware.audio@7.1-impl.ranchu: pcmRead:222 failure: -1
12-24 21:34:12.258   608  6125 E android.hardware.audio@7.1-impl.ranchu: pcmRead:222 failure: -1
12-24 21:34:12.457   608  6125 E android.hardware.audio@7.1-impl.ranchu: pcmRead:222 failure: -1
12-24 21:34:12.565   608  6125 E android.hardware.audio@7.1-impl.ranchu: pcmRead:222 failure: -1
12-24 21:34:12.670   608  6125 E android.hardware.audio@7.1-impl.ranchu: pcmRead:222 failure: -1
12-24 21:34:12.775   608  6125 E android.hardware.audio@7.1-impl.ranchu: pcmRead:222 failure: -1
12-24 21:34:12.891   608  6125 E android.hardware.audio@7.1-impl.ranchu: pcmRead:222 failure: -1
12-24 21:34:12.998   608  6125 E android.hardware.audio@7.1-impl.ranchu: pcmRead:222 failure: -1
12-24 21:34:13.104   608  6125 E android.hardware.audio@7.1-impl.ranchu: pcmRead:222 failure: -1
12-24 21:34:13.222   608  6125 E android.hardware.audio@7.1-impl.ranchu: pcmRead:222 failure: -1
12-24 21:34:13.339   608  6125 E android.hardware.audio@7.1-impl.ranchu: pcmRead:222 failure: -1
12-24 21:34:13.472   608  6125 E android.hardware.audio@7.1-impl.ranchu: pcmRead:222 failure: -1
12-24 21:34:13.652   608  6125 E android.hardware.audio@7.1-impl.ranchu: pcmRead:222 failure: -1
12-24 21:34:13.992   608  6125 E android.hardware.audio@7.1-impl.ranchu: pcmRead:222 failure: -1
12-24 21:34:14.113   608  6125 E android.hardware.audio@7.1-impl.ranchu: pcmRead:222 failure: -1
12-24 21:34:14.229   608  6125 E android.hardware.audio@7.1-impl.ranchu: pcmRead:222 failure: -1
12-24 21:34:14.396   608  6125 E android.hardware.audio@7.1-impl.ranchu: pcmRead:222 failure: -1
12-24 21:34:14.766   608  6125 E android.hardware.audio@7.1-impl.ranchu: pcmRead:222 failure: -1
12-24 21:34:14.921   608  6125 E android.hardware.audio@7.1-impl.ranchu: pcmRead:222 failure: -1
12-24 21:34:15.065   608  6125 E android.hardware.audio@7.1-impl.ranchu: pcmRead:222 failure: -1
12-24 21:34:15.259   608  6125 E android.hardware.audio@7.1-impl.ranchu: pcmRead:222 failure: -1
12-24 21:34:15.387   608  6125 E android.hardware.audio@7.1-impl.ranchu: pcmRead:222 failure: -1
12-24 21:34:15.498   608  6125 E android.hardware.audio@7.1-impl.ranchu: pcmRead:222 failure: -1
12-24 21:34:15.698   608  6125 E android.hardware.audio@7.1-impl.ranchu: pcmRead:222 failure: -1
12-24 21:34:15.910   608  6125 E android.hardware.audio@7.1-impl.ranchu: pcmRead:222 failure: -1
12-24 21:34:16.198   608  6125 E android.hardware.audio@7.1-impl.ranchu: pcmRead:222 failure: -1
12-24 21:34:16.321   608  6125 E android.hardware.audio@7.1-impl.ranchu: pcmRead:222 failure: -1
12-24 21:34:16.719   608  6125 E android.hardware.audio@7.1-impl.ranchu: pcmRead:222 failure: -1
12-24 21:34:17.118   608  6125 E android.hardware.audio@7.1-impl.ranchu: pcmRead:222 failure: -1
12-24 21:34:17.199   608  6125 E android.hardware.audio@7.1-impl.ranchu: pcmRead:222 failure: -1
12-24 21:34:18.064   608  6125 E android.hardware.audio@7.1-impl.ranchu: pcmRead:222 failure: -1
12-24 21:34:18.266   608  6125 E android.hardware.audio@7.1-impl.ranchu: pcmRead:222 failure: -1
12-24 21:34:18.519   608  6125 E android.hardware.audio@7.1-impl.ranchu: pcmRead:222 failure: -1
12-24 21:34:18.789   608  6125 E android.hardware.audio@7.1-impl.ranchu: pcmRead:222 failure: -1
12-24 21:34:18.982   608  6125 E android.hardware.audio@7.1-impl.ranchu: pcmRead:222 failure: -1
12-24 21:34:19.143   608  6125 E android.hardware.audio@7.1-impl.ranchu: pcmRead:222 failure: -1
12-24 21:34:19.298   608  6125 E android.hardware.audio@7.1-impl.ranchu: pcmRead:222 failure: -1
12-24 21:34:19.610   608  6125 E android.hardware.audio@7.1-impl.ranchu: pcmRead:222 failure: -1
12-24 21:34:20.204   608  6125 E android.hardware.audio@7.1-impl.ranchu: pcmRead:222 failure: -1
12-24 21:34:20.347   608  6125 E android.hardware.audio@7.1-impl.ranchu: pcmRead:222 failure: -1
12-24 21:34:20.472   608  6125 E android.hardware.audio@7.1-impl.ranchu: pcmRead:222 failure: -1
12-24 21:34:20.598   608  6125 E android.hardware.audio@7.1-impl.ranchu: pcmRead:222 failure: -1
12-24 21:34:20.703   608  6125 E android.hardware.audio@7.1-impl.ranchu: pcmRead:222 failure: -1
12-24 21:34:20.993   608  6125 E android.hardware.audio@7.1-impl.ranchu: pcmRead:222 failure: -1
12-24 21:34:21.871   608  6125 E android.hardware.audio@7.1-impl.ranchu: pcmRead:222 failure: -1
12-24 21:34:22.129   608  6125 E android.hardware.audio@7.1-impl.ranchu: pcmRead:222 failure: -1
12-24 21:34:22.252   608  6125 E android.hardware.audio@7.1-impl.ranchu: pcmRead:222 failure: -1
12-24 21:34:22.700   608  6125 E android.hardware.audio@7.1-impl.ranchu: pcmRead:222 failure: -1
12-24 21:34:22.873   608  6125 E android.hardware.audio@7.1-impl.ranchu: pcmRead:222 failure: -1
12-24 21:34:23.008   608  6125 E android.hardware.audio@7.1-impl.ranchu: pcmRead:222 failure: -1
12-24 21:34:23.189   608  6125 E android.hardware.audio@7.1-impl.ranchu: pcmRead:222 failure: -1
12-24 21:34:23.342   608  6125 E android.hardware.audio@7.1-impl.ranchu: pcmRead:222 failure: -1
12-24 21:34:23.525   608  6125 E android.hardware.audio@7.1-impl.ranchu: pcmRead:222 failure: -1
12-24 21:34:23.694   608  6125 E android.hardware.audio@7.1-impl.ranchu: pcmRead:222 failure: -1
12-24 21:34:23.851   608  6125 E android.hardware.audio@7.1-impl.ranchu: pcmRead:222 failure: -1
12-24 21:34:24.003   608  6125 E android.hardware.audio@7.1-impl.ranchu: pcmRead:222 failure: -1
12-24 21:34:24.111   608  6125 E android.hardware.audio@7.1-impl.ranchu: pcmRead:222 failure: -1
12-24 21:34:24.215   608  6125 E android.hardware.audio@7.1-impl.ranchu: pcmRead:222 failure: -1
12-24 21:34:24.320   608  6125 E android.hardware.audio@7.1-impl.ranchu: pcmRead:222 failure: -1
12-24 21:34:24.427   608  6125 E android.hardware.audio@7.1-impl.ranchu: pcmRead:222 failure: -1
12-24 21:34:24.531   608  6125 E android.hardware.audio@7.1-impl.ranchu: pcmRead:222 failure: -1
12-24 21:34:24.635   608  6125 E android.hardware.audio@7.1-impl.ranchu: pcmRead:222 failure: -1
12-24 21:34:24.743   608  6125 E android.hardware.audio@7.1-impl.ranchu: pcmRead:222 failure: -1
12-24 21:34:24.847   608  6125 E android.hardware.audio@7.1-impl.ranchu: pcmRead:222 failure: -1
12-24 21:34:24.955   608  6125 E android.hardware.audio@7.1-impl.ranchu: pcmRead:222 failure: -1
12-24 21:34:25.055   608  6125 E android.hardware.audio@7.1-impl.ranchu: pcmRead:222 failure: -1
12-24 21:34:25.158   608  6125 E android.hardware.audio@7.1-impl.ranchu: pcmRead:222 failure: -1
12-24 21:34:25.263   608  6125 E android.hardware.audio@7.1-impl.ranchu: pcmRead:222 failure: -1
12-24 21:34:25.366   608  6125 E android.hardware.audio@7.1-impl.ranchu: pcmRead:222 failure: -1
12-24 21:34:25.472   608  6125 E android.hardware.audio@7.1-impl.ranchu: pcmRead:222 failure: -1
12-24 21:34:25.575   608  6125 E android.hardware.audio@7.1-impl.ranchu: pcmRead:222 failure: -1
12-24 21:34:25.694   608  6125 E android.hardware.audio@7.1-impl.ranchu: pcmRead:222 failure: -1
12-24 21:34:25.813   608  6125 E android.hardware.audio@7.1-impl.ranchu: pcmRead:222 failure: -1
12-24 21:34:25.926   608  6125 E android.hardware.audio@7.1-impl.ranchu: pcmRead:222 failure: -1
12-24 21:34:26.166   608  6125 E android.hardware.audio@7.1-impl.ranchu: pcmRead:222 failure: -1
12-24 21:34:26.285   608  6125 E android.hardware.audio@7.1-impl.ranchu: pcmRead:222 failure: -1
12-24 21:34:26.382   608  6125 E android.hardware.audio@7.1-impl.ranchu: pcmRead:222 failure: -1
12-24 21:34:26.541   608  6125 E android.hardware.audio@7.1-impl.ranchu: pcmRead:222 failure: -1
12-24 21:34:26.646   608  6125 E android.hardware.audio@7.1-impl.ranchu: pcmRead:222 failure: -1
12-24 21:34:26.781   608  6125 E android.hardware.audio@7.1-impl.ranchu: pcmRead:222 failure: -1
12-24 21:34:26.876   608  6125 E android.hardware.audio@7.1-impl.ranchu: pcmRead:222 failure: -1
12-24 21:34:27.034   608  6125 E android.hardware.audio@7.1-impl.ranchu: pcmRead:222 failure: -1
12-24 21:34:27.170   608  6125 E android.hardware.audio@7.1-impl.ranchu: pcmRead:222 failure: -1
12-24 21:34:27.286   608  6125 E android.hardware.audio@7.1-impl.ranchu: pcmRead:222 failure: -1
12-24 21:34:27.401   608  6125 E android.hardware.audio@7.1-impl.ranchu: pcmRead:222 failure: -1
12-24 21:34:27.509   608  6125 E android.hardware.audio@7.1-impl.ranchu: pcmRead:222 failure: -1
12-24 21:34:27.619   608  6125 E android.hardware.audio@7.1-impl.ranchu: pcmRead:222 failure: -1
12-24 21:34:27.727   608  6125 E android.hardware.audio@7.1-impl.ranchu: pcmRead:222 failure: -1
12-24 21:34:27.856   608  6125 E android.hardware.audio@7.1-impl.ranchu: pcmRead:222 failure: -1
12-24 21:34:27.978   608  6125 E android.hardware.audio@7.1-impl.ranchu: pcmRead:222 failure: -1
12-24 21:34:28.083   608  6125 E android.hardware.audio@7.1-impl.ranchu: pcmRead:222 failure: -1
12-24 21:34:28.200   608  6125 E android.hardware.audio@7.1-impl.ranchu: pcmRead:222 failure: -1
12-24 21:34:28.348   608  6125 E android.hardware.audio@7.1-impl.ranchu: pcmRead:222 failure: -1
12-24 21:34:28.470   608  6125 E android.hardware.audio@7.1-impl.ranchu: pcmRead:222 failure: -1
12-24 21:34:28.607   608  6125 E android.hardware.audio@7.1-impl.ranchu: pcmRead:222 failure: -1
12-24 21:34:28.739   608  6125 E android.hardware.audio@7.1-impl.ranchu: pcmRead:222 failure: -1
12-24 21:34:28.908   608  6125 E android.hardware.audio@7.1-impl.ranchu: pcmRead:222 failure: -1
12-24 21:34:29.032   608  6125 E android.hardware.audio@7.1-impl.ranchu: pcmRead:222 failure: -1
12-24 21:34:29.145   608  6125 E android.hardware.audio@7.1-impl.ranchu: pcmRead:222 failure: -1
12-24 21:34:29.273   608  6125 E android.hardware.audio@7.1-impl.ranchu: pcmRead:222 failure: -1
12-24 21:34:29.400   608  6125 E android.hardware.audio@7.1-impl.ranchu: pcmRead:222 failure: -1
12-24 21:34:29.599   608  6125 E android.hardware.audio@7.1-impl.ranchu: pcmRead:222 failure: -1
12-24 21:34:29.759   608  6125 E android.hardware.audio@7.1-impl.ranchu: pcmRead:222 failure: -1
12-24 21:34:29.978   608  6125 E android.hardware.audio@7.1-impl.ranchu: pcmRead:222 failure: -1
12-24 21:34:30.190   608  6125 E android.hardware.audio@7.1-impl.ranchu: pcmRead:222 failure: -1
12-24 21:34:30.352   608  6125 E android.hardware.audio@7.1-impl.ranchu: pcmRead:222 failure: -1
12-24 21:34:30.492   608  6125 E android.hardware.audio@7.1-impl.ranchu: pcmRead:222 failure: -1
12-24 21:34:30.597   608  6125 E android.hardware.audio@7.1-impl.ranchu: pcmRead:222 failure: -1
12-24 21:34:30.788   608  6125 E android.hardware.audio@7.1-impl.ranchu: pcmRead:222 failure: -1
12-24 21:34:30.954   608  6125 E android.hardware.audio@7.1-impl.ranchu: pcmRead:222 failure: -1
12-24 21:34:31.050   608  6125 E android.hardware.audio@7.1-impl.ranchu: pcmRead:222 failure: -1
12-24 21:34:31.305   608  6125 E android.hardware.audio@7.1-impl.ranchu: pcmRead:222 failure: -1
12-24 21:34:31.425   608  6125 E android.hardware.audio@7.1-impl.ranchu: pcmRead:222 failure: -1
12-24 21:34:31.528   608  6125 E android.hardware.audio@7.1-impl.ranchu: pcmRead:222 failure: -1
12-24 21:34:31.635   608  6125 E android.hardware.audio@7.1-impl.ranchu: pcmRead:222 failure: -1
12-24 21:34:31.788   608  6125 E android.hardware.audio@7.1-impl.ranchu: pcmRead:222 failure: -1
12-24 21:34:31.879   608  6125 E android.hardware.audio@7.1-impl.ranchu: pcmRead:222 failure: -1
12-24 21:34:31.987   608  6125 E android.hardware.audio@7.1-impl.ranchu: pcmRead:222 failure: -1
12-24 21:34:32.052  1885  2543 E aefp    : (REDACTED) Failed to send an EntryEvent %s  due to DEADLINE_EXCEEDED
12-24 21:34:32.052  1885  2543 E aefp    : io.grpc.StatusException: DEADLINE_EXCEEDED: ClientCall started after CallOptions deadline was exceeded -0.003524800 seconds ago. Name resolution delay 0.000000000 seconds.
12-24 21:34:32.052  1885  2543 E aefp    : 	at fbvr.a(PG:17)
12-24 21:34:32.052  1885  2543 E aefp    : 	at eeuh.a(PG:9)
12-24 21:34:32.052  1885  2543 E aefp    : 	at fbmq.h(PG:1)
12-24 21:34:32.052  1885  2543 E aefp    : 	at fbmn.a(PG:28)
12-24 21:34:32.052  1885  2543 E aefp    : 	at fbnf.run(PG:7)
12-24 21:34:32.052  1885  2543 E aefp    : 	at fbtt.run(PG:12)
12-24 21:34:32.052  1885  2543 E aefp    : 	at ckfm.run(PG:5)
12-24 21:34:32.052  1885  2543 E aefp    : 	at elzk.run(PG:44)
12-24 21:34:32.052  1885  2543 E aefp    : 	at ckey.run(PG:83)
12-24 21:34:32.052  1885  2543 E aefp    : 	at java.lang.Thread.run(Thread.java:1563)
12-24 21:34:32.052  1885  2543 E aefp    : 	at ckgq.run(PG:62)
12-24 21:34:32.091   608  6125 E android.hardware.audio@7.1-impl.ranchu: pcmRead:222 failure: -1
12-24 21:34:32.194   608  6125 E android.hardware.audio@7.1-impl.ranchu: pcmRead:222 failure: -1
12-24 21:35:10.423   919  1010 E GFXSTREAM: [egl.cpp(2130)] eglQueryContext 32c0  EGL_BAD_ATTRIBUTE
12-24 21:35:10.424   919  1010 E GFXSTREAM: [egl.cpp(2131)] tid 1010: error 0x3004 (EGL_BAD_ATTRIBUTE)
12-24 21:35:10.958   919  1010 E Surface : [ColorFade#4(BLAST Consumer)4](id:3970000000b) clearBuffersForDisconnectLocked: 1 buffers were freed while being dequeued!
12-24 21:35:10.959   919  1010 E Surface : [ColorFade#4(BLAST Consumer)4-DISCONNECTED](id:0) Surface::cancelBuffer given a leaked buffer! Deleting extra held reference.
12-24 21:35:11.041  1418  1529 E ServiceManager: error in isDeclared
12-24 21:35:11.041  1418  1529 E ServiceManager: java.lang.SecurityException: SELinux denied for service.
12-24 21:35:11.041  1418  1529 E ServiceManager: 	at android.os.Parcel.createExceptionOrNull(Parcel.java:3373)
12-24 21:35:11.041  1418  1529 E ServiceManager: 	at android.os.Parcel.createException(Parcel.java:3357)
12-24 21:35:11.041  1418  1529 E ServiceManager: 	at android.os.Parcel.readException(Parcel.java:3340)
12-24 21:35:11.041  1418  1529 E ServiceManager: 	at android.os.Parcel.readException(Parcel.java:3282)
12-24 21:35:11.041  1418  1529 E ServiceManager: 	at android.os.IServiceManager$Stub$Proxy.isDeclared(IServiceManager.java:689)
12-24 21:35:11.041  1418  1529 E ServiceManager: 	at android.os.ServiceManagerProxy.isDeclared(ServiceManagerNative.java:104)
12-24 21:35:11.041  1418  1529 E ServiceManager: 	at android.os.ServiceManager.isDeclared(ServiceManager.java:297)
12-24 21:35:11.041  1418  1529 E ServiceManager: 	at android.os.ServiceManager.waitForDeclaredService(ServiceManager.java:353)
12-24 21:35:11.041  1418  1529 E ServiceManager: 	at com.google.android.systemui.googlebattery.GoogleBatteryManager.initHalInterface(go/retraceme 697e1bf07aef4913233d92061dbc421946b7e03b6ddb8ffefa6f27b51f8e65cb:17)
12-24 21:35:11.041  1418  1529 E ServiceManager: 	at com.google.android.systemui.power.batteryevent.repository.SystemEventDataSource$processIntent$2.invokeSuspend(go/retraceme 697e1bf07aef4913233d92061dbc421946b7e03b6ddb8ffefa6f27b51f8e65cb:149)
12-24 21:35:11.041  1418  1529 E ServiceManager: 	at kotlin.coroutines.jvm.internal.BaseContinuationImpl.resumeWith(go/retraceme 697e1bf07aef4913233d92061dbc421946b7e03b6ddb8ffefa6f27b51f8e65cb:8)
12-24 21:35:11.041  1418  1529 E ServiceManager: 	at kotlinx.coroutines.DispatchedTask.run(go/retraceme 697e1bf07aef4913233d92061dbc421946b7e03b6ddb8ffefa6f27b51f8e65cb:110)
12-24 21:35:11.041  1418  1529 E ServiceManager: 	at java.util.concurrent.Executors$RunnableAdapter.call(Executors.java:520)
12-24 21:35:11.041  1418  1529 E ServiceManager: 	at java.util.concurrent.FutureTask.run(FutureTask.java:317)
12-24 21:35:11.041  1418  1529 E ServiceManager: 	at java.util.concurrent.ScheduledThreadPoolExecutor$ScheduledFutureTask.run(ScheduledThreadPoolExecutor.java:348)
12-24 21:35:11.041  1418  1529 E ServiceManager: 	at java.util.concurrent.ThreadPoolExecutor.runWorker(ThreadPoolExecutor.java:1154)
12-24 21:35:11.041  1418  1529 E ServiceManager: 	at java.util.concurrent.ThreadPoolExecutor$Worker.run(ThreadPoolExecutor.java:652)
12-24 21:35:11.041  1418  1529 E ServiceManager: 	at java.lang.Thread.run(Thread.java:1563)
12-24 21:35:12.826  1418  1529 E ServiceManager: error in isDeclared
12-24 21:35:12.826  1418  1529 E ServiceManager: java.lang.SecurityException: SELinux denied for service.
12-24 21:35:12.826  1418  1529 E ServiceManager: 	at android.os.Parcel.createExceptionOrNull(Parcel.java:3373)
12-24 21:35:12.826  1418  1529 E ServiceManager: 	at android.os.Parcel.createException(Parcel.java:3357)
12-24 21:35:12.826  1418  1529 E ServiceManager: 	at android.os.Parcel.readException(Parcel.java:3340)
12-24 21:35:12.826  1418  1529 E ServiceManager: 	at android.os.Parcel.readException(Parcel.java:3282)
12-24 21:35:12.826  1418  1529 E ServiceManager: 	at android.os.IServiceManager$Stub$Proxy.isDeclared(IServiceManager.java:689)
12-24 21:35:12.826  1418  1529 E ServiceManager: 	at android.os.ServiceManagerProxy.isDeclared(ServiceManagerNative.java:104)
12-24 21:35:12.826  1418  1529 E ServiceManager: 	at android.os.ServiceManager.isDeclared(ServiceManager.java:297)
12-24 21:35:12.826  1418  1529 E ServiceManager: 	at android.os.ServiceManager.waitForDeclaredService(ServiceManager.java:353)
12-24 21:35:12.826  1418  1529 E ServiceManager: 	at com.google.android.systemui.googlebattery.GoogleBatteryManager.initHalInterface(go/retraceme 697e1bf07aef4913233d92061dbc421946b7e03b6ddb8ffefa6f27b51f8e65cb:17)
12-24 21:35:12.826  1418  1529 E ServiceManager: 	at com.google.android.systemui.power.batteryevent.repository.SystemEventDataSource$processIntent$2.invokeSuspend(go/retraceme 697e1bf07aef4913233d92061dbc421946b7e03b6ddb8ffefa6f27b51f8e65cb:149)
12-24 21:35:12.826  1418  1529 E ServiceManager: 	at kotlin.coroutines.jvm.internal.BaseContinuationImpl.resumeWith(go/retraceme 697e1bf07aef4913233d92061dbc421946b7e03b6ddb8ffefa6f27b51f8e65cb:8)
12-24 21:35:12.826  1418  1529 E ServiceManager: 	at kotlinx.coroutines.DispatchedTask.run(go/retraceme 697e1bf07aef4913233d92061dbc421946b7e03b6ddb8ffefa6f27b51f8e65cb:110)
12-24 21:35:12.826  1418  1529 E ServiceManager: 	at java.util.concurrent.Executors$RunnableAdapter.call(Executors.java:520)
12-24 21:35:12.826  1418  1529 E ServiceManager: 	at java.util.concurrent.FutureTask.run(FutureTask.java:317)
12-24 21:35:12.826  1418  1529 E ServiceManager: 	at java.util.concurrent.ScheduledThreadPoolExecutor$ScheduledFutureTask.run(ScheduledThreadPoolExecutor.java:348)
12-24 21:35:12.826  1418  1529 E ServiceManager: 	at java.util.concurrent.ThreadPoolExecutor.runWorker(ThreadPoolExecutor.java:1154)
12-24 21:35:12.826  1418  1529 E ServiceManager: 	at java.util.concurrent.ThreadPoolExecutor$Worker.run(ThreadPoolExecutor.java:652)
12-24 21:35:12.826  1418  1529 E ServiceManager: 	at java.lang.Thread.run(Thread.java:1563)
12-24 21:35:13.561   608   608 E android.hardware.audio@7.1-impl.ranchu: updateSinkMetadata:387 failure: Result::NOT_SUPPORTED
12-24 21:35:15.155   919  1010 E GFXSTREAM: [egl.cpp(2130)] eglQueryContext 32c0  EGL_BAD_ATTRIBUTE
12-24 21:35:15.155   919  1010 E GFXSTREAM: [egl.cpp(2131)] tid 1010: error 0x3004 (EGL_BAD_ATTRIBUTE)
12-24 21:35:15.677   919  1010 E Surface : [ColorFade#5(BLAST Consumer)5](id:3970000000d) clearBuffersForDisconnectLocked: 1 buffers were freed while being dequeued!
12-24 21:35:15.677   919  1010 E Surface : [ColorFade#5(BLAST Consumer)5-DISCONNECTED](id:0) Surface::cancelBuffer given a leaked buffer! Deleting extra held reference.
12-24 21:35:15.771  1418  1524 E ServiceManager: error in isDeclared
12-24 21:35:15.771  1418  1524 E ServiceManager: java.lang.SecurityException: SELinux denied for service.
12-24 21:35:15.771  1418  1524 E ServiceManager: 	at android.os.Parcel.createExceptionOrNull(Parcel.java:3373)
12-24 21:35:15.771  1418  1524 E ServiceManager: 	at android.os.Parcel.createException(Parcel.java:3357)
12-24 21:35:15.771  1418  1524 E ServiceManager: 	at android.os.Parcel.readException(Parcel.java:3340)
12-24 21:35:15.771  1418  1524 E ServiceManager: 	at android.os.Parcel.readException(Parcel.java:3282)
12-24 21:35:15.771  1418  1524 E ServiceManager: 	at android.os.IServiceManager$Stub$Proxy.isDeclared(IServiceManager.java:689)
12-24 21:35:15.771  1418  1524 E ServiceManager: 	at android.os.ServiceManagerProxy.isDeclared(ServiceManagerNative.java:104)
12-24 21:35:15.771  1418  1524 E ServiceManager: 	at android.os.ServiceManager.isDeclared(ServiceManager.java:297)
12-24 21:35:15.771  1418  1524 E ServiceManager: 	at android.os.ServiceManager.waitForDeclaredService(ServiceManager.java:353)
12-24 21:35:15.771  1418  1524 E ServiceManager: 	at com.google.android.systemui.googlebattery.GoogleBatteryManager.initHalInterface(go/retraceme 697e1bf07aef4913233d92061dbc421946b7e03b6ddb8ffefa6f27b51f8e65cb:17)
12-24 21:35:15.771  1418  1524 E ServiceManager: 	at com.google.android.systemui.power.batteryevent.repository.SystemEventDataSource$processIntent$2.invokeSuspend(go/retraceme 697e1bf07aef4913233d92061dbc421946b7e03b6ddb8ffefa6f27b51f8e65cb:149)
12-24 21:35:15.771  1418  1524 E ServiceManager: 	at kotlin.coroutines.jvm.internal.BaseContinuationImpl.resumeWith(go/retraceme 697e1bf07aef4913233d92061dbc421946b7e03b6ddb8ffefa6f27b51f8e65cb:8)
12-24 21:35:15.771  1418  1524 E ServiceManager: 	at kotlinx.coroutines.DispatchedTask.run(go/retraceme 697e1bf07aef4913233d92061dbc421946b7e03b6ddb8ffefa6f27b51f8e65cb:110)
12-24 21:35:15.771  1418  1524 E ServiceManager: 	at java.util.concurrent.Executors$RunnableAdapter.call(Executors.java:520)
12-24 21:35:15.771  1418  1524 E ServiceManager: 	at java.util.concurrent.FutureTask.run(FutureTask.java:317)
12-24 21:35:15.771  1418  1524 E ServiceManager: 	at java.util.concurrent.ScheduledThreadPoolExecutor$ScheduledFutureTask.run(ScheduledThreadPoolExecutor.java:348)
12-24 21:35:15.771  1418  1524 E ServiceManager: 	at java.util.concurrent.ThreadPoolExecutor.runWorker(ThreadPoolExecutor.java:1154)
12-24 21:35:15.771  1418  1524 E ServiceManager: 	at java.util.concurrent.ThreadPoolExecutor$Worker.run(ThreadPoolExecutor.java:652)
12-24 21:35:15.771  1418  1524 E ServiceManager: 	at java.lang.Thread.run(Thread.java:1563)
12-24 21:35:16.101  2222  4558 E native  : E0000 00:00:1766592316.098049    4558 document-store.cc:1359] Failed to update per-doc-data with usage report
12-24 21:35:16.286  1418  1526 E ServiceManager: error in isDeclared
12-24 21:35:16.286  1418  1526 E ServiceManager: java.lang.SecurityException: SELinux denied for service.
12-24 21:35:16.286  1418  1526 E ServiceManager: 	at android.os.Parcel.createExceptionOrNull(Parcel.java:3373)
12-24 21:35:16.286  1418  1526 E ServiceManager: 	at android.os.Parcel.createException(Parcel.java:3357)
12-24 21:35:16.286  1418  1526 E ServiceManager: 	at android.os.Parcel.readException(Parcel.java:3340)
12-24 21:35:16.286  1418  1526 E ServiceManager: 	at android.os.Parcel.readException(Parcel.java:3282)
12-24 21:35:16.286  1418  1526 E ServiceManager: 	at android.os.IServiceManager$Stub$Proxy.isDeclared(IServiceManager.java:689)
12-24 21:35:16.286  1418  1526 E ServiceManager: 	at android.os.ServiceManagerProxy.isDeclared(ServiceManagerNative.java:104)
12-24 21:35:16.286  1418  1526 E ServiceManager: 	at android.os.ServiceManager.isDeclared(ServiceManager.java:297)
12-24 21:35:16.286  1418  1526 E ServiceManager: 	at android.os.ServiceManager.waitForDeclaredService(ServiceManager.java:353)
12-24 21:35:16.286  1418  1526 E ServiceManager: 	at com.google.android.systemui.googlebattery.GoogleBatteryManager.initHalInterface(go/retraceme 697e1bf07aef4913233d92061dbc421946b7e03b6ddb8ffefa6f27b51f8e65cb:17)
12-24 21:35:16.286  1418  1526 E ServiceManager: 	at com.google.android.systemui.power.batteryevent.repository.SystemEventDataSource$processIntent$2.invokeSuspend(go/retraceme 697e1bf07aef4913233d92061dbc421946b7e03b6ddb8ffefa6f27b51f8e65cb:149)
12-24 21:35:16.286  1418  1526 E ServiceManager: 	at kotlin.coroutines.jvm.internal.BaseContinuationImpl.resumeWith(go/retraceme 697e1bf07aef4913233d92061dbc421946b7e03b6ddb8ffefa6f27b51f8e65cb:8)
12-24 21:35:16.286  1418  1526 E ServiceManager: 	at kotlinx.coroutines.DispatchedTask.run(go/retraceme 697e1bf07aef4913233d92061dbc421946b7e03b6ddb8ffefa6f27b51f8e65cb:110)
12-24 21:35:16.286  1418  1526 E ServiceManager: 	at java.util.concurrent.Executors$RunnableAdapter.call(Executors.java:520)
12-24 21:35:16.286  1418  1526 E ServiceManager: 	at java.util.concurrent.FutureTask.run(FutureTask.java:317)
12-24 21:35:16.286  1418  1526 E ServiceManager: 	at java.util.concurrent.ScheduledThreadPoolExecutor$ScheduledFutureTask.run(ScheduledThreadPoolExecutor.java:348)
12-24 21:35:16.286  1418  1526 E ServiceManager: 	at java.util.concurrent.ThreadPoolExecutor.runWorker(ThreadPoolExecutor.java:1154)
12-24 21:35:16.286  1418  1526 E ServiceManager: 	at java.util.concurrent.ThreadPoolExecutor$Worker.run(ThreadPoolExecutor.java:652)
12-24 21:35:16.286  1418  1526 E ServiceManager: 	at java.lang.Thread.run(Thread.java:1563)
12-24 21:35:16.476  2222  4558 E native  : E0000 00:00:1766592316.474824    4558 document-store.cc:1359] Failed to update per-doc-data with usage report
12-24 21:35:18.335  6223  6257 E ashmem  : Pinning is deprecated since Android Q. Please use trim or other methods.
12-24 21:35:21.277  1418  1418 E NotifRow: Magnetic state changed from IDLE to IDLE on a null swiped listener, or the logging key of the listener is null
12-24 21:35:22.842  1418  1522 E QuickAccessWalletKeyguardQuickAffordanceConfig: Wallet card retrieval error, message: "null"
12-24 21:35:22.843  1418  1522 E QuickAccessWalletKeyguardQuickAffordanceConfig: Wallet card retrieval error, message: "null"
12-24 21:35:22.843  1418  1522 E QuickAccessWalletKeyguardQuickAffordanceConfig: Wallet card retrieval error, message: "null"
12-24 21:35:25.960  1418  1418 E StackScroller: Invalid pointerId=-1 in onTouchEvent ACTION_CANCEL
12-24 21:35:25.982  1418  1418 E StackScroller: Invalid pointerId=-1 in onTouchEvent ACTION_CANCEL
12-24 21:35:25.996  1418  1418 E StackScroller: Invalid pointerId=-1 in onTouchEvent ACTION_CANCEL
12-24 21:35:26.010  1418  1418 E StackScroller: Invalid pointerId=-1 in onTouchEvent ACTION_CANCEL
12-24 21:35:26.020  1418  1418 E StackScroller: Invalid pointerId=-1 in onTouchEvent ACTION_CANCEL
12-24 21:35:26.025  1418  1418 E StackScroller: Invalid pointerId=-1 in onTouchEvent ACTION_CANCEL
12-24 21:35:26.043  1418  1418 E StackScroller: Invalid pointerId=-1 in onTouchEvent ACTION_CANCEL
12-24 21:35:26.056  1418  1418 E StackScroller: Invalid pointerId=-1 in onTouchEvent ACTION_CANCEL
12-24 21:35:26.077  1418  1418 E StackScroller: Invalid pointerId=-1 in onTouchEvent ACTION_CANCEL
12-24 21:35:26.108  1418  1418 E StackScroller: Invalid pointerId=-1 in onTouchEvent ACTION_CANCEL
12-24 21:35:26.126  1418  1418 E StackScroller: Invalid pointerId=-1 in onTouchEvent ACTION_CANCEL
12-24 21:35:26.331  1418  1418 E StackScroller: Invalid pointerId=-1 in onTouchEvent ACTION_CANCEL
12-24 21:35:26.738  5807  6392 E adservices.measurement: Consent notification has not been displayed.
12-24 21:35:26.876  2222  6368 E gle.android.gms: hiddenapi: Accessing hidden method Landroid/telephony/TelephonyManager;->isImsRegistered()Z (runtime_flags=0, domain=platform, api=max-target-p) from Lcppf; (domain=app, TargetSdkVersion=36) using reflection: denied
12-24 21:35:27.083  6223  6399 E MESA    : Failed to open rendernode: No such file or directory
12-24 21:35:27.083  6223  6399 E MESA    : Failed to open rendernode: No such file or directory
12-24 21:35:27.205  6223  6292 E bqdq    : App entry source is absent.
12-24 21:35:27.263  6223  6399 E MESA    : Failed to open rendernode: No such file or directory
12-24 21:35:27.263  6223  6399 E MESA    : Failed to open rendernode: No such file or directory
12-24 21:35:27.273  6223  6399 E MESA    : Failed to open rendernode: No such file or directory
12-24 21:35:27.273  6223  6399 E MESA    : Failed to open rendernode: No such file or directory
12-24 21:35:27.275  6223  6399 E MESA    : Failed to open rendernode: No such file or directory
12-24 21:35:27.275  6223  6399 E MESA    : Failed to open rendernode: No such file or directory
12-24 21:35:27.609  6223  6399 E MESA    : Failed to open rendernode: No such file or directory
12-24 21:35:27.617  6223  6399 E MESA    : Failed to open rendernode: No such file or directory
12-24 21:35:27.618  6223  6399 E MESA    : Failed to open rendernode: No such file or directory
12-24 21:35:29.119  2222  6368 E iial    : *~*~*~ Previous channel {0} was garbage collected without being shut down! ~*~*~*
12-24 21:35:29.119  2222  6368 E iial    :     Make sure to call shutdown()/shutdownNow()
12-24 21:35:29.119  2222  6368 E iial    : java.lang.RuntimeException: ManagedChannel allocation site
12-24 21:35:29.119  2222  6368 E iial    : 	at iiak.<init>(:com.google.android.gms@254730038@25.47.30 (260800-833691957):21)
12-24 21:35:29.119  2222  6368 E iial    : 	at iial.<init>(:com.google.android.gms@254730038@25.47.30 (260800-833691957):10)
12-24 21:35:29.119  2222  6368 E iial    : 	at iiaj.a(:com.google.android.gms@254730038@25.47.30 (260800-833691957):250)
12-24 21:35:29.119  2222  6368 E iial    : 	at ihkq.a(:com.google.android.gms@254730038@25.47.30 (260800-833691957):5)
12-24 21:35:29.119  2222  6368 E iial    : 	at bcyo.a(:com.google.android.gms@254730038@25.47.30 (260800-833691957):85)
12-24 21:35:29.119  2222  6368 E iial    : 	at bcyf.u(:com.google.android.gms@254730038@25.47.30 (260800-833691957):119)
12-24 21:35:29.119  2222  6368 E iial    : 	at bcyf.H(:com.google.android.gms@254730038@25.47.30 (260800-833691957):5)
12-24 21:35:29.119  2222  6368 E iial    : 	at exkf.a(:com.google.android.gms@254730038@25.47.30 (260800-833691957):45)
12-24 21:35:29.119  2222  6368 E iial    : 	at exjk.c(:com.google.android.gms@254730038@25.47.30 (260800-833691957):20)
12-24 21:35:29.119  2222  6368 E iial    : 	at exjk.a(:com.google.android.gms@254730038@25.47.30 (260800-833691957):3)
12-24 21:35:29.119  2222  6368 E iial    : 	at axht.run(:com.google.android.gms@254730038@25.47.30 (260800-833691957):5)
12-24 21:35:29.119  2222  6368 E iial    : 	at bder.c(:com.google.android.gms@254730038@25.47.30 (260800-833691957):50)
12-24 21:35:29.119  2222  6368 E iial    : 	at bder.run(:com.google.android.gms@254730038@25.47.30 (260800-833691957):73)
12-24 21:35:29.119  2222  6368 E iial    : 	at java.util.concurrent.ThreadPoolExecutor.runWorker(ThreadPoolExecutor.java:1154)
12-24 21:35:29.119  2222  6368 E iial    : 	at java.util.concurrent.ThreadPoolExecutor$Worker.run(ThreadPoolExecutor.java:652)
12-24 21:35:29.119  2222  6368 E iial    : 	at bdki.run(:com.google.android.gms@254730038@25.47.30 (260800-833691957):8)
12-24 21:35:29.119  2222  6368 E iial    : 	at java.lang.Thread.run(Thread.java:1563)
12-24 21:35:30.577  2222  6368 E constellation: [rpc_manager] Sync: failed with status: ihof{code=RESOURCE_EXHAUSTED, description=Resource has been exhausted (e.g. check quota)., cause=null}
12-24 21:35:30.577  2222  6368 E constellation: Exception: 
12-24 21:35:30.577  2222  6368 E constellation: ihog: RESOURCE_EXHAUSTED: Resource has been exhausted (e.g. check quota).
12-24 21:35:30.577  2222  6368 E constellation: 	at bcyf.s(:com.google.android.gms@254730038@25.47.30 (260800-833691957):31)
12-24 21:35:30.577  2222  6368 E constellation: 	at bcyf.f(:com.google.android.gms@254730038@25.47.30 (260800-833691957):90)
12-24 21:35:30.577  2222  6368 E constellation: 	at bdqy.b(:com.google.android.gms@254730038@25.47.30 (260800-833691957):44)
12-24 21:35:30.577  2222  6368 E constellation: 	at bdqu.D(:com.google.android.gms@254730038@25.47.30 (260800-833691957):27)
12-24 21:35:30.577  2222  6368 E constellation: 	at bdqu.i(:com.google.android.gms@254730038@25.47.30 (260800-833691957):111)
12-24 21:35:30.577  2222  6368 E constellation: 	at bdpn.n(:com.google.android.gms@254730038@25.47.30 (260800-833691957):32)
12-24 21:35:30.577  2222  6368 E constellation: 	at com.google.android.gms.constellation.EventManager.g(:com.google.android.gms@254730038@25.47.30 (260800-833691957):341)
12-24 21:35:30.577  2222  6368 E constellation: 	at com.google.android.gms.constellation.EventManager.onHandleIntent(:com.google.android.gms@254730038@25.47.30 (260800-833691957):384)
12-24 21:35:30.577  2222  6368 E constellation: 	at com.google.android.chimera.IntentOperation.onHandleIntent(:com.google.android.gms@254730038@25.47.30 (260800-833691957):1)
12-24 21:35:30.577  2222  6368 E constellation: 	at axon.onHandleIntent(:com.google.android.gms@254730038@25.47.30 (260800-833691957):84)
12-24 21:35:30.577  2222  6368 E constellation: 	at yew.run(:com.google.android.gms@254730038@25.47.30 (260800-833691957):64)
12-24 21:35:30.577  2222  6368 E constellation: 	at yev.run(:com.google.android.gms@254730038@25.47.30 (260800-833691957):132)
12-24 21:35:30.577  2222  6368 E constellation: 	at gjqp.run(:com.google.android.gms@254730038@25.47.30 (260800-833691957):19)
12-24 21:35:30.577  2222  6368 E constellation: 	at java.util.concurrent.ThreadPoolExecutor.runWorker(ThreadPoolExecutor.java:1154)
12-24 21:35:30.577  2222  6368 E constellation: 	at java.util.concurrent.ThreadPoolExecutor$Worker.run(ThreadPoolExecutor.java:652)
12-24 21:35:30.577  2222  6368 E constellation: 	at java.lang.Thread.run(Thread.java:1563)
12-24 21:35:30.579  2222  6368 E constellation: [verification_manager] Verification failed: 
12-24 21:35:30.579  2222  6368 E constellation: bejm: sync
12-24 21:35:30.579  2222  6368 E constellation: 	at bdqu.B(:com.google.android.gms@254730038@25.47.30 (260800-833691957):49)
12-24 21:35:30.579  2222  6368 E constellation: 	at bdqu.i(:com.google.android.gms@254730038@25.47.30 (260800-833691957):441)
12-24 21:35:30.579  2222  6368 E constellation: 	at bdpn.n(:com.google.android.gms@254730038@25.47.30 (260800-833691957):32)
12-24 21:35:30.579  2222  6368 E constellation: 	at com.google.android.gms.constellation.EventManager.g(:com.google.android.gms@254730038@25.47.30 (260800-833691957):341)
12-24 21:35:30.579  2222  6368 E constellation: 	at com.google.android.gms.constellation.EventManager.onHandleIntent(:com.google.android.gms@254730038@25.47.30 (260800-833691957):384)
12-24 21:35:30.579  2222  6368 E constellation: 	at com.google.android.chimera.IntentOperation.onHandleIntent(:com.google.android.gms@254730038@25.47.30 (260800-833691957):1)
12-24 21:35:30.579  2222  6368 E constellation: 	at axon.onHandleIntent(:com.google.android.gms@254730038@25.47.30 (260800-833691957):84)
12-24 21:35:30.579  2222  6368 E constellation: 	at yew.run(:com.google.android.gms@254730038@25.47.30 (260800-833691957):64)
12-24 21:35:30.579  2222  6368 E constellation: 	at yev.run(:com.google.android.gms@254730038@25.47.30 (260800-833691957):132)
12-24 21:35:30.579  2222  6368 E constellation: 	at gjqp.run(:com.google.android.gms@254730038@25.47.30 (260800-833691957):19)
12-24 21:35:30.579  2222  6368 E constellation: 	at java.util.concurrent.ThreadPoolExecutor.runWorker(ThreadPoolExecutor.java:1154)
12-24 21:35:30.579  2222  6368 E constellation: 	at java.util.concurrent.ThreadPoolExecutor$Worker.run(ThreadPoolExecutor.java:652)
12-24 21:35:30.579  2222  6368 E constellation: 	at java.lang.Thread.run(Thread.java:1563)
12-24 21:35:30.582  2222  6368 E constellation: [event_manager] Failed to sync verifications: 
12-24 21:35:30.582  2222  6368 E constellation: bejm: sync
12-24 21:35:30.582  2222  6368 E constellation: 	at bdqu.B(:com.google.android.gms@254730038@25.47.30 (260800-833691957):49)
12-24 21:35:30.582  2222  6368 E constellation: 	at bdqu.i(:com.google.android.gms@254730038@25.47.30 (260800-833691957):441)
12-24 21:35:30.582  2222  6368 E constellation: 	at bdpn.n(:com.google.android.gms@254730038@25.47.30 (260800-833691957):32)
12-24 21:35:30.582  2222  6368 E constellation: 	at com.google.android.gms.constellation.EventManager.g(:com.google.android.gms@254730038@25.47.30 (260800-833691957):341)
12-24 21:35:30.582  2222  6368 E constellation: 	at com.google.android.gms.constellation.EventManager.onHandleIntent(:com.google.android.gms@254730038@25.47.30 (260800-833691957):384)
12-24 21:35:30.582  2222  6368 E constellation: 	at com.google.android.chimera.IntentOperation.onHandleIntent(:com.google.android.gms@254730038@25.47.30 (260800-833691957):1)
12-24 21:35:30.582  2222  6368 E constellation: 	at axon.onHandleIntent(:com.google.android.gms@254730038@25.47.30 (260800-833691957):84)
12-24 21:35:30.582  2222  6368 E constellation: 	at yew.run(:com.google.android.gms@254730038@25.47.30 (260800-833691957):64)
12-24 21:35:30.582  2222  6368 E constellation: 	at yev.run(:com.google.android.gms@254730038@25.47.30 (260800-833691957):132)
12-24 21:35:30.582  2222  6368 E constellation: 	at gjqp.run(:com.google.android.gms@254730038@25.47.30 (260800-833691957):19)
12-24 21:35:30.582  2222  6368 E constellation: 	at java.util.concurrent.ThreadPoolExecutor.runWorker(ThreadPoolExecutor.java:1154)
12-24 21:35:30.582  2222  6368 E constellation: 	at java.util.concurrent.ThreadPoolExecutor$Worker.run(ThreadPoolExecutor.java:652)
12-24 21:35:30.582  2222  6368 E constellation: 	at java.lang.Thread.run(Thread.java:1563)
12-24 21:35:33.193  1418  1418 E NotifRow: Magnetic state changed from IDLE to IDLE on a null swiped listener, or the logging key of the listener is null
12-24 21:35:35.566   919  1948 E TaskPersister: File error accessing recents directory (directory doesn't exist?).
12-24 21:35:39.793   919  1136 E ImeVisibilityStateComputer: SOFT_INPUT_STATE_ALWAYS_VISIBLE is ignored because there is no focused view that also returns true from View#onCheckIsTextEditor()
12-24 21:35:39.924  4377  4396 E ConvertToEsimPreference: Fail to check pSIM conversion supported carrier: Attempt to invoke virtual method 'boolean android.telephony.euicc.EuiccManager.isPsimConversionSupported(int)' on a null object reference
12-24 21:35:39.926  4377  4396 E ConvertToEsimPreference: Fail to check pSIM conversion supported carrier: Attempt to invoke virtual method 'boolean android.telephony.euicc.EuiccManager.isPsimConversionSupported(int)' on a null object reference
12-24 21:35:40.819  4377  4398 E ScreenResolutionController: No support
12-24 21:35:40.845  4377  4398 E ScreenResolutionController: No support
12-24 21:35:41.057  4377  4396 E ScreenResolutionController: No support
12-24 21:35:41.214  4377  4396 E ScreenResolutionController: No support
12-24 21:35:41.369  4377  4396 E SystemServiceRegistry: No service published for: ethernet
12-24 21:35:41.369  4377  4396 E SystemServiceRegistry: android.os.ServiceManager$ServiceNotFoundException: No service published for: ethernet
12-24 21:35:41.369  4377  4396 E SystemServiceRegistry: 	at android.os.ServiceManager.getServiceOrThrow(ServiceManager.java:203)
12-24 21:35:41.369  4377  4396 E SystemServiceRegistry: 	at android.app.SystemServiceRegistry$156.createService(SystemServiceRegistry.java:2418)
12-24 21:35:41.369  4377  4396 E SystemServiceRegistry: 	at android.app.SystemServiceRegistry$CachedServiceFetcher.getService(SystemServiceRegistry.java:2531)
12-24 21:35:41.369  4377  4396 E SystemServiceRegistry: 	at android.app.SystemServiceRegistry.getSystemService(SystemServiceRegistry.java:2063)
12-24 21:35:41.369  4377  4396 E SystemServiceRegistry: 	at android.app.ContextImpl.getSystemService(ContextImpl.java:2434)
12-24 21:35:41.369  4377  4396 E SystemServiceRegistry: 	at android.content.ContextWrapper.getSystemService(ContextWrapper.java:991)
12-24 21:35:41.369  4377  4396 E SystemServiceRegistry: 	at android.content.Context.getSystemService(Context.java:4901)
12-24 21:35:41.369  4377  4396 E SystemServiceRegistry: 	at com.android.settings.network.tether.TetherSettings$2.getNonIndexableKeys(TetherSettings.java:689)
12-24 21:35:41.369  4377  4396 E SystemServiceRegistry: 	at com.android.settings.search.SettingsSearchIndexablesProvider.getNonIndexableKeysFromProvider(SettingsSearchIndexablesProvider.java:291)
12-24 21:35:41.369  4377  4396 E SystemServiceRegistry: 	at com.android.settings.search.SettingsSearchIndexablesProvider.queryNonIndexableKeys(SettingsSearchIndexablesProvider.java:164)
12-24 21:35:41.369  4377  4396 E SystemServiceRegistry: 	at com.android.settings.search.SettingsSearchIndexablesProvider.queryNonIndexableKeys(SettingsSearchIndexablesProvider.java:87)
12-24 21:35:41.369  4377  4396 E SystemServiceRegistry: 	at android.provider.SearchIndexablesProvider.query(SearchIndexablesProvider.java:127)
12-24 21:35:41.369  4377  4396 E SystemServiceRegistry: 	at android.content.ContentProvider.query(ContentProvider.java:1662)
12-24 21:35:41.369  4377  4396 E SystemServiceRegistry: 	at android.content.ContentProvider.query(ContentProvider.java:1758)
12-24 21:35:41.369  4377  4396 E SystemServiceRegistry: 	at android.content.ContentProvider$Transport.query(ContentProvider.java:296)
12-24 21:35:41.369  4377  4396 E SystemServiceRegistry: 	at android.content.ContentProviderNative.onTransact(ContentProviderNative.java:107)
12-24 21:35:41.369  4377  4396 E SystemServiceRegistry: 	at android.os.Binder.execTransactInternal(Binder.java:1473)
12-24 21:35:41.369  4377  4396 E SystemServiceRegistry: 	at android.os.Binder.execTransact(Binder.java:1418)
