12-24 21:35:41.378   919  1948 E TaskPersister: File error accessing recents directory (directory doesn't exist?).
12-24 21:35:41.426  1771  1771 E native  : E0000 00:00:1766592341.426879    1771 input-context-store.cc:317] kNoSpans: num_spans: 0, revertible_span_index: 0
12-24 21:35:41.426  1771  1771 E native  : composing: (0, 0], selection_start: [0, 0] selection_end: [0, 0]
12-24 21:35:41.678  4377  4398 E HardwareInfoFeatureProviderImpl: Could not parse manufactured year from serial.
12-24 21:35:41.678  4377  4398 E HardwareInfoFeatureProviderImpl: java.lang.NumberFormatException: For input string: "E"
12-24 21:35:41.678  4377  4398 E HardwareInfoFeatureProviderImpl: 	at java.lang.Integer.parseInt(Integer.java:781)
12-24 21:35:41.678  4377  4398 E HardwareInfoFeatureProviderImpl: 	at java.lang.Integer.valueOf(Integer.java:1108)
12-24 21:35:41.678  4377  4398 E HardwareInfoFeatureProviderImpl: 	at com.google.android.settings.hardwareinfo.HardwareInfoFeatureProviderGoogleImpl.getManufacturedYear(HardwareInfoFeatureProviderGoogleImpl.kt:24)
12-24 21:35:41.678  4377  4398 E HardwareInfoFeatureProviderImpl: 	at com.android.settings.deviceinfo.hardwareinfo.ManufacturedYearPreferenceController.<init>(ManufacturedYearPreferenceController.kt:26)
12-24 21:35:41.678  4377  4398 E HardwareInfoFeatureProviderImpl: 	at java.lang.reflect.Constructor.newInstance0(Native Method)
12-24 21:35:41.678  4377  4398 E HardwareInfoFeatureProviderImpl: 	at java.lang.reflect.Constructor.newInstance(Constructor.java:343)
12-24 21:35:41.678  4377  4398 E HardwareInfoFeatureProviderImpl: 	at com.android.settings.core.BasePreferenceController.createInstance(BasePreferenceController.java:190)
12-24 21:35:41.678  4377  4398 E HardwareInfoFeatureProviderImpl: 	at com.android.settings.core.PreferenceControllerListHelper.getPreferenceControllersFromXml(PreferenceControllerListHelper.java:86)
12-24 21:35:41.678  4377  4398 E HardwareInfoFeatureProviderImpl: 	at com.android.settings.search.BaseSearchIndexProvider.getPreferenceControllers(BaseSearchIndexProvider.java:195)
12-24 21:35:41.678  4377  4398 E HardwareInfoFeatureProviderImpl: 	at com.android.settings.search.BaseSearchIndexProvider.getDynamicRawDataToIndex(BaseSearchIndexProvider.java:102)
12-24 21:35:41.678  4377  4398 E HardwareInfoFeatureProviderImpl: 	at com.android.settings.search.SettingsSearchIndexablesProvider.getDynamicSearchIndexableRawData(SettingsSearchIndexablesProvider.java:385)
12-24 21:35:41.678  4377  4398 E HardwareInfoFeatureProviderImpl: 	at com.android.settings.search.SettingsSearchIndexablesProvider.queryDynamicRawData(SettingsSearchIndexablesProvider.java:187)
12-24 21:35:41.678  4377  4398 E HardwareInfoFeatureProviderImpl: 	at com.android.settings.search.SettingsSearchIndexablesProvider.queryDynamicRawData(SettingsSearchIndexablesProvider.java:87)
12-24 21:35:41.678  4377  4398 E HardwareInfoFeatureProviderImpl: 	at android.provider.SearchIndexablesProvider.query(SearchIndexablesProvider.java:133)
12-24 21:35:41.678  4377  4398 E HardwareInfoFeatureProviderImpl: 	at android.content.ContentProvider.query(ContentProvider.java:1662)
12-24 21:35:41.678  4377  4398 E HardwareInfoFeatureProviderImpl: 	at android.content.ContentProvider.query(ContentProvider.java:1758)
12-24 21:35:41.678  4377  4398 E HardwareInfoFeatureProviderImpl: 	at android.content.ContentProvider$Transport.query(ContentProvider.java:296)
12-24 21:35:41.678  4377  4398 E HardwareInfoFeatureProviderImpl: 	at android.content.ContentProviderNative.onTransact(ContentProviderNative.java:107)
12-24 21:35:41.678  4377  4398 E HardwareInfoFeatureProviderImpl: 	at android.os.Binder.execTransactInternal(Binder.java:1473)
12-24 21:35:41.678  4377  4398 E HardwareInfoFeatureProviderImpl: 	at android.os.Binder.execTransact(Binder.java:1418)
12-24 21:35:42.408  4377  4396 E HardwareInfoFeatureProviderImpl: Could not parse manufactured year from serial.
12-24 21:35:42.408  4377  4396 E HardwareInfoFeatureProviderImpl: java.lang.NumberFormatException: For input string: "E"
12-24 21:35:42.408  4377  4396 E HardwareInfoFeatureProviderImpl: 	at java.lang.Integer.parseInt(Integer.java:781)
12-24 21:35:42.408  4377  4396 E HardwareInfoFeatureProviderImpl: 	at java.lang.Integer.valueOf(Integer.java:1108)
12-24 21:35:42.408  4377  4396 E HardwareInfoFeatureProviderImpl: 	at com.google.android.settings.hardwareinfo.HardwareInfoFeatureProviderGoogleImpl.getManufacturedYear(HardwareInfoFeatureProviderGoogleImpl.kt:24)
12-24 21:35:42.408  4377  4396 E HardwareInfoFeatureProviderImpl: 	at com.android.settings.deviceinfo.hardwareinfo.ManufacturedYearPreferenceController.<init>(ManufacturedYearPreferenceController.kt:26)
12-24 21:35:42.408  4377  4396 E HardwareInfoFeatureProviderImpl: 	at java.lang.reflect.Constructor.newInstance0(Native Method)
12-24 21:35:42.408  4377  4396 E HardwareInfoFeatureProviderImpl: 	at java.lang.reflect.Constructor.newInstance(Constructor.java:343)
12-24 21:35:42.408  4377  4396 E HardwareInfoFeatureProviderImpl: 	at com.android.settings.core.BasePreferenceController.createInstance(BasePreferenceController.java:190)
12-24 21:35:42.408  4377  4396 E HardwareInfoFeatureProviderImpl: 	at com.android.settings.core.PreferenceControllerListHelper.getPreferenceControllersFromXml(PreferenceControllerListHelper.java:86)
12-24 21:35:42.408  4377  4396 E HardwareInfoFeatureProviderImpl: 	at com.android.settings.search.BaseSearchIndexProvider.getPreferenceControllers(BaseSearchIndexProvider.java:195)
12-24 21:35:42.408  4377  4396 E HardwareInfoFeatureProviderImpl: 	at com.android.settings.search.BaseSearchIndexProvider.updateNonIndexableKeysFromControllers(BaseSearchIndexProvider.java:142)
12-24 21:35:42.408  4377  4396 E HardwareInfoFeatureProviderImpl: 	at com.android.settings.search.BaseSearchIndexProvider.getNonIndexableKeys(BaseSearchIndexProvider.java:136)
12-24 21:35:42.408  4377  4396 E HardwareInfoFeatureProviderImpl: 	at com.android.settings.search.SettingsSearchIndexablesProvider.getNonIndexableKeysFromProvider(SettingsSearchIndexablesProvider.java:291)
12-24 21:35:42.408  4377  4396 E HardwareInfoFeatureProviderImpl: 	at com.android.settings.search.SettingsSearchIndexablesProvider.queryNonIndexableKeys(SettingsSearchIndexablesProvider.java:164)
12-24 21:35:42.408  4377  4396 E HardwareInfoFeatureProviderImpl: 	at com.android.settings.search.SettingsSearchIndexablesProvider.queryNonIndexableKeys(SettingsSearchIndexablesProvider.java:87)
12-24 21:35:42.408  4377  4396 E HardwareInfoFeatureProviderImpl: 	at android.provider.SearchIndexablesProvider.query(SearchIndexablesProvider.java:127)
12-24 21:35:42.408  4377  4396 E HardwareInfoFeatureProviderImpl: 	at android.content.ContentProvider.query(ContentProvider.java:1662)
12-24 21:35:42.408  4377  4396 E HardwareInfoFeatureProviderImpl: 	at android.content.ContentProvider.query(ContentProvider.java:1758)
12-24 21:35:42.408  4377  4396 E HardwareInfoFeatureProviderImpl: 	at android.content.ContentProvider$Transport.query(ContentProvider.java:296)
12-24 21:35:42.408  4377  4396 E HardwareInfoFeatureProviderImpl: 	at android.content.ContentProviderNative.onTransact(ContentProviderNative.java:107)
12-24 21:35:42.408  4377  4396 E HardwareInfoFeatureProviderImpl: 	at android.os.Binder.execTransactInternal(Binder.java:1473)
12-24 21:35:42.408  4377  4396 E HardwareInfoFeatureProviderImpl: 	at android.os.Binder.execTransact(Binder.java:1418)
12-24 21:35:44.550  6508  6530 E ashmem  : Pinning is deprecated since Android Q. Please use trim or other methods.
12-24 21:35:45.356  6550  6587 E ashmem  : Pinning is deprecated since Android Q. Please use trim or other methods.
12-24 21:35:46.400  6555  6643 E ashmem  : Pinning is deprecated since Android Q. Please use trim or other methods.
12-24 21:35:46.754  6555  6639 E LoadManifestTask: Can't find Chimera operation impl class com.google.android.gms.people.settings.PeopleInternalSettingsChimeraActivity$MenagerieInternalDebugSettingsOperation dropping operation
12-24 21:35:46.754  6555  6639 E LoadManifestTask: java.lang.ClassNotFoundException: Didn't find class "com.google.android.gms.people.settings.PeopleInternalSettingsChimeraActivity$MenagerieInternalDebugSettingsOperation" on path: DexPathList[[zip file "/data/app/~~Q0PvVnq1d78iHZs8Ei0Wow==/com.google.android.gms-IM2ygEQUbP6_GJzRIWivVA==/base.apk"],nativeLibraryDirectories=[/data/app/~~Q0PvVnq1d78iHZs8Ei0Wow==/com.google.android.gms-IM2ygEQUbP6_GJzRIWivVA==/lib/x86_64, /data/app/~~Q0PvVnq1d78iHZs8Ei0Wow==/com.google.android.gms-IM2ygEQUbP6_GJzRIWivVA==/base.apk!/lib/x86_64, /system/lib64, /system_ext/lib64]]
12-24 21:35:46.754  6555  6639 E LoadManifestTask: 	at dalvik.system.BaseDexClassLoader.findClass(BaseDexClassLoader.java:259)
12-24 21:35:46.754  6555  6639 E LoadManifestTask: 	at java.lang.ClassLoader.loadClass(ClassLoader.java:642)
12-24 21:35:46.754  6555  6639 E LoadManifestTask: 	at java.lang.ClassLoader.loadClass(ClassLoader.java:578)
12-24 21:35:46.754  6555  6639 E LoadManifestTask: 	at yeu.<init>(:com.google.android.gms@254730038@25.47.30 (260800-833691957):27)
12-24 21:35:46.754  6555  6639 E LoadManifestTask: 	at axok.<init>(:com.google.android.gms@254730038@25.47.30 (260800-833691957):6)
12-24 21:35:46.754  6555  6639 E LoadManifestTask: 	at axoo.a(:com.google.android.gms@254730038@25.47.30 (260800-833691957):3)
12-24 21:35:46.754  6555  6639 E LoadManifestTask: 	at yfb.run(:com.google.android.gms@254730038@25.47.30 (260800-833691957):477)
12-24 21:35:46.754  6555  6639 E LoadManifestTask: 	at yev.run(:com.google.android.gms@254730038@25.47.30 (260800-833691957):44)
12-24 21:35:46.754  6555  6639 E LoadManifestTask: 	at gjqp.run(:com.google.android.gms@254730038@25.47.30 (260800-833691957):19)
12-24 21:35:46.754  6555  6639 E LoadManifestTask: 	at java.util.concurrent.ThreadPoolExecutor.runWorker(ThreadPoolExecutor.java:1154)
12-24 21:35:46.754  6555  6639 E LoadManifestTask: 	at java.util.concurrent.ThreadPoolExecutor$Worker.run(ThreadPoolExecutor.java:652)
12-24 21:35:46.754  6555  6639 E LoadManifestTask: 	at java.lang.Thread.run(Thread.java:1563)
12-24 21:35:47.452  1771  2599 E native  : E0000 00:00:1766592347.444902    2599 bikey-model.cc:1431] Invalid frame index: 11; num frames: 11
12-24 21:35:47.452  1771  2599 E native  : E0000 00:00:1766592347.451173    2599 bikey-model.cc:1431] Invalid frame index: 11; num frames: 11
12-24 21:35:47.497  6555  6652 E LoadManifestTask: Can't find Chimera operation impl class com.google.android.gms.people.settings.PeopleInternalSettingsChimeraActivity$MenagerieInternalDebugSettingsOperation dropping operation
12-24 21:35:47.497  6555  6652 E LoadManifestTask: java.lang.ClassNotFoundException: Didn't find class "com.google.android.gms.people.settings.PeopleInternalSettingsChimeraActivity$MenagerieInternalDebugSettingsOperation" on path: DexPathList[[zip file "/data/app/~~Q0PvVnq1d78iHZs8Ei0Wow==/com.google.android.gms-IM2ygEQUbP6_GJzRIWivVA==/base.apk"],nativeLibraryDirectories=[/data/app/~~Q0PvVnq1d78iHZs8Ei0Wow==/com.google.android.gms-IM2ygEQUbP6_GJzRIWivVA==/lib/x86_64, /data/app/~~Q0PvVnq1d78iHZs8Ei0Wow==/com.google.android.gms-IM2ygEQUbP6_GJzRIWivVA==/base.apk!/lib/x86_64, /system/lib64, /system_ext/lib64]]
12-24 21:35:47.497  6555  6652 E LoadManifestTask: 	at dalvik.system.BaseDexClassLoader.findClass(BaseDexClassLoader.java:259)
12-24 21:35:47.497  6555  6652 E LoadManifestTask: 	at java.lang.ClassLoader.loadClass(ClassLoader.java:642)
12-24 21:35:47.497  6555  6652 E LoadManifestTask: 	at java.lang.ClassLoader.loadClass(ClassLoader.java:578)
12-24 21:35:47.497  6555  6652 E LoadManifestTask: 	at yeu.<init>(:com.google.android.gms@254730038@25.47.30 (260800-833691957):27)
12-24 21:35:47.497  6555  6652 E LoadManifestTask: 	at axok.<init>(:com.google.android.gms@254730038@25.47.30 (260800-833691957):6)
12-24 21:35:47.497  6555  6652 E LoadManifestTask: 	at axoo.a(:com.google.android.gms@254730038@25.47.30 (260800-833691957):3)
12-24 21:35:47.497  6555  6652 E LoadManifestTask: 	at yfb.run(:com.google.android.gms@254730038@25.47.30 (260800-833691957):477)
12-24 21:35:47.497  6555  6652 E LoadManifestTask: 	at yev.run(:com.google.android.gms@254730038@25.47.30 (260800-833691957):44)
12-24 21:35:47.497  6555  6652 E LoadManifestTask: 	at gjqp.run(:com.google.android.gms@254730038@25.47.30 (260800-833691957):19)
12-24 21:35:47.497  6555  6652 E LoadManifestTask: 	at java.util.concurrent.ThreadPoolExecutor.runWorker(ThreadPoolExecutor.java:1154)
12-24 21:35:47.497  6555  6652 E LoadManifestTask: 	at java.util.concurrent.ThreadPoolExecutor$Worker.run(ThreadPoolExecutor.java:652)
12-24 21:35:47.497  6555  6652 E LoadManifestTask: 	at java.lang.Thread.run(Thread.java:1563)
12-24 21:35:47.877  6708  6754 E ashmem  : Pinning is deprecated since Android Q. Please use trim or other methods.
12-24 21:35:53.121   919  1136 E ImeVisibilityStateComputer: SOFT_INPUT_STATE_ALWAYS_VISIBLE is ignored because there is no focused view that also returns true from View#onCheckIsTextEditor()
12-24 21:35:53.143  1771  1771 E native  : E0000 00:00:1766592353.143490    1771 key-correction-manager.cc:349] User feature cache is not ready for key correction!
12-24 21:35:57.971  1771  1771 E native  : E0000 00:00:1766592357.972457    1771 input-context-store.cc:317] kNoSpans: num_spans: 0, revertible_span_index: 0
12-24 21:35:57.971  1771  1771 E native  : composing: (0, 0], selection_start: [0, 0] selection_end: [0, 0]
12-24 21:35:58.512  1771  1771 E native  : E0000 00:00:1766592358.511825    1771 key-correction-manager.cc:349] User feature cache is not ready for key correction!
12-24 21:35:58.664  1771  1771 E native  : E0000 00:00:1766592358.664475    1771 key-correction-manager.cc:349] User feature cache is not ready for key correction!
12-24 21:36:11.003   919   994 E BluetoothPowerStatsCollector: Cannot acquire BluetoothActivityEnergyInfo
12-24 21:36:11.003   919   994 E BluetoothPowerStatsCollector: java.util.concurrent.ExecutionException: java.lang.RuntimeException: error: 11
12-24 21:36:11.003   919   994 E BluetoothPowerStatsCollector: 	at java.util.concurrent.CompletableFuture.reportGet(CompletableFuture.java:372)
12-24 21:36:11.003   919   994 E BluetoothPowerStatsCollector: 	at java.util.concurrent.CompletableFuture.get(CompletableFuture.java:2072)
12-24 21:36:11.003   919   994 E BluetoothPowerStatsCollector: 	at com.android.server.power.stats.BluetoothPowerStatsCollector.collectBluetoothActivityInfo(BluetoothPowerStatsCollector.java:191)
12-24 21:36:11.003   919   994 E BluetoothPowerStatsCollector: 	at com.android.server.power.stats.BluetoothPowerStatsCollector.collectStats(BluetoothPowerStatsCollector.java:155)
12-24 21:36:11.003   919   994 E BluetoothPowerStatsCollector: 	at com.android.server.power.stats.PowerStatsCollector.collectAndDeliverStats(PowerStatsCollector.java:196)
12-24 21:36:11.003   919   994 E BluetoothPowerStatsCollector: 	at com.android.server.power.stats.PowerStatsCollector.lambda$schedule$0(PowerStatsCollector.java:166)
12-24 21:36:11.003   919   994 E BluetoothPowerStatsCollector: 	at com.android.server.power.stats.PowerStatsCollector.$r8$lambda$G7G_yFY7rV7oxQbQHnZ5FHX8eBk(PowerStatsCollector.java:0)
12-24 21:36:11.003   919   994 E BluetoothPowerStatsCollector: 	at com.android.server.power.stats.PowerStatsCollector$$ExternalSyntheticLambda1.run(R8$$SyntheticClass:0)
12-24 21:36:11.003   919   994 E BluetoothPowerStatsCollector: 	at android.os.Handler.handleCallback(Handler.java:1070)
12-24 21:36:11.003   919   994 E BluetoothPowerStatsCollector: 	at android.os.Handler.dispatchMessage(Handler.java:125)
12-24 21:36:11.003   919   994 E BluetoothPowerStatsCollector: 	at android.os.Looper.dispatchMessage(Looper.java:333)
12-24 21:36:11.003   919   994 E BluetoothPowerStatsCollector: 	at android.os.Looper.loopOnce(Looper.java:263)
12-24 21:36:11.003   919   994 E BluetoothPowerStatsCollector: 	at android.os.Looper.loop(Looper.java:367)
12-24 21:36:11.003   919   994 E BluetoothPowerStatsCollector: 	at android.os.HandlerThread.run(HandlerThread.java:139)
12-24 21:36:11.003   919   994 E BluetoothPowerStatsCollector: Caused by: java.lang.RuntimeException: error: 11
12-24 21:36:11.003   919   994 E BluetoothPowerStatsCollector: 	at com.android.server.power.stats.BluetoothPowerStatsCollector$1.onBluetoothActivityEnergyInfoError(BluetoothPowerStatsCollector.java:180)
12-24 21:36:11.003   919   994 E BluetoothPowerStatsCollector: 	at android.bluetooth.BluetoothAdapter$OnBluetoothActivityEnergyInfoProxy.lambda$onBluetoothActivityEnergyInfoAvailable$0(BluetoothAdapter.java:1010)
12-24 21:36:11.003   919   994 E BluetoothPowerStatsCollector: 	at android.bluetooth.BluetoothAdapter$OnBluetoothActivityEnergyInfoProxy.$r8$lambda$ks_hN9Vo_x2Jp1k5f-s67WiAd4A(Unknown Source:0)
12-24 21:36:11.003   919   994 E BluetoothPowerStatsCollector: 	at android.bluetooth.BluetoothAdapter$OnBluetoothActivityEnergyInfoProxy$$ExternalSyntheticLambda0.run(D8$$SyntheticClass:0)
12-24 21:36:11.003   919   994 E BluetoothPowerStatsCollector: 	at android.bluetooth.BluetoothUtils.lambda$executeFromBinder$0(BluetoothUtils.java:346)
12-24 21:36:11.003   919   994 E BluetoothPowerStatsCollector: 	at android.bluetooth.BluetoothUtils$$ExternalSyntheticLambda1.run(D8$$SyntheticClass:0)
12-24 21:36:11.003   919   994 E BluetoothPowerStatsCollector: 	at com.android.server.SystemServerInitThreadPool$$ExternalSyntheticLambda0.execute(R8$$SyntheticClass:0)
12-24 21:36:11.003   919   994 E BluetoothPowerStatsCollector: 	at android.bluetooth.BluetoothUtils.executeFromBinder(BluetoothUtils.java:346)
12-24 21:36:11.003   919   994 E BluetoothPowerStatsCollector: 	at android.bluetooth.BluetoothAdapter$OnBluetoothActivityEnergyInfoProxy.onBluetoothActivityEnergyInfoAvailable(BluetoothAdapter.java:1008)
12-24 21:36:11.003   919   994 E BluetoothPowerStatsCollector: 	at android.bluetooth.IBluetoothActivityEnergyInfoListener$Stub.onTransact(IBluetoothActivityEnergyInfoListener.java:98)
12-24 21:36:11.003   919   994 E BluetoothPowerStatsCollector: 	at android.os.Binder.execTransactInternal(Binder.java:1478)
12-24 21:36:11.003   919   994 E BluetoothPowerStatsCollector: 	at android.os.Binder.execTransact(Binder.java:1418)
12-24 21:36:18.363   919  1948 E TaskPersister: File error accessing recents directory (directory doesn't exist?).
12-24 21:36:22.418  6871  6871 E TransactionExecutor: Failed to execute the transaction: tId:2117363058 ClientTransaction{
12-24 21:36:22.418  6871  6871 E TransactionExecutor: tId:2117363058   transactionItems=[
12-24 21:36:22.418  6871  6871 E TransactionExecutor: tId:2117363058     LaunchActivityItem{activityToken=android.os.BinderProxy@566c899,intent=Intent { act=android.intent.action.MAIN cat=[android.intent.category.LAUNCHER] flg=0x10200000 xflg=0x4 cmp=com.kingdomconnect.mobile/.MainActivity bnds=[285,1325][540,1616] },ident=248884762,info=ActivityInfo{fc0385b com.kingdomconnect.mobile.MainActivity},curConfig={1.0 310mcc260mnc [en_US] ldltr sw411dp w411dp h866dp 420dpi nrml long compactNeeded port finger qwerty/v/v dpad/v winConfig={ mBounds=Rect(0, 0 - 1080, 2400) mAppBounds=Rect(0, 0 - 1080, 2337) mMaxBounds=Rect(0, 0 - 1080, 2400) mDisplayRotation=ROTATION_0 mWindowingMode=fullscreen mActivityType=undefined mAlwaysOnTop=undefined mRotation=ROTATION_0} s.50 fontWeightAdjustment=0},overrideConfig={1.0 310mcc260mnc [en_US] ldltr sw411dp w411dp h866dp 420dpi nrml long compactNeeded port finger qwerty/v/v dpad/v winConfig={ mBounds=Rect(0, 0 - 1080, 2400) mAppBounds=Rect(0, 0 - 1080, 2337) mMaxBounds=Rect(0, 0 - 1080, 2400) mDisplayRotation=ROTATION_0 mWindowingMode=fullscreen mActivityType=standard mAlwaysOnTop=undefined mRotation=ROTATION_0} s.2 fontWeightAdjustment=0},deviceId=0,referrer=null,procState=2,state=null,persistentState=null,pendingResults=null,pendingNewIntents=null,sceneTransitionInfo=null,profilerInfo=null,assistToken=android.os.BinderProxy@6b5580c,shareableActivityToken=android.os.BinderProxy@1525555,activityWindowInfo=ActivityWindowInfo{isEmbedded=false, taskBounds=Rect(0, 0 - 1080, 2400), taskFragmentBounds=Rect(0, 0 - 1080, 2400)},displayId=0}
12-24 21:36:22.418  6871  6871 E TransactionExecutor: tId:2117363058     ResumeActivityItem{mActivityToken=android.os.BinderProxy@566c899,procState=-1,isForward=true,shouldSendCompatFakeFocus=false}
12-24 21:36:22.418  6871  6871 E TransactionExecutor: tId:2117363058     Target activity: Not found for token: android.os.BinderProxy@566c899
12-24 21:36:22.418  6871  6871 E TransactionExecutor: tId:2117363058   ]
12-24 21:36:22.418  6871  6871 E TransactionExecutor: tId:2117363058 }
12-24 21:36:22.428  6871  6871 E AndroidRuntime: FATAL EXCEPTION: main
12-24 21:36:22.428  6871  6871 E AndroidRuntime: Process: com.kingdomconnect.mobile, PID: 6871
12-24 21:36:22.428  6871  6871 E AndroidRuntime: java.lang.RuntimeException: Unable to instantiate activity ComponentInfo{com.kingdomconnect.mobile/com.kingdomconnect.mobile.MainActivity}
12-24 21:36:22.428  6871  6871 E AndroidRuntime: 	at android.app.ActivityThread.performLaunchActivity(ActivityThread.java:4403)
12-24 21:36:22.428  6871  6871 E AndroidRuntime: 	at android.app.ActivityThread.handleLaunchActivity(ActivityThread.java:4699)
12-24 21:36:22.428  6871  6871 E AndroidRuntime: 	at android.app.servertransaction.LaunchActivityItem.execute(LaunchActivityItem.java:224)
12-24 21:36:22.428  6871  6871 E AndroidRuntime: 	at android.app.servertransaction.TransactionExecutor.executeNonLifecycleItem(TransactionExecutor.java:133)
12-24 21:36:22.428  6871  6871 E AndroidRuntime: 	at android.app.servertransaction.TransactionExecutor.executeTransactionItems(TransactionExecutor.java:103)
12-24 21:36:22.428  6871  6871 E AndroidRuntime: 	at android.app.servertransaction.TransactionExecutor.execute(TransactionExecutor.java:80)
12-24 21:36:22.428  6871  6871 E AndroidRuntime: 	at android.app.ActivityThread$H.handleMessage(ActivityThread.java:2961)
12-24 21:36:22.428  6871  6871 E AndroidRuntime: 	at android.os.Handler.dispatchMessage(Handler.java:132)
12-24 21:36:22.428  6871  6871 E AndroidRuntime: 	at android.os.Looper.dispatchMessage(Looper.java:333)
12-24 21:36:22.428  6871  6871 E AndroidRuntime: 	at android.os.Looper.loopOnce(Looper.java:263)
12-24 21:36:22.428  6871  6871 E AndroidRuntime: 	at android.os.Looper.loop(Looper.java:367)
12-24 21:36:22.428  6871  6871 E AndroidRuntime: 	at android.app.ActivityThread.main(ActivityThread.java:9282)
12-24 21:36:22.428  6871  6871 E AndroidRuntime: 	at java.lang.reflect.Method.invoke(Native Method)
12-24 21:36:22.428  6871  6871 E AndroidRuntime: 	at com.android.internal.os.RuntimeInit$MethodAndArgsCaller.run(RuntimeInit.java:566)
12-24 21:36:22.428  6871  6871 E AndroidRuntime: 	at com.android.internal.os.ZygoteInit.main(ZygoteInit.java:929)
12-24 21:36:22.428  6871  6871 E AndroidRuntime: Caused by: java.lang.ClassNotFoundException: Didn't find class "com.kingdomconnect.mobile.MainActivity" on path: DexPathList[[zip file "/data/app/~~6bYFGyGtS-nrIZAcTHZa4w==/com.kingdomconnect.mobile-NJiZ8hLqR_NqysYGDGCzEQ==/base.apk"],nativeLibraryDirectories=[/data/app/~~6bYFGyGtS-nrIZAcTHZa4w==/com.kingdomconnect.mobile-NJiZ8hLqR_NqysYGDGCzEQ==/lib/x86_64, /system/lib64, /system_ext/lib64]]
12-24 21:36:22.428  6871  6871 E AndroidRuntime: 	at dalvik.system.BaseDexClassLoader.findClass(BaseDexClassLoader.java:259)
12-24 21:36:22.428  6871  6871 E AndroidRuntime: 	at java.lang.ClassLoader.loadClass(ClassLoader.java:642)
12-24 21:36:22.428  6871  6871 E AndroidRuntime: 	at java.lang.ClassLoader.loadClass(ClassLoader.java:578)
12-24 21:36:22.428  6871  6871 E AndroidRuntime: 	at android.app.AppComponentFactory.instantiateActivity(AppComponentFactory.java:97)
12-24 21:36:22.428  6871  6871 E AndroidRuntime: 	at androidx.core.app.CoreComponentFactory.instantiateActivity(CoreComponentFactory.java:45)
12-24 21:36:22.428  6871  6871 E AndroidRuntime: 	at android.app.Instrumentation.newActivity(Instrumentation.java:1458)
12-24 21:36:22.428  6871  6871 E AndroidRuntime: 	at android.app.ActivityThread.performLaunchActivity(ActivityThread.java:4392)
12-24 21:36:22.428  6871  6871 E AndroidRuntime: 	... 14 more
12-24 21:36:23.335  1587  1599 E FrameEvents: addRelease: Did not find frame.
12-24 21:36:24.729   919  1948 E TaskPersister: File error accessing recents directory (directory doesn't exist?).
12-24 21:36:28.833  4377  4377 E ndroid.settings: Invalid resource ID 0x00000000.
12-24 21:36:28.833  4377  4377 E ndroid.settings: Invalid resource ID 0x00000000.
12-24 21:36:29.053  4377  4377 E Settings: Unable to find info for package: null
12-24 21:36:29.342   919   994 E BluetoothPowerStatsCollector: Cannot acquire BluetoothActivityEnergyInfo
12-24 21:36:29.342   919   994 E BluetoothPowerStatsCollector: java.util.concurrent.ExecutionException: java.lang.RuntimeException: error: 11
12-24 21:36:29.342   919   994 E BluetoothPowerStatsCollector: 	at java.util.concurrent.CompletableFuture.reportGet(CompletableFuture.java:372)
12-24 21:36:29.342   919   994 E BluetoothPowerStatsCollector: 	at java.util.concurrent.CompletableFuture.get(CompletableFuture.java:2072)
12-24 21:36:29.342   919   994 E BluetoothPowerStatsCollector: 	at com.android.server.power.stats.BluetoothPowerStatsCollector.collectBluetoothActivityInfo(BluetoothPowerStatsCollector.java:191)
12-24 21:36:29.342   919   994 E BluetoothPowerStatsCollector: 	at com.android.server.power.stats.BluetoothPowerStatsCollector.collectStats(BluetoothPowerStatsCollector.java:155)
12-24 21:36:29.342   919   994 E BluetoothPowerStatsCollector: 	at com.android.server.power.stats.PowerStatsCollector.collectAndDeliverStats(PowerStatsCollector.java:196)
12-24 21:36:29.342   919   994 E BluetoothPowerStatsCollector: 	at com.android.server.power.stats.PowerStatsCollector.lambda$forceSchedule$1(PowerStatsCollector.java:185)
12-24 21:36:29.342   919   994 E BluetoothPowerStatsCollector: 	at com.android.server.power.stats.PowerStatsCollector.$r8$lambda$S8t6eDCBuELjdSNvyveTMprEzE0(PowerStatsCollector.java:0)
12-24 21:36:29.342   919   994 E BluetoothPowerStatsCollector: 	at com.android.server.power.stats.PowerStatsCollector$$ExternalSyntheticLambda0.run(R8$$SyntheticClass:0)
12-24 21:36:29.342   919   994 E BluetoothPowerStatsCollector: 	at android.os.Handler.handleCallback(Handler.java:1070)
12-24 21:36:29.342   919   994 E BluetoothPowerStatsCollector: 	at android.os.Handler.dispatchMessage(Handler.java:125)
12-24 21:36:29.342   919   994 E BluetoothPowerStatsCollector: 	at android.os.Looper.dispatchMessage(Looper.java:333)
12-24 21:36:29.342   919   994 E BluetoothPowerStatsCollector: 	at android.os.Looper.loopOnce(Looper.java:263)
12-24 21:36:29.342   919   994 E BluetoothPowerStatsCollector: 	at android.os.Looper.loop(Looper.java:367)
12-24 21:36:29.342   919   994 E BluetoothPowerStatsCollector: 	at android.os.HandlerThread.run(HandlerThread.java:139)
12-24 21:36:29.342   919   994 E BluetoothPowerStatsCollector: Caused by: java.lang.RuntimeException: error: 11
12-24 21:36:29.342   919   994 E BluetoothPowerStatsCollector: 	at com.android.server.power.stats.BluetoothPowerStatsCollector$1.onBluetoothActivityEnergyInfoError(BluetoothPowerStatsCollector.java:180)
12-24 21:36:29.342   919   994 E BluetoothPowerStatsCollector: 	at android.bluetooth.BluetoothAdapter$OnBluetoothActivityEnergyInfoProxy.lambda$onBluetoothActivityEnergyInfoAvailable$0(BluetoothAdapter.java:1010)
12-24 21:36:29.342   919   994 E BluetoothPowerStatsCollector: 	at android.bluetooth.BluetoothAdapter$OnBluetoothActivityEnergyInfoProxy.$r8$lambda$ks_hN9Vo_x2Jp1k5f-s67WiAd4A(Unknown Source:0)
12-24 21:36:29.342   919   994 E BluetoothPowerStatsCollector: 	at android.bluetooth.BluetoothAdapter$OnBluetoothActivityEnergyInfoProxy$$ExternalSyntheticLambda0.run(D8$$SyntheticClass:0)
12-24 21:36:29.342   919   994 E BluetoothPowerStatsCollector: 	at android.bluetooth.BluetoothUtils.lambda$executeFromBinder$0(BluetoothUtils.java:346)
12-24 21:36:29.342   919   994 E BluetoothPowerStatsCollector: 	at android.bluetooth.BluetoothUtils$$ExternalSyntheticLambda1.run(D8$$SyntheticClass:0)
12-24 21:36:29.342   919   994 E BluetoothPowerStatsCollector: 	at com.android.server.SystemServerInitThreadPool$$ExternalSyntheticLambda0.execute(R8$$SyntheticClass:0)
12-24 21:36:29.342   919   994 E BluetoothPowerStatsCollector: 	at android.bluetooth.BluetoothUtils.executeFromBinder(BluetoothUtils.java:346)
12-24 21:36:29.342   919   994 E BluetoothPowerStatsCollector: 	at android.bluetooth.BluetoothAdapter$OnBluetoothActivityEnergyInfoProxy.onBluetoothActivityEnergyInfoAvailable(BluetoothAdapter.java:1008)
12-24 21:36:29.342   919   994 E BluetoothPowerStatsCollector: 	at android.bluetooth.IBluetoothActivityEnergyInfoListener$Stub.onTransact(IBluetoothActivityEnergyInfoListener.java:98)
12-24 21:36:29.342   919   994 E BluetoothPowerStatsCollector: 	at android.os.Binder.execTransactInternal(Binder.java:1478)
12-24 21:36:29.342   919   994 E BluetoothPowerStatsCollector: 	at android.os.Binder.execTransact(Binder.java:1418)
12-24 21:36:29.925   919   994 E BluetoothPowerStatsCollector: Cannot acquire BluetoothActivityEnergyInfo
12-24 21:36:29.925   919   994 E BluetoothPowerStatsCollector: java.util.concurrent.ExecutionException: java.lang.RuntimeException: error: 11
12-24 21:36:29.925   919   994 E BluetoothPowerStatsCollector: 	at java.util.concurrent.CompletableFuture.reportGet(CompletableFuture.java:372)
12-24 21:36:29.925   919   994 E BluetoothPowerStatsCollector: 	at java.util.concurrent.CompletableFuture.get(CompletableFuture.java:2072)
12-24 21:36:29.925   919   994 E BluetoothPowerStatsCollector: 	at com.android.server.power.stats.BluetoothPowerStatsCollector.collectBluetoothActivityInfo(BluetoothPowerStatsCollector.java:191)
12-24 21:36:29.925   919   994 E BluetoothPowerStatsCollector: 	at com.android.server.power.stats.BluetoothPowerStatsCollector.collectStats(BluetoothPowerStatsCollector.java:155)
12-24 21:36:29.925   919   994 E BluetoothPowerStatsCollector: 	at com.android.server.power.stats.PowerStatsCollector.collectAndDeliverStats(PowerStatsCollector.java:196)
12-24 21:36:29.925   919   994 E BluetoothPowerStatsCollector: 	at com.android.server.power.stats.PowerStatsCollector.lambda$forceSchedule$1(PowerStatsCollector.java:185)
12-24 21:36:29.925   919   994 E BluetoothPowerStatsCollector: 	at com.android.server.power.stats.PowerStatsCollector.$r8$lambda$S8t6eDCBuELjdSNvyveTMprEzE0(PowerStatsCollector.java:0)
12-24 21:36:29.925   919   994 E BluetoothPowerStatsCollector: 	at com.android.server.power.stats.PowerStatsCollector$$ExternalSyntheticLambda0.run(R8$$SyntheticClass:0)
12-24 21:36:29.925   919   994 E BluetoothPowerStatsCollector: 	at android.os.Handler.handleCallback(Handler.java:1070)
12-24 21:36:29.925   919   994 E BluetoothPowerStatsCollector: 	at android.os.Handler.dispatchMessage(Handler.java:125)
12-24 21:36:29.925   919   994 E BluetoothPowerStatsCollector: 	at android.os.Looper.dispatchMessage(Looper.java:333)
12-24 21:36:29.925   919   994 E BluetoothPowerStatsCollector: 	at android.os.Looper.loopOnce(Looper.java:263)
12-24 21:36:29.925   919   994 E BluetoothPowerStatsCollector: 	at android.os.Looper.loop(Looper.java:367)
12-24 21:36:29.925   919   994 E BluetoothPowerStatsCollector: 	at android.os.HandlerThread.run(HandlerThread.java:139)
12-24 21:36:29.925   919   994 E BluetoothPowerStatsCollector: Caused by: java.lang.RuntimeException: error: 11
12-24 21:36:29.925   919   994 E BluetoothPowerStatsCollector: 	at com.android.server.power.stats.BluetoothPowerStatsCollector$1.onBluetoothActivityEnergyInfoError(BluetoothPowerStatsCollector.java:180)
12-24 21:36:29.925   919   994 E BluetoothPowerStatsCollector: 	at android.bluetooth.BluetoothAdapter$OnBluetoothActivityEnergyInfoProxy.lambda$onBluetoothActivityEnergyInfoAvailable$0(BluetoothAdapter.java:1010)
12-24 21:36:29.925   919   994 E BluetoothPowerStatsCollector: 	at android.bluetooth.BluetoothAdapter$OnBluetoothActivityEnergyInfoProxy.$r8$lambda$ks_hN9Vo_x2Jp1k5f-s67WiAd4A(Unknown Source:0)
12-24 21:36:29.925   919   994 E BluetoothPowerStatsCollector: 	at android.bluetooth.BluetoothAdapter$OnBluetoothActivityEnergyInfoProxy$$ExternalSyntheticLambda0.run(D8$$SyntheticClass:0)
12-24 21:36:29.925   919   994 E BluetoothPowerStatsCollector: 	at android.bluetooth.BluetoothUtils.lambda$executeFromBinder$0(BluetoothUtils.java:346)
12-24 21:36:29.925   919   994 E BluetoothPowerStatsCollector: 	at android.bluetooth.BluetoothUtils$$ExternalSyntheticLambda1.run(D8$$SyntheticClass:0)
12-24 21:36:29.925   919   994 E BluetoothPowerStatsCollector: 	at com.android.server.SystemServerInitThreadPool$$ExternalSyntheticLambda0.execute(R8$$SyntheticClass:0)
12-24 21:36:29.925   919   994 E BluetoothPowerStatsCollector: 	at android.bluetooth.BluetoothUtils.executeFromBinder(BluetoothUtils.java:346)
12-24 21:36:29.925   919   994 E BluetoothPowerStatsCollector: 	at android.bluetooth.BluetoothAdapter$OnBluetoothActivityEnergyInfoProxy.onBluetoothActivityEnergyInfoAvailable(BluetoothAdapter.java:1008)
12-24 21:36:29.925   919   994 E BluetoothPowerStatsCollector: 	at android.bluetooth.IBluetoothActivityEnergyInfoListener$Stub.onTransact(IBluetoothActivityEnergyInfoListener.java:98)
12-24 21:36:29.925   919   994 E BluetoothPowerStatsCollector: 	at android.os.Binder.execTransactInternal(Binder.java:1478)
12-24 21:36:29.925   919   994 E BluetoothPowerStatsCollector: 	at android.os.Binder.execTransact(Binder.java:1418)
12-24 21:36:30.182   919   994 E BluetoothPowerStatsCollector: Cannot acquire BluetoothActivityEnergyInfo
12-24 21:36:30.182   919   994 E BluetoothPowerStatsCollector: java.util.concurrent.ExecutionException: java.lang.RuntimeException: error: 11
12-24 21:36:30.182   919   994 E BluetoothPowerStatsCollector: 	at java.util.concurrent.CompletableFuture.reportGet(CompletableFuture.java:372)
12-24 21:36:30.182   919   994 E BluetoothPowerStatsCollector: 	at java.util.concurrent.CompletableFuture.get(CompletableFuture.java:2072)
12-24 21:36:30.182   919   994 E BluetoothPowerStatsCollector: 	at com.android.server.power.stats.BluetoothPowerStatsCollector.collectBluetoothActivityInfo(BluetoothPowerStatsCollector.java:191)
12-24 21:36:30.182   919   994 E BluetoothPowerStatsCollector: 	at com.android.server.power.stats.BluetoothPowerStatsCollector.collectStats(BluetoothPowerStatsCollector.java:155)
12-24 21:36:30.182   919   994 E BluetoothPowerStatsCollector: 	at com.android.server.power.stats.PowerStatsCollector.collectAndDeliverStats(PowerStatsCollector.java:196)
12-24 21:36:30.182   919   994 E BluetoothPowerStatsCollector: 	at com.android.server.power.stats.PowerStatsCollector.lambda$forceSchedule$1(PowerStatsCollector.java:185)
12-24 21:36:30.182   919   994 E BluetoothPowerStatsCollector: 	at com.android.server.power.stats.PowerStatsCollector.$r8$lambda$S8t6eDCBuELjdSNvyveTMprEzE0(PowerStatsCollector.java:0)
12-24 21:36:30.182   919   994 E BluetoothPowerStatsCollector: 	at com.android.server.power.stats.PowerStatsCollector$$ExternalSyntheticLambda0.run(R8$$SyntheticClass:0)
12-24 21:36:30.182   919   994 E BluetoothPowerStatsCollector: 	at android.os.Handler.handleCallback(Handler.java:1070)
12-24 21:36:30.182   919   994 E BluetoothPowerStatsCollector: 	at android.os.Handler.dispatchMessage(Handler.java:125)
12-24 21:36:30.182   919   994 E BluetoothPowerStatsCollector: 	at android.os.Looper.dispatchMessage(Looper.java:333)
12-24 21:36:30.182   919   994 E BluetoothPowerStatsCollector: 	at android.os.Looper.loopOnce(Looper.java:263)
12-24 21:36:30.182   919   994 E BluetoothPowerStatsCollector: 	at android.os.Looper.loop(Looper.java:367)
12-24 21:36:30.182   919   994 E BluetoothPowerStatsCollector: 	at android.os.HandlerThread.run(HandlerThread.java:139)
12-24 21:36:30.182   919   994 E BluetoothPowerStatsCollector: Caused by: java.lang.RuntimeException: error: 11
12-24 21:36:30.182   919   994 E BluetoothPowerStatsCollector: 	at com.android.server.power.stats.BluetoothPowerStatsCollector$1.onBluetoothActivityEnergyInfoError(BluetoothPowerStatsCollector.java:180)
12-24 21:36:30.182   919   994 E BluetoothPowerStatsCollector: 	at android.bluetooth.BluetoothAdapter$OnBluetoothActivityEnergyInfoProxy.lambda$onBluetoothActivityEnergyInfoAvailable$0(BluetoothAdapter.java:1010)
12-24 21:36:30.182   919   994 E BluetoothPowerStatsCollector: 	at android.bluetooth.BluetoothAdapter$OnBluetoothActivityEnergyInfoProxy.$r8$lambda$ks_hN9Vo_x2Jp1k5f-s67WiAd4A(Unknown Source:0)
12-24 21:36:30.182   919   994 E BluetoothPowerStatsCollector: 	at android.bluetooth.BluetoothAdapter$OnBluetoothActivityEnergyInfoProxy$$ExternalSyntheticLambda0.run(D8$$SyntheticClass:0)
12-24 21:36:30.182   919   994 E BluetoothPowerStatsCollector: 	at android.bluetooth.BluetoothUtils.lambda$executeFromBinder$0(BluetoothUtils.java:346)
12-24 21:36:30.182   919   994 E BluetoothPowerStatsCollector: 	at android.bluetooth.BluetoothUtils$$ExternalSyntheticLambda1.run(D8$$SyntheticClass:0)
12-24 21:36:30.182   919   994 E BluetoothPowerStatsCollector: 	at com.android.server.SystemServerInitThreadPool$$ExternalSyntheticLambda0.execute(R8$$SyntheticClass:0)
12-24 21:36:30.182   919   994 E BluetoothPowerStatsCollector: 	at android.bluetooth.BluetoothUtils.executeFromBinder(BluetoothUtils.java:346)
12-24 21:36:30.182   919   994 E BluetoothPowerStatsCollector: 	at android.bluetooth.BluetoothAdapter$OnBluetoothActivityEnergyInfoProxy.onBluetoothActivityEnergyInfoAvailable(BluetoothAdapter.java:1008)
12-24 21:36:30.182   919   994 E BluetoothPowerStatsCollector: 	at android.bluetooth.IBluetoothActivityEnergyInfoListener$Stub.onTransact(IBluetoothActivityEnergyInfoListener.java:98)
12-24 21:36:30.182   919   994 E BluetoothPowerStatsCollector: 	at android.os.Binder.execTransactInternal(Binder.java:1478)
12-24 21:36:30.182   919   994 E BluetoothPowerStatsCollector: 	at android.os.Binder.execTransact(Binder.java:1418)
12-24 21:36:31.666  6915  6915 E ashmem  : Pinning is deprecated since Android Q. Please use trim or other methods.
12-24 21:36:32.248   919  1948 E TaskPersister: File error accessing recents directory (directory doesn't exist?).
12-24 21:36:32.312   919  1452 E AppOps  : Bad call made by uid 1000. Package "com.google.android.googlequicksearchbox" does not belong to uid 1000.
12-24 21:36:33.926   919  1948 E TaskPersister: File error accessing recents directory (directory doesn't exist?).
12-24 21:36:34.079   919  1019 E TransitionChain: Can't collect into a chain with no transition
12-24 21:36:34.079   919  1019 E TransitionChain: Can't collect into a chain with no transition
12-24 21:36:34.091   919  1948 E TaskPersister: File error accessing recents directory (directory doesn't exist?).
12-24 21:36:34.160   919  1198 E AppOps  : attributionTag VCN not declared in manifest of android
12-24 21:36:34.203  3575  3575 E SmsApplication: com.google.android.apps.messaging lost android:read_cell_broadcasts:  (fixing)
12-24 21:36:34.531   919  2064 E RoleControllerServiceImpl: Default/fallback role holder package doesn't qualify for the role, package: com.google.android.gms.supervision, role: android.app.role.SYSTEM_SUPERVISION, user: 0
12-24 21:36:34.727   608  6941 E android.hardware.audio@7.1-impl.ranchu: pcmWrite:260 failure: -1
12-24 21:36:34.832   608  6941 E android.hardware.audio@7.1-impl.ranchu: pcmWrite:260 failure: -1
12-24 21:36:34.934   608  6941 E android.hardware.audio@7.1-impl.ranchu: pcmWrite:260 failure: -1
12-24 21:36:35.039   608  6941 E android.hardware.audio@7.1-impl.ranchu: pcmWrite:260 failure: -1
12-24 21:36:35.119   919  2064 E RoleControllerServiceImpl: Default/fallback role holder package doesn't qualify for the role, package: com.google.android.gms, role: android.app.role.SYSTEM_DEPENDENCY_INSTALLER, user: 0
12-24 21:36:35.142   608  6941 E android.hardware.audio@7.1-impl.ranchu: pcmWrite:260 failure: -1
12-24 21:36:35.257   608  6941 E android.hardware.audio@7.1-impl.ranchu: pcmWrite:260 failure: -1
12-24 21:36:35.358   608  6941 E android.hardware.audio@7.1-impl.ranchu: pcmWrite:260 failure: -1
12-24 21:36:35.418   919  2064 E RoleControllerServiceImpl: Default/fallback role holder package doesn't qualify for the role, package: com.google.android.gms, role: android.app.role.WALLET, user: 0
12-24 21:36:35.491   608  6941 E android.hardware.audio@7.1-impl.ranchu: pcmWrite:260 failure: -1
12-24 21:36:35.598   608  6941 E android.hardware.audio@7.1-impl.ranchu: pcmWrite:260 failure: -1
12-24 21:36:35.704   608  6941 E android.hardware.audio@7.1-impl.ranchu: pcmWrite:260 failure: -1
12-24 21:36:35.810   608  6941 E android.hardware.audio@7.1-impl.ranchu: pcmWrite:260 failure: -1
12-24 21:36:35.918   608  6941 E android.hardware.audio@7.1-impl.ranchu: pcmWrite:260 failure: -1
12-24 21:36:36.022   608  6941 E android.hardware.audio@7.1-impl.ranchu: pcmWrite:260 failure: -1
12-24 21:36:36.126   608  6941 E android.hardware.audio@7.1-impl.ranchu: pcmWrite:260 failure: -1
12-24 21:36:36.231   608  6941 E android.hardware.audio@7.1-impl.ranchu: pcmWrite:260 failure: -1
12-24 21:36:36.339   608  6941 E android.hardware.audio@7.1-impl.ranchu: pcmWrite:260 failure: -1
12-24 21:36:36.443   608  6941 E android.hardware.audio@7.1-impl.ranchu: pcmWrite:260 failure: -1
12-24 21:36:36.547   608  6941 E android.hardware.audio@7.1-impl.ranchu: pcmWrite:260 failure: -1
12-24 21:36:36.648  6986  7012 E ashmem  : Pinning is deprecated since Android Q. Please use trim or other methods.
12-24 21:36:36.655   608  6941 E android.hardware.audio@7.1-impl.ranchu: pcmWrite:260 failure: -1
12-24 21:36:36.759   608  6941 E android.hardware.audio@7.1-impl.ranchu: pcmWrite:260 failure: -1
12-24 21:36:36.838  7010  7010 E ashmem  : Pinning is deprecated since Android Q. Please use trim or other methods.
12-24 21:36:37.108  7033  7033 E ashmem  : Pinning is deprecated since Android Q. Please use trim or other methods.
12-24 21:36:38.536   919  1948 E TaskPersister: File error accessing recents directory (directory doesn't exist?).
12-24 21:36:42.239   919  1010 E GFXSTREAM: [egl.cpp(2130)] eglQueryContext 32c0  EGL_BAD_ATTRIBUTE
12-24 21:36:42.239   919  1010 E GFXSTREAM: [egl.cpp(2131)] tid 1010: error 0x3004 (EGL_BAD_ATTRIBUTE)
12-24 21:36:42.843   919  1010 E Surface : [ColorFade#6(BLAST Consumer)6](id:39700000012) clearBuffersForDisconnectLocked: 1 buffers were freed while being dequeued!
12-24 21:36:42.853   919  1010 E Surface : [ColorFade#6(BLAST Consumer)6-DISCONNECTED](id:0) Surface::cancelBuffer given a leaked buffer! Deleting extra held reference.
12-24 21:36:43.126  1418  1517 E ServiceManager: error in isDeclared
12-24 21:36:43.126  1418  1517 E ServiceManager: java.lang.SecurityException: SELinux denied for service.
12-24 21:36:43.126  1418  1517 E ServiceManager: 	at android.os.Parcel.createExceptionOrNull(Parcel.java:3373)
12-24 21:36:43.126  1418  1517 E ServiceManager: 	at android.os.Parcel.createException(Parcel.java:3357)
12-24 21:36:43.126  1418  1517 E ServiceManager: 	at android.os.Parcel.readException(Parcel.java:3340)
12-24 21:36:43.126  1418  1517 E ServiceManager: 	at android.os.Parcel.readException(Parcel.java:3282)
12-24 21:36:43.126  1418  1517 E ServiceManager: 	at android.os.IServiceManager$Stub$Proxy.isDeclared(IServiceManager.java:689)
12-24 21:36:43.126  1418  1517 E ServiceManager: 	at android.os.ServiceManagerProxy.isDeclared(ServiceManagerNative.java:104)
12-24 21:36:43.126  1418  1517 E ServiceManager: 	at android.os.ServiceManager.isDeclared(ServiceManager.java:297)
12-24 21:36:43.126  1418  1517 E ServiceManager: 	at android.os.ServiceManager.waitForDeclaredService(ServiceManager.java:353)
12-24 21:36:43.126  1418  1517 E ServiceManager: 	at com.google.android.systemui.googlebattery.GoogleBatteryManager.initHalInterface(go/retraceme 697e1bf07aef4913233d92061dbc421946b7e03b6ddb8ffefa6f27b51f8e65cb:17)
12-24 21:36:43.126  1418  1517 E ServiceManager: 	at com.google.android.systemui.power.batteryevent.repository.SystemEventDataSource$processIntent$2.invokeSuspend(go/retraceme 697e1bf07aef4913233d92061dbc421946b7e03b6ddb8ffefa6f27b51f8e65cb:149)
12-24 21:36:43.126  1418  1517 E ServiceManager: 	at kotlin.coroutines.jvm.internal.BaseContinuationImpl.resumeWith(go/retraceme 697e1bf07aef4913233d92061dbc421946b7e03b6ddb8ffefa6f27b51f8e65cb:8)
12-24 21:36:43.126  1418  1517 E ServiceManager: 	at kotlinx.coroutines.DispatchedTask.run(go/retraceme 697e1bf07aef4913233d92061dbc421946b7e03b6ddb8ffefa6f27b51f8e65cb:110)
12-24 21:36:43.126  1418  1517 E ServiceManager: 	at java.util.concurrent.Executors$RunnableAdapter.call(Executors.java:520)
12-24 21:36:43.126  1418  1517 E ServiceManager: 	at java.util.concurrent.FutureTask.run(FutureTask.java:317)
12-24 21:36:43.126  1418  1517 E ServiceManager: 	at java.util.concurrent.ScheduledThreadPoolExecutor$ScheduledFutureTask.run(ScheduledThreadPoolExecutor.java:348)
12-24 21:36:43.126  1418  1517 E ServiceManager: 	at java.util.concurrent.ThreadPoolExecutor.runWorker(ThreadPoolExecutor.java:1154)
12-24 21:36:43.126  1418  1517 E ServiceManager: 	at java.util.concurrent.ThreadPoolExecutor$Worker.run(ThreadPoolExecutor.java:652)
12-24 21:36:43.126  1418  1517 E ServiceManager: 	at java.lang.Thread.run(Thread.java:1563)
12-24 21:36:43.504  3186  3439 E ScannerMap: Context not found for ID 1
12-24 21:36:43.504  3186  3439 E ScanController: Advertise app or callback is null
12-24 21:36:43.863  1418  1528 E ServiceManager: error in isDeclared
12-24 21:36:43.863  1418  1528 E ServiceManager: java.lang.SecurityException: SELinux denied for service.
12-24 21:36:43.863  1418  1528 E ServiceManager: 	at android.os.Parcel.createExceptionOrNull(Parcel.java:3373)
12-24 21:36:43.863  1418  1528 E ServiceManager: 	at android.os.Parcel.createException(Parcel.java:3357)
12-24 21:36:43.863  1418  1528 E ServiceManager: 	at android.os.Parcel.readException(Parcel.java:3340)
12-24 21:36:43.863  1418  1528 E ServiceManager: 	at android.os.Parcel.readException(Parcel.java:3282)
12-24 21:36:43.863  1418  1528 E ServiceManager: 	at android.os.IServiceManager$Stub$Proxy.isDeclared(IServiceManager.java:689)
12-24 21:36:43.863  1418  1528 E ServiceManager: 	at android.os.ServiceManagerProxy.isDeclared(ServiceManagerNative.java:104)
12-24 21:36:43.863  1418  1528 E ServiceManager: 	at android.os.ServiceManager.isDeclared(ServiceManager.java:297)
12-24 21:36:43.863  1418  1528 E ServiceManager: 	at android.os.ServiceManager.waitForDeclaredService(ServiceManager.java:353)
12-24 21:36:43.863  1418  1528 E ServiceManager: 	at com.google.android.systemui.googlebattery.GoogleBatteryManager.initHalInterface(go/retraceme 697e1bf07aef4913233d92061dbc421946b7e03b6ddb8ffefa6f27b51f8e65cb:17)
12-24 21:36:43.863  1418  1528 E ServiceManager: 	at com.google.android.systemui.power.batteryevent.repository.SystemEventDataSource$processIntent$2.invokeSuspend(go/retraceme 697e1bf07aef4913233d92061dbc421946b7e03b6ddb8ffefa6f27b51f8e65cb:149)
12-24 21:36:43.863  1418  1528 E ServiceManager: 	at kotlin.coroutines.jvm.internal.BaseContinuationImpl.resumeWith(go/retraceme 697e1bf07aef4913233d92061dbc421946b7e03b6ddb8ffefa6f27b51f8e65cb:8)
12-24 21:36:43.863  1418  1528 E ServiceManager: 	at kotlinx.coroutines.DispatchedTask.run(go/retraceme 697e1bf07aef4913233d92061dbc421946b7e03b6ddb8ffefa6f27b51f8e65cb:110)
12-24 21:36:43.863  1418  1528 E ServiceManager: 	at java.util.concurrent.Executors$RunnableAdapter.call(Executors.java:520)
12-24 21:36:43.863  1418  1528 E ServiceManager: 	at java.util.concurrent.FutureTask.run(FutureTask.java:317)
12-24 21:36:43.863  1418  1528 E ServiceManager: 	at java.util.concurrent.ScheduledThreadPoolExecutor$ScheduledFutureTask.run(ScheduledThreadPoolExecutor.java:348)
12-24 21:36:43.863  1418  1528 E ServiceManager: 	at java.util.concurrent.ThreadPoolExecutor.runWorker(ThreadPoolExecutor.java:1154)
12-24 21:36:43.863  1418  1528 E ServiceManager: 	at java.util.concurrent.ThreadPoolExecutor$Worker.run(ThreadPoolExecutor.java:652)
12-24 21:36:43.863  1418  1528 E ServiceManager: 	at java.lang.Thread.run(Thread.java:1563)
12-24 21:36:48.919   608  7097 E android.hardware.audio@7.1-impl.ranchu: pcmWrite:260 failure: -1
12-24 21:36:49.030   608  7097 E android.hardware.audio@7.1-impl.ranchu: pcmWrite:260 failure: -1
12-24 21:36:49.132   608  7097 E android.hardware.audio@7.1-impl.ranchu: pcmWrite:260 failure: -1
12-24 21:36:49.239   608  7097 E android.hardware.audio@7.1-impl.ranchu: pcmWrite:260 failure: -1
12-24 21:36:49.347   608  7097 E android.hardware.audio@7.1-impl.ranchu: pcmWrite:260 failure: -1
12-24 21:36:49.450   608  7097 E android.hardware.audio@7.1-impl.ranchu: pcmWrite:260 failure: -1
12-24 21:36:49.557   608  7097 E android.hardware.audio@7.1-impl.ranchu: pcmWrite:260 failure: -1
12-24 21:36:49.658   608  7097 E android.hardware.audio@7.1-impl.ranchu: pcmWrite:260 failure: -1
12-24 21:36:49.764   608  7097 E android.hardware.audio@7.1-impl.ranchu: pcmWrite:260 failure: -1
12-24 21:36:49.867   608  7097 E android.hardware.audio@7.1-impl.ranchu: pcmWrite:260 failure: -1
12-24 21:36:49.971   608  7097 E android.hardware.audio@7.1-impl.ranchu: pcmWrite:260 failure: -1
12-24 21:36:50.075   608  7097 E android.hardware.audio@7.1-impl.ranchu: pcmWrite:260 failure: -1
12-24 21:36:50.179   608  7097 E android.hardware.audio@7.1-impl.ranchu: pcmWrite:260 failure: -1
12-24 21:36:50.287   608  7097 E android.hardware.audio@7.1-impl.ranchu: pcmWrite:260 failure: -1
12-24 21:36:50.390   608  7097 E android.hardware.audio@7.1-impl.ranchu: pcmWrite:260 failure: -1
12-24 21:36:50.494   608  7097 E android.hardware.audio@7.1-impl.ranchu: pcmWrite:260 failure: -1
12-24 21:36:50.600   608  7097 E android.hardware.audio@7.1-impl.ranchu: pcmWrite:260 failure: -1
12-24 21:36:50.646  7113  7140 E DocsApplication: from onCreate Completable for sending summary about blocked SyncRequests
