12-24 21:36:50.646  7113  7140 E DocsApplication: java.lang.IllegalStateException
12-24 21:36:50.646  7113  7140 E DocsApplication: 	at gfz.i(PG:64)
12-24 21:36:50.646  7113  7140 E DocsApplication: 	at fsx.lambda$onCreate$2(PG:281)
12-24 21:36:50.646  7113  7140 E DocsApplication: 	at fsx.$r8$lambda$M-tqsz8QJK2QrqieVTlg-c3Lhbo(PG:1)
12-24 21:36:50.646  7113  7140 E DocsApplication: 	at ffo$2.run(PG:12)
12-24 21:36:50.646  7113  7140 E DocsApplication: 	at yhx.d(PG:13)
12-24 21:36:50.646  7113  7140 E DocsApplication: 	at yfl.e(PG:3)
12-24 21:36:50.646  7113  7140 E DocsApplication: 	at yif$a.run(PG:3)
12-24 21:36:50.646  7113  7140 E DocsApplication: 	at yfv$a.run(PG:10)
12-24 21:36:50.646  7113  7140 E DocsApplication: 	at ylu.run(PG:14)
12-24 21:36:50.646  7113  7140 E DocsApplication: 	at ylu.call(PG:1)
12-24 21:36:50.646  7113  7140 E DocsApplication: 	at java.util.concurrent.FutureTask.run(FutureTask.java:317)
12-24 21:36:50.646  7113  7140 E DocsApplication: 	at java.util.concurrent.ScheduledThreadPoolExecutor$ScheduledFutureTask.run(ScheduledThreadPoolExecutor.java:348)
12-24 21:36:50.646  7113  7140 E DocsApplication: 	at java.util.concurrent.ThreadPoolExecutor.runWorker(ThreadPoolExecutor.java:1154)
12-24 21:36:50.646  7113  7140 E DocsApplication: 	at java.util.concurrent.ThreadPoolExecutor$Worker.run(ThreadPoolExecutor.java:652)
12-24 21:36:50.646  7113  7140 E DocsApplication: 	at java.lang.Thread.run(Thread.java:1563)
12-24 21:36:50.706   608  7097 E android.hardware.audio@7.1-impl.ranchu: pcmWrite:260 failure: -1
12-24 21:36:50.767  7113  7150 E ashmem  : Pinning is deprecated since Android Q. Please use trim or other methods.
12-24 21:36:50.811   608  7097 E android.hardware.audio@7.1-impl.ranchu: pcmWrite:260 failure: -1
12-24 21:36:50.914   608  7097 E android.hardware.audio@7.1-impl.ranchu: pcmWrite:260 failure: -1
12-24 21:36:51.022   608  7097 E android.hardware.audio@7.1-impl.ranchu: pcmWrite:260 failure: -1
12-24 21:36:51.127   608  7097 E android.hardware.audio@7.1-impl.ranchu: pcmWrite:260 failure: -1
12-24 21:36:51.234   608  7097 E android.hardware.audio@7.1-impl.ranchu: pcmWrite:260 failure: -1
12-24 21:36:51.339   608  7097 E android.hardware.audio@7.1-impl.ranchu: pcmWrite:260 failure: -1
12-24 21:36:51.443   608  7097 E android.hardware.audio@7.1-impl.ranchu: pcmWrite:260 failure: -1
12-24 21:36:51.546   608  7097 E android.hardware.audio@7.1-impl.ranchu: pcmWrite:260 failure: -1
12-24 21:36:51.652   608  7097 E android.hardware.audio@7.1-impl.ranchu: pcmWrite:260 failure: -1
12-24 21:36:51.684   919  1254 E system_server: No package ID 7f found for resource ID 0x7f08042f.
12-24 21:36:51.684   919  1254 E system_server: No package ID 7f found for resource ID 0x7f1409b3.
12-24 21:36:51.685   919  1254 E system_server: No package ID 7f found for resource ID 0x7f1409b3.
12-24 21:36:51.690  3575  3718 E SatelliteAppTracker: packageName: com.google.android.apps.docs, value: null
12-24 21:36:51.778   919  1254 E system_server: No package ID 7f found for resource ID 0x7f08042b.
12-24 21:36:51.778   919  1254 E system_server: No package ID 7f found for resource ID 0x7f1409b1.
12-24 21:36:51.778   919  1254 E system_server: No package ID 7f found for resource ID 0x7f1409b1.
12-24 21:36:51.778   919  1254 E system_server: No package ID 7f found for resource ID 0x7f08042d.
12-24 21:36:51.779   919  1254 E system_server: No package ID 7f found for resource ID 0x7f1409b2.
12-24 21:36:51.779   919  1254 E system_server: No package ID 7f found for resource ID 0x7f1409b2.
12-24 21:36:51.779   919  1254 E ShortcutService: Ignoring excessive intent tag.
12-24 21:36:51.895  3575  3575 E SmsApplication: com.google.android.apps.messaging lost android:read_cell_broadcasts:  (fixing)
12-24 21:36:51.954   919  2064 E RoleControllerServiceImpl: Default/fallback role holder package doesn't qualify for the role, package: com.google.android.gms.supervision, role: android.app.role.SYSTEM_SUPERVISION, user: 0
12-24 21:36:51.975   919  2064 E RoleControllerServiceImpl: Default/fallback role holder package doesn't qualify for the role, package: com.google.android.gms, role: android.app.role.SYSTEM_DEPENDENCY_INSTALLER, user: 0
12-24 21:36:52.004   919  2064 E RoleControllerServiceImpl: Default/fallback role holder package doesn't qualify for the role, package: com.google.android.gms, role: android.app.role.WALLET, user: 0
12-24 21:36:52.346  3575  3910 E SmsApplication: com.google.android.apps.messaging lost android:read_cell_broadcasts:  (fixing)
12-24 21:36:52.629   919  1948 E TaskPersister: File error accessing recents directory (directory doesn't exist?).
12-24 21:36:53.896  7113  7195 E GoogleApiManager: Failed to get service from broker. 
12-24 21:36:53.896  7113  7195 E GoogleApiManager: java.lang.SecurityException: Unknown calling package name 'com.google.android.gms'.
12-24 21:36:53.896  7113  7195 E GoogleApiManager: 	at android.os.Parcel.createExceptionOrNull(Parcel.java:3373)
12-24 21:36:53.896  7113  7195 E GoogleApiManager: 	at android.os.Parcel.createException(Parcel.java:3357)
12-24 21:36:53.896  7113  7195 E GoogleApiManager: 	at android.os.Parcel.readException(Parcel.java:3340)
12-24 21:36:53.896  7113  7195 E GoogleApiManager: 	at android.os.Parcel.readException(Parcel.java:3282)
12-24 21:36:53.896  7113  7195 E GoogleApiManager: 	at bcla.a(:com.google.android.gms@254730038@25.47.30 (260800-833691957):36)
12-24 21:36:53.896  7113  7195 E GoogleApiManager: 	at bcjb.z(:com.google.android.gms@254730038@25.47.30 (260800-833691957):143)
12-24 21:36:53.896  7113  7195 E GoogleApiManager: 	at bbpe.run(:com.google.android.gms@254730038@25.47.30 (260800-833691957):42)
12-24 21:36:53.896  7113  7195 E GoogleApiManager: 	at android.os.Handler.handleCallback(Handler.java:1070)
12-24 21:36:53.896  7113  7195 E GoogleApiManager: 	at android.os.Handler.dispatchMessage(Handler.java:125)
12-24 21:36:53.896  7113  7195 E GoogleApiManager: 	at cpoc.ms(:com.google.android.gms@254730038@25.47.30 (260800-833691957):1)
12-24 21:36:53.896  7113  7195 E GoogleApiManager: 	at cpoc.dispatchMessage(:com.google.android.gms@254730038@25.47.30 (260800-833691957):5)
12-24 21:36:53.896  7113  7195 E GoogleApiManager: 	at android.os.Looper.dispatchMessage(Looper.java:333)
12-24 21:36:53.896  7113  7195 E GoogleApiManager: 	at android.os.Looper.loopOnce(Looper.java:263)
12-24 21:36:53.896  7113  7195 E GoogleApiManager: 	at android.os.Looper.loop(Looper.java:367)
12-24 21:36:53.896  7113  7195 E GoogleApiManager: 	at android.os.HandlerThread.run(HandlerThread.java:139)
12-24 21:36:57.698  2336  7172 E libbinder.IPCThreadState: Binder transaction failure. id: 325299, cmd: BR_DEAD_REPLY (29189), error: -22 (Invalid argument)
12-24 21:36:57.704  2336  7172 E libbinder.IPCThreadState: Binder transaction failure. id: 325326, cmd: BR_DEAD_REPLY (29189), error: -22 (Invalid argument)
12-24 21:36:57.827  2336  7172 E libbinder.IPCThreadState: Binder transaction failure. id: 325522, cmd: BR_DEAD_REPLY (29189), error: -22 (Invalid argument)
12-24 21:36:57.906  2336  3804 E libbinder.IPCThreadState: Process seems to be sending too many oneway calls.
12-24 21:36:58.087  5295  5341 E BugleRcs: RcsEngineLifecycleManagerV2: RcsServiceConnectionException was raised while waiting to connect to RcsEngineLifecycleServiceV2
12-24 21:36:58.087  5295  5341 E BugleRcs: crsk: RcsServiceConnectionException:com.google.android.rcs.client.lifecycle.RcsEngineLifecycleServiceV2:UNKNOWN
12-24 21:36:58.087  5295  5341 E BugleRcs: 	at crrr.a(PG:54)
12-24 21:36:58.087  5295  5341 E BugleRcs: 	at kol.a(PG:19)
12-24 21:36:58.087  5295  5341 E BugleRcs: 	at crrs.a(PG:14)
12-24 21:36:58.087  5295  5341 E BugleRcs: 	at eiht.a(PG:13)
12-24 21:36:58.087  5295  5341 E BugleRcs: 	at eota.a(PG:3)
12-24 21:36:58.087  5295  5341 E BugleRcs: 	at eory.run(PG:19)
12-24 21:36:58.087  5295  5341 E BugleRcs: 	at eotc.run(PG:5)
12-24 21:36:58.087  5295  5341 E BugleRcs: 	at dqkn.run(PG:7)
12-24 21:36:58.087  5295  5341 E BugleRcs: 	at java.util.concurrent.ThreadPoolExecutor.runWorker(ThreadPoolExecutor.java:1154)
12-24 21:36:58.087  5295  5341 E BugleRcs: 	at java.util.concurrent.ThreadPoolExecutor$Worker.run(ThreadPoolExecutor.java:652)
12-24 21:36:58.087  5295  5341 E BugleRcs: 	at dqju.run(PG:6)
12-24 21:36:58.087  5295  5341 E BugleRcs: 	at java.lang.Thread.run(Thread.java:1563)
12-24 21:36:58.087  5295  5341 E BugleRcs: 	at dqlo.run(PG:61)
12-24 21:36:58.087  5295  5328 E BugleRcs: RcsEngineLifecycleManagerV2: RcsServiceConnectionException was raised while waiting to connect to RcsEngineLifecycleServiceV2
12-24 21:36:58.087  5295  5328 E BugleRcs: crsk: RcsServiceConnectionException:com.google.android.rcs.client.lifecycle.RcsEngineLifecycleServiceV2:UNKNOWN
12-24 21:36:58.087  5295  5328 E BugleRcs: 	at crrr.a(PG:54)
12-24 21:36:58.087  5295  5328 E BugleRcs: 	at kol.a(PG:19)
12-24 21:36:58.087  5295  5328 E BugleRcs: 	at crrs.a(PG:14)
12-24 21:36:58.087  5295  5328 E BugleRcs: 	at eiht.a(PG:13)
12-24 21:36:58.087  5295  5328 E BugleRcs: 	at eota.a(PG:3)
12-24 21:36:58.087  5295  5328 E BugleRcs: 	at eory.run(PG:19)
12-24 21:36:58.087  5295  5328 E BugleRcs: 	at eotc.run(PG:5)
12-24 21:36:58.087  5295  5328 E BugleRcs: 	at dqkn.run(PG:7)
12-24 21:36:58.087  5295  5328 E BugleRcs: 	at java.util.concurrent.ThreadPoolExecutor.runWorker(ThreadPoolExecutor.java:1154)
12-24 21:36:58.087  5295  5328 E BugleRcs: 	at java.util.concurrent.ThreadPoolExecutor$Worker.run(ThreadPoolExecutor.java:652)
12-24 21:36:58.087  5295  5328 E BugleRcs: 	at dqju.run(PG:6)
12-24 21:36:58.087  5295  5328 E BugleRcs: 	at java.lang.Thread.run(Thread.java:1563)
12-24 21:36:58.087  5295  5328 E BugleRcs: 	at dqlo.run(PG:61)
12-24 21:37:03.918  7113  7195 E GoogleApiManager: Failed to get service from broker. 
12-24 21:37:03.918  7113  7195 E GoogleApiManager: java.lang.SecurityException: Unknown calling package name 'com.google.android.gms'.
12-24 21:37:03.918  7113  7195 E GoogleApiManager: 	at android.os.Parcel.createExceptionOrNull(Parcel.java:3373)
12-24 21:37:03.918  7113  7195 E GoogleApiManager: 	at android.os.Parcel.createException(Parcel.java:3357)
12-24 21:37:03.918  7113  7195 E GoogleApiManager: 	at android.os.Parcel.readException(Parcel.java:3340)
12-24 21:37:03.918  7113  7195 E GoogleApiManager: 	at android.os.Parcel.readException(Parcel.java:3282)
12-24 21:37:03.918  7113  7195 E GoogleApiManager: 	at bcla.a(:com.google.android.gms@254730038@25.47.30 (260800-833691957):36)
12-24 21:37:03.918  7113  7195 E GoogleApiManager: 	at bcjb.z(:com.google.android.gms@254730038@25.47.30 (260800-833691957):143)
12-24 21:37:03.918  7113  7195 E GoogleApiManager: 	at bbpe.run(:com.google.android.gms@254730038@25.47.30 (260800-833691957):42)
12-24 21:37:03.918  7113  7195 E GoogleApiManager: 	at android.os.Handler.handleCallback(Handler.java:1070)
12-24 21:37:03.918  7113  7195 E GoogleApiManager: 	at android.os.Handler.dispatchMessage(Handler.java:125)
12-24 21:37:03.918  7113  7195 E GoogleApiManager: 	at cpoc.ms(:com.google.android.gms@254730038@25.47.30 (260800-833691957):1)
12-24 21:37:03.918  7113  7195 E GoogleApiManager: 	at cpoc.dispatchMessage(:com.google.android.gms@254730038@25.47.30 (260800-833691957):5)
12-24 21:37:03.918  7113  7195 E GoogleApiManager: 	at android.os.Looper.dispatchMessage(Looper.java:333)
12-24 21:37:03.918  7113  7195 E GoogleApiManager: 	at android.os.Looper.loopOnce(Looper.java:263)
12-24 21:37:03.918  7113  7195 E GoogleApiManager: 	at android.os.Looper.loop(Looper.java:367)
12-24 21:37:03.918  7113  7195 E GoogleApiManager: 	at android.os.HandlerThread.run(HandlerThread.java:139)
12-24 21:40:33.494  3575  3575 E SatelliteController: registerForSatelliteModemStateChanged: mSatelliteSessionController is not initialized yet
12-24 21:40:51.751   919  1010 E GFXSTREAM: [egl.cpp(2130)] eglQueryContext 32c0  EGL_BAD_ATTRIBUTE
12-24 21:40:51.751   919  1010 E GFXSTREAM: [egl.cpp(2131)] tid 1010: error 0x3004 (EGL_BAD_ATTRIBUTE)
12-24 21:40:54.522   919  1010 E Surface : [ColorFade#7(BLAST Consumer)7](id:39700000015) clearBuffersForDisconnectLocked: 1 buffers were freed while being dequeued!
12-24 21:40:54.524   919  1010 E Surface : [ColorFade#7(BLAST Consumer)7-DISCONNECTED](id:0) Surface::cancelBuffer given a leaked buffer! Deleting extra held reference.
12-24 21:41:01.680  6519  6656 E ashmem  : Pinning is deprecated since Android Q. Please use trim or other methods.
12-24 21:41:08.355  1418  1526 E ServiceManager: error in isDeclared
12-24 21:41:08.355  1418  1526 E ServiceManager: java.lang.SecurityException: SELinux denied for service.
12-24 21:41:08.355  1418  1526 E ServiceManager: 	at android.os.Parcel.createExceptionOrNull(Parcel.java:3373)
12-24 21:41:08.355  1418  1526 E ServiceManager: 	at android.os.Parcel.createException(Parcel.java:3357)
12-24 21:41:08.355  1418  1526 E ServiceManager: 	at android.os.Parcel.readException(Parcel.java:3340)
12-24 21:41:08.355  1418  1526 E ServiceManager: 	at android.os.Parcel.readException(Parcel.java:3282)
12-24 21:41:08.355  1418  1526 E ServiceManager: 	at android.os.IServiceManager$Stub$Proxy.isDeclared(IServiceManager.java:689)
12-24 21:41:08.355  1418  1526 E ServiceManager: 	at android.os.ServiceManagerProxy.isDeclared(ServiceManagerNative.java:104)
12-24 21:41:08.355  1418  1526 E ServiceManager: 	at android.os.ServiceManager.isDeclared(ServiceManager.java:297)
12-24 21:41:08.355  1418  1526 E ServiceManager: 	at android.os.ServiceManager.waitForDeclaredService(ServiceManager.java:353)
12-24 21:41:08.355  1418  1526 E ServiceManager: 	at com.google.android.systemui.googlebattery.GoogleBatteryManager.initHalInterface(go/retraceme 697e1bf07aef4913233d92061dbc421946b7e03b6ddb8ffefa6f27b51f8e65cb:17)
12-24 21:41:08.355  1418  1526 E ServiceManager: 	at com.google.android.systemui.power.batteryevent.repository.SystemEventDataSource$processIntent$2.invokeSuspend(go/retraceme 697e1bf07aef4913233d92061dbc421946b7e03b6ddb8ffefa6f27b51f8e65cb:149)
12-24 21:41:08.355  1418  1526 E ServiceManager: 	at kotlin.coroutines.jvm.internal.BaseContinuationImpl.resumeWith(go/retraceme 697e1bf07aef4913233d92061dbc421946b7e03b6ddb8ffefa6f27b51f8e65cb:8)
12-24 21:41:08.355  1418  1526 E ServiceManager: 	at kotlinx.coroutines.DispatchedTask.run(go/retraceme 697e1bf07aef4913233d92061dbc421946b7e03b6ddb8ffefa6f27b51f8e65cb:110)
12-24 21:41:08.355  1418  1526 E ServiceManager: 	at java.util.concurrent.Executors$RunnableAdapter.call(Executors.java:520)
12-24 21:41:08.355  1418  1526 E ServiceManager: 	at java.util.concurrent.FutureTask.run(FutureTask.java:317)
12-24 21:41:08.355  1418  1526 E ServiceManager: 	at java.util.concurrent.ScheduledThreadPoolExecutor$ScheduledFutureTask.run(ScheduledThreadPoolExecutor.java:348)
12-24 21:41:08.355  1418  1526 E ServiceManager: 	at java.util.concurrent.ThreadPoolExecutor.runWorker(ThreadPoolExecutor.java:1154)
12-24 21:41:08.355  1418  1526 E ServiceManager: 	at java.util.concurrent.ThreadPoolExecutor$Worker.run(ThreadPoolExecutor.java:652)
12-24 21:41:08.355  1418  1526 E ServiceManager: 	at java.lang.Thread.run(Thread.java:1563)
12-24 21:41:12.875  1418  1528 E ServiceManager: error in isDeclared
12-24 21:41:12.875  1418  1528 E ServiceManager: java.lang.SecurityException: SELinux denied for service.
12-24 21:41:12.875  1418  1528 E ServiceManager: 	at android.os.Parcel.createExceptionOrNull(Parcel.java:3373)
12-24 21:41:12.875  1418  1528 E ServiceManager: 	at android.os.Parcel.createException(Parcel.java:3357)
12-24 21:41:12.875  1418  1528 E ServiceManager: 	at android.os.Parcel.readException(Parcel.java:3340)
12-24 21:41:12.875  1418  1528 E ServiceManager: 	at android.os.Parcel.readException(Parcel.java:3282)
12-24 21:41:12.875  1418  1528 E ServiceManager: 	at android.os.IServiceManager$Stub$Proxy.isDeclared(IServiceManager.java:689)
12-24 21:41:12.875  1418  1528 E ServiceManager: 	at android.os.ServiceManagerProxy.isDeclared(ServiceManagerNative.java:104)
12-24 21:41:12.875  1418  1528 E ServiceManager: 	at android.os.ServiceManager.isDeclared(ServiceManager.java:297)
12-24 21:41:12.875  1418  1528 E ServiceManager: 	at android.os.ServiceManager.waitForDeclaredService(ServiceManager.java:353)
12-24 21:41:12.875  1418  1528 E ServiceManager: 	at com.google.android.systemui.googlebattery.GoogleBatteryManager.initHalInterface(go/retraceme 697e1bf07aef4913233d92061dbc421946b7e03b6ddb8ffefa6f27b51f8e65cb:17)
12-24 21:41:12.875  1418  1528 E ServiceManager: 	at com.google.android.systemui.power.batteryevent.repository.SystemEventDataSource$processIntent$2.invokeSuspend(go/retraceme 697e1bf07aef4913233d92061dbc421946b7e03b6ddb8ffefa6f27b51f8e65cb:149)
12-24 21:41:12.875  1418  1528 E ServiceManager: 	at kotlin.coroutines.jvm.internal.BaseContinuationImpl.resumeWith(go/retraceme 697e1bf07aef4913233d92061dbc421946b7e03b6ddb8ffefa6f27b51f8e65cb:8)
12-24 21:41:12.875  1418  1528 E ServiceManager: 	at kotlinx.coroutines.DispatchedTask.run(go/retraceme 697e1bf07aef4913233d92061dbc421946b7e03b6ddb8ffefa6f27b51f8e65cb:110)
12-24 21:41:12.875  1418  1528 E ServiceManager: 	at java.util.concurrent.Executors$RunnableAdapter.call(Executors.java:520)
12-24 21:41:12.875  1418  1528 E ServiceManager: 	at java.util.concurrent.FutureTask.run(FutureTask.java:317)
12-24 21:41:12.875  1418  1528 E ServiceManager: 	at java.util.concurrent.ScheduledThreadPoolExecutor$ScheduledFutureTask.run(ScheduledThreadPoolExecutor.java:348)
12-24 21:41:12.875  1418  1528 E ServiceManager: 	at java.util.concurrent.ThreadPoolExecutor.runWorker(ThreadPoolExecutor.java:1154)
12-24 21:41:12.875  1418  1528 E ServiceManager: 	at java.util.concurrent.ThreadPoolExecutor$Worker.run(ThreadPoolExecutor.java:652)
12-24 21:41:12.875  1418  1528 E ServiceManager: 	at java.lang.Thread.run(Thread.java:1563)
12-24 21:41:14.036  3186  3377 F bluetooth: system/gd/hci/hci_layer.cc:537 on_hardware_error: Hardware Error Event with code 0x42
12-24 21:41:14.068  3186  3377 F libc    : Fatal signal 6 (SIGABRT), code -1 (SI_QUEUE) in tid 3377 (gd_stack_thread), pid 3186 (droid.bluetooth)
12-24 21:41:15.459  7345  7345 E DEBUG   : failed to read process info: failed to open /proc/3186: No such file or directory
12-24 21:41:16.062  7319  7357 E ashmem  : Pinning is deprecated since Android Q. Please use trim or other methods.
12-24 21:41:24.619  7345  7345 F DEBUG   : *** *** *** *** *** *** *** *** *** *** *** *** *** *** *** ***
12-24 21:41:24.619  7345  7345 F DEBUG   : Build fingerprint: 'google/sdk_gphone64_x86_64/emu64xa:16/BP41.250916.009.A1/14246511:user/release-keys'
12-24 21:41:24.619  7345  7345 F DEBUG   : Kernel Release: '6.12.38-android16-5-gbb9513914902-ab13996879'
12-24 21:41:24.619  7345  7345 F DEBUG   : Revision: '0'
12-24 21:41:24.619  7345  7345 F DEBUG   : ABI: 'x86_64'
12-24 21:41:24.619  7345  7345 F DEBUG   : Timestamp: 2025-12-24 21:41:15.412757700+0530
12-24 21:41:24.619  7345  7345 F DEBUG   : Process uptime: 0s
12-24 21:41:24.619  7345  7345 F DEBUG   : Executable: /system/bin/app_process64
12-24 21:41:24.620  7345  7345 F DEBUG   : Cmdline: com.google.android.bluetooth
12-24 21:41:24.620  7345  7345 F DEBUG   : pid: 3186, tid: 3377, name: gd_stack_thread  >>> com.google.android.bluetooth <<<
12-24 21:41:24.620  7345  7345 F DEBUG   : uid: 1002
12-24 21:41:24.620  7345  7345 F DEBUG   : signal 6 (SIGABRT), code -1 (SI_QUEUE), fault addr --------
12-24 21:41:24.620  7345  7345 F DEBUG   : Abort message: 'system/gd/hci/hci_layer.cc:537 on_hardware_error: Hardware Error Event with code 0x42'
12-24 21:41:24.620  7345  7345 F DEBUG   :     rax 0000000000000000  rbx 0000000000000c72  rcx 000077dfe16bcce4  rdx 0000000000000006
12-24 21:41:24.620  7345  7345 F DEBUG   :     r8  000077dc9b689440  r9  000077dc9b689440  r10 000077dc9b689400  r11 0000000000000203
12-24 21:41:24.620  7345  7345 F DEBUG   :     r12 000077de8c410930  r13 000077dc9bb1dca0  r14 0000000000000d31  r15 000077dd28809e00
12-24 21:41:24.620  7345  7345 F DEBUG   :     rdi 0000000000000c72  rsi 0000000000000d31
12-24 21:41:24.620  7345  7345 F DEBUG   :     rbp 000077dc9b6894a0  rsp 000077dc9b689400  rip 000077dfe16bcce4  err 0000000000000004
12-24 21:41:24.620  7345  7345 F DEBUG   : 14 total frames
12-24 21:41:24.620  7345  7345 F DEBUG   : backtrace:
12-24 21:41:24.620  7345  7345 F DEBUG   :       #00 pc 000000000006fce4  /apex/com.android.runtime/lib64/bionic/libc.so (abort+196) (BuildId: 3f8afd2a8485f380e843af6d787a9af4)
12-24 21:41:24.620  7345  7345 F DEBUG   :       #01 pc 00000000008c61ae  /apex/com.android.art/lib64/libart.so (art::Runtime::Abort(char const*)+1614) (BuildId: 443d8619760adcc9570ec4eb148f8292)
12-24 21:41:24.620  7345  7345 F DEBUG   :       #02 pc 00000000000167fe  /apex/com.android.art/lib64/libbase.so (android::base::SetAborter(std::__1::function<void (char const*)>&&)::$_0::__invoke(char const*)+62) (BuildId: 2e4622e488810f1c2a1ab8c30d10a71a)
12-24 21:41:24.620  7345  7345 F DEBUG   :       #03 pc 0000000000e3097d  /apex/com.android.bt/lib64/libbluetooth_jni.so (bluetooth::log_internal::vlog(bluetooth::log_internal::Level, char const*, bluetooth::log_internal::source_location, std::__1::basic_string_view<char, std::__1::char_traits<char>>, std::__1::basic_format_args<std::__1::basic_format_context<std::__1::back_insert_iterator<std::__1::__format::__output_buffer<char>>, char>>)+925) (BuildId: a45dd92c6d0b7edc23dcbb7db3781137)
12-24 21:41:24.620  7345  7345 F DEBUG   :       #04 pc 0000000000ba0686  /apex/com.android.bt/lib64/libbluetooth_jni.so (void bluetooth::log::fatal<unsigned char>(std::__1::basic_format_string<char, std::__1::type_identity<unsigned char>::type>, unsigned char&&, bluetooth::log_internal::source_location)+118) (BuildId: a45dd92c6d0b7edc23dcbb7db3781137)
12-24 21:41:24.620  7345  7345 F DEBUG   :       #05 pc 0000000000b9a118  /apex/com.android.bt/lib64/libbluetooth_jni.so (bluetooth::hci::HciLayer::impl::on_hci_event(bluetooth::hci::EventView)+26248) (BuildId: a45dd92c6d0b7edc23dcbb7db3781137)
12-24 21:41:24.620  7345  7345 F DEBUG   :       #06 pc 0000000000b9a42e  /apex/com.android.bt/lib64/libbluetooth_jni.so (void base::internal::FunctorTraits<void (bluetooth::hci::HciLayer::impl::*)(bluetooth::hci::EventView), void>::Invoke<void (bluetooth::hci::HciLayer::impl::*)(bluetooth::hci::EventView), bluetooth::hci::HciLayer::impl*, bluetooth::hci::EventView>(void (bluetooth::hci::HciLayer::impl::*)(bluetooth::hci::EventView), bluetooth::hci::HciLayer::impl*&&, bluetooth::hci::EventView&&)+302) (BuildId: a45dd92c6d0b7edc23dcbb7db3781137)
12-24 21:41:24.620  7345  7345 F DEBUG   :       #07 pc 0000000000b9a2e4  /apex/com.android.bt/lib64/libbluetooth_jni.so (base::internal::Invoker<base::internal::BindState<void (bluetooth::hci::HciLayer::impl::*)(bluetooth::hci::EventView), base::internal::UnretainedWrapper<bluetooth::hci::HciLayer::impl>, bluetooth::hci::EventView>, void ()>::RunOnce(base::internal::BindStateBase*)+52) (BuildId: a45dd92c6d0b7edc23dcbb7db3781137)
12-24 21:41:24.621  7345  7345 F DEBUG   :       #08 pc 0000000000a64650  /apex/com.android.bt/lib64/libbluetooth_jni.so (bluetooth::os::Handler::handle_next_event()+352) (BuildId: a45dd92c6d0b7edc23dcbb7db3781137)
12-24 21:41:24.621  7345  7345 F DEBUG   :       #09 pc 0000000000a662db  /apex/com.android.bt/lib64/libbluetooth_jni.so (bluetooth::os::Reactor::Run()+1051) (BuildId: a45dd92c6d0b7edc23dcbb7db3781137)
12-24 21:41:24.621  7345  7345 F DEBUG   :       #10 pc 0000000000a67019  /apex/com.android.bt/lib64/libbluetooth_jni.so (bluetooth::os::Thread::run(bluetooth::os::Thread::Priority)+329) (BuildId: a45dd92c6d0b7edc23dcbb7db3781137)
12-24 21:41:24.622  7345  7345 F DEBUG   :       #11 pc 0000000000a671bc  /apex/com.android.bt/lib64/libbluetooth_jni.so (void* std::__1::__thread_proxy[abi:nn210000]<std::__1::tuple<std::__1::unique_ptr<std::__1::__thread_struct, std::__1::default_delete<std::__1::__thread_struct>>, void (bluetooth::os::Thread::*)(bluetooth::os::Thread::Priority), bluetooth::os::Thread*, bluetooth::os::Thread::Priority>>(void*)+60) (BuildId: a45dd92c6d0b7edc23dcbb7db3781137)
12-24 21:41:24.622  7345  7345 F DEBUG   :       #12 pc 0000000000080daf  /apex/com.android.runtime/lib64/bionic/libc.so (__pthread_start(void*) (.__uniq.67847048707805468364044055584648682506)+63) (BuildId: 3f8afd2a8485f380e843af6d787a9af4)
12-24 21:41:24.622  7345  7345 F DEBUG   :       #13 pc 00000000000734fd  /apex/com.android.runtime/lib64/bionic/libc.so (__start_thread+61) (BuildId: 3f8afd2a8485f380e843af6d787a9af4)
12-24 21:41:24.798   357   357 E tombstoned: Tombstone written to: tombstone_05
12-24 21:41:24.867   919  1094 E NativeTombstoneManager: Tombstone's UID (1002) not an app, ignoring
12-24 21:41:25.677   919  1129 E BluetoothSystemServer: BluetoothManagerService: MESSAGE_BLUETOOTH_SERVICE_DISCONNECTED
12-24 21:41:25.779   620   620 E android.hardware.bluetooth.service.default: unable to open /dev/rfkill: Permission denied
12-24 21:41:25.779   620   620 E android.hardware.bluetooth.service.default: rfkill unavailable
12-24 21:41:25.785   620   620 E libbinder.IPCThreadState: attemptIncStrongHandle(1): Not supported
12-24 21:41:26.967  3575  3718 E SatelliteAppTracker: packageName: com.google.android.bluetooth, value: null
12-24 21:41:27.029  3575  3575 E SmsApplication: com.google.android.apps.messaging lost android:read_cell_broadcasts:  (fixing)
12-24 21:41:27.666   919  2064 E RoleControllerServiceImpl: Default/fallback role holder package doesn't qualify for the role, package: com.google.android.gms.supervision, role: android.app.role.SYSTEM_SUPERVISION, user: 0
12-24 21:41:27.924   919  2064 E RoleControllerServiceImpl: Default/fallback role holder package doesn't qualify for the role, package: com.google.android.gms, role: android.app.role.SYSTEM_DEPENDENCY_INSTALLER, user: 0
12-24 21:41:28.086  3575  3910 E SmsApplication: com.google.android.apps.messaging lost android:read_cell_broadcasts:  (fixing)
12-24 21:41:28.439   919  2064 E RoleControllerServiceImpl: Default/fallback role holder package doesn't qualify for the role, package: com.google.android.gms, role: android.app.role.WALLET, user: 0
12-24 21:41:29.015   919  2064 E RoleControllerServiceImpl: Default/fallback role holder package doesn't qualify for the role, package: com.google.android.gms.supervision, role: android.app.role.SYSTEM_SUPERVISION, user: 0
12-24 21:41:29.278   919  2064 E RoleControllerServiceImpl: Default/fallback role holder package doesn't qualify for the role, package: com.google.android.gms, role: android.app.role.SYSTEM_DEPENDENCY_INSTALLER, user: 0
12-24 21:41:29.789  7375  7375 E ActivityThread: Failed to find provider info for bluetooth_legacy.provider
12-24 21:41:30.213   919  2064 E RoleControllerServiceImpl: Default/fallback role holder package doesn't qualify for the role, package: com.google.android.gms, role: android.app.role.WALLET, user: 0
12-24 21:41:30.466  7375  7375 E ashmem  : Pinning is deprecated since Android Q. Please use trim or other methods.
12-24 21:41:32.039   620   620 E android.hardware.bluetooth.service.default: unable to open /dev/rfkill: Permission denied
12-24 21:41:32.039   620   620 E android.hardware.bluetooth.service.default: rfkill unavailable
12-24 21:41:34.159  7375  7410 E bluetooth: system/gd/hci/hci_layer.cc:313 on_hci_timeout: Timed out waiting for SET_EVENT_MASK(0x0c01) for 2000ms, which was armed at: 2025-12-24 16:11:32.110600
12-24 21:41:34.160  7375  7410 E bluetooth: system/gd/hci/hci_layer.cc:318 on_hci_timeout: Flushing #9 waiting commands
12-24 21:41:35.007  7375  7411 F libc    : Fatal signal 6 (SIGABRT), code -6 (SI_TKILL) in tid 7411 (droid.bluetooth), pid 7375 (droid.bluetooth)
12-24 21:41:35.615  7417  7417 E DEBUG   : failed to read process info: failed to open /proc/7375: No such file or directory
12-24 21:41:36.100  7375  7410 F bluetooth: system/gd/hci/hci_layer.cc:537 on_hardware_error: Hardware Error Event with code 0x42
12-24 21:41:37.007  7375  7375 F bt_gd_shim: system/main/shim/stack.cc:208 StartEverything: Can't start stack
12-24 21:41:37.454  7375  7375 F droid.bluetooth: runtime.cc:714] Runtime aborting --- recursively, so no thread-specific detail!
12-24 21:41:37.454  7375  7375 F droid.bluetooth: runtime.cc:714] #00 pc 00811810  /apex/com.android.art/lib64/libart.so (art::DumpNativeStack+192) (BuildId: 443d8619760adcc9570ec4eb148f8292)
12-24 21:41:37.454  7375  7375 F droid.bluetooth: runtime.cc:714] #01 pc 00811717  /apex/com.android.art/lib64/libart.so (art::DumpNativeStack+231) (BuildId: 443d8619760adcc9570ec4eb148f8292)
12-24 21:41:37.454  7375  7375 F droid.bluetooth: runtime.cc:714] #02 pc 008c61fd  /apex/com.android.art/lib64/libart.so (art::Runtime::Abort+1693) (BuildId: 443d8619760adcc9570ec4eb148f8292)
12-24 21:41:37.454  7375  7375 F droid.bluetooth: runtime.cc:714] #03 pc 000167fe  /apex/com.android.art/lib64/libbase.so (android::base::SetAborter::$_0::__invoke+62) (BuildId: 2e4622e488810f1c2a1ab8c30d10a71a)
12-24 21:41:37.454  7375  7375 F droid.bluetooth: runtime.cc:714] #04 pc 00e3097d  /apex/com.android.bt/lib64/libbluetooth_jni.so (bluetooth::log_internal::vlog+925) (BuildId: a45dd92c6d0b7edc23dcbb7db3781137)
12-24 21:41:37.454  7375  7375 F droid.bluetooth: runtime.cc:714] #05 pc 00399e42  /apex/com.android.bt/lib64/libbluetooth_jni.so (bluetooth::shim::Stack::StartEverything+1010) (BuildId: a45dd92c6d0b7edc23dcbb7db3781137)
12-24 21:41:37.454  7375  7375 F droid.bluetooth: runtime.cc:714] #06 pc 006cb097  /apex/com.android.bt/lib64/libbluetooth_jni.so (ShimModuleStartUp +151) (BuildId: a45dd92c6d0b7edc23dcbb7db3781137)
12-24 21:41:37.454  7375  7375 F droid.bluetooth: runtime.cc:714] #07 pc 006ca25f  /apex/com.android.bt/lib64/libbluetooth_jni.so (module_start_up+383) (BuildId: a45dd92c6d0b7edc23dcbb7db3781137)
12-24 21:41:37.454  7375  7375 F droid.bluetooth: runtime.cc:714] #08 pc 006c95cb  /apex/com.android.bt/lib64/libbluetooth_jni.so (init_stack_internal+75) (BuildId: a45dd92c6d0b7edc23dcbb7db3781137)
12-24 21:41:37.454  7375  7375 F droid.bluetooth: runtime.cc:714] #09 pc 006c8d6c  /apex/com.android.bt/lib64/libbluetooth_jni.so (init_stack +268) (BuildId: a45dd92c6d0b7edc23dcbb7db3781137)
12-24 21:41:37.454  7375  7375 F droid.bluetooth: runtime.cc:714] #10 pc 00408328  /apex/com.android.bt/lib64/libbluetooth_jni.so (init+888) (BuildId: a45dd92c6d0b7edc23dcbb7db3781137)
12-24 21:41:37.454  7375  7375 F droid.bluetooth: runtime.cc:714] #11 pc 00340076  /apex/com.android.bt/lib64/libbluetooth_jni.so (android::initNative+486) (BuildId: a45dd92c6d0b7edc23dcbb7db3781137)
12-24 21:41:37.454  7375  7375 F droid.bluetooth: runtime.cc:714] #12 pc 0022cbeb  /apex/com.android.art/lib64/libart.so (art_quick_generic_jni_trampoline+219) (BuildId: 443d8619760adcc9570ec4eb148f8292)
12-24 21:41:37.454  7375  7375 F droid.bluetooth: runtime.cc:714] #13 pc 0020a039  /apex/com.android.art/lib64/libart.so (nterp_helper+5805) (BuildId: 443d8619760adcc9570ec4eb148f8292)
12-24 21:41:37.454  7375  7375 F droid.bluetooth: runtime.cc:714] #14 pc 00123a68  /data/dalvik-cache/x86_64/apex@com.android.bt@app@BluetoothGoogle@361153040@BluetoothGoogle.apk@classes.vdex (com.android.bluetooth.btservice.AdapterNativeInterface.init+24)
12-24 21:41:37.454  7375  7375 F droid.bluetooth: runtime.cc:714] #15 pc 00209fda  /apex/com.android.art/lib64/libart.so (nterp_helper+5710) (BuildId: 443d8619760adcc9570ec4eb148f8292)
12-24 21:41:37.454  7375  7375 F droid.bluetooth: runtime.cc:714] #16 pc 00130c8e  /data/dalvik-cache/x86_64/apex@com.android.bt@app@BluetoothGoogle@361153040@BluetoothGoogle.apk@classes.vdex (com.android.bluetooth.btservice.AdapterService.init+342)
12-24 21:41:37.454  7375  7375 F droid.bluetooth: runtime.cc:714] #17 pc 00209824  /apex/com.android.art/lib64/libart.so (nterp_helper+3736) (BuildId: 443d8619760adcc9570ec4eb148f8292)
12-24 21:41:37.454  7375  7375 F droid.bluetooth: runtime.cc:714] #18 pc 00130f9c  /data/dalvik-cache/x86_64/apex@com.android.bt@app@BluetoothGoogle@361153040@BluetoothGoogle.apk@classes.vdex (com.android.bluetooth.btservice.AdapterService.lambda$offToBleOn$3)
12-24 21:41:37.454  7375  7375 F droid.bluetooth: runtime.cc:714] #19 pc 00209824  /apex/com.android.art/lib64/libart.so (nterp_helper+3736) (BuildId: 443d8619760adcc9570ec4eb148f8292)
12-24 21:41:37.454  7375  7375 F droid.bluetooth: runtime.cc:714] #20 pc 0012f1bc  /data/dalvik-cache/x86_64/apex@com.android.bt@app@BluetoothGoogle@361153040@BluetoothGoogle.apk@classes.vdex (com.android.bluetooth.btservice.AdapterService.$r8$lambda$k6dNlatpp_eyOJE8v6nz6zRCm-s)
12-24 21:41:37.454  7375  7375 F droid.bluetooth: runtime.cc:714] #21 pc 002089c4  /apex/com.android.art/lib64/libart.so (nterp_helper+56) (BuildId: 443d8619760adcc9570ec4eb148f8292)
12-24 21:41:37.454  7375  7375 F droid.bluetooth: runtime.cc:714] #22 pc 00126830  /data/dalvik-cache/x86_64/apex@com.android.bt@app@BluetoothGoogle@361153040@BluetoothGoogle.apk@classes.vdex (com.android.bluetooth.btservice.AdapterService$$ExternalSyntheticLambda57.run+8)
12-24 21:41:37.454  7375  7375 F droid.bluetooth: runtime.cc:714] #23 pc 004c9d7c  /system/framework/x86_64/boot-framework.oat (android.os.Handler.dispatchMessage+76) (BuildId: f3ff1a9882baab2f2947c6277bb42ae83caba089)
12-24 21:41:37.455  7375  7375 F droid.bluetooth: runtime.cc:714] #24 pc 004ff27b  /system/framework/x86_64/boot-framework.oat (android.os.Looper.dispatchMessage+59) (BuildId: f3ff1a9882baab2f2947c6277bb42ae83caba089)
12-24 21:41:37.455  7375  7375 F droid.bluetooth: runtime.cc:714] #25 pc 004ffbe9  /system/framework/x86_64/boot-framework.oat (android.os.Looper.loopOnce+1305) (BuildId: f3ff1a9882baab2f2947c6277bb42ae83caba089)
12-24 21:41:37.455  7375  7375 F droid.bluetooth: runtime.cc:714] #26 pc 004ff61b  /system/framework/x86_64/boot-framework.oat (android.os.Looper.loop+235) (BuildId: f3ff1a9882baab2f2947c6277bb42ae83caba089)
12-24 21:41:37.455  7375  7375 F droid.bluetooth: runtime.cc:714] #27 pc 00253b85  /system/framework/x86_64/boot-framework.oat (android.app.ActivityThread.main+1365) (BuildId: f3ff1a9882baab2f2947c6277bb42ae83caba089)
12-24 21:41:37.455  7375  7375 F droid.bluetooth: runtime.cc:714] #28 pc 00212516  /apex/com.android.art/lib64/libart.so (art_quick_invoke_static_stub+806) (BuildId: 443d8619760adcc9570ec4eb148f8292)
12-24 21:41:37.455  7375  7375 F droid.bluetooth: runtime.cc:714] #29 pc 00466505  /apex/com.android.art/lib64/libart.so (art::ArtMethod::Invoke+261) (BuildId: 443d8619760adcc9570ec4eb148f8292)
12-24 21:41:37.455  7375  7375 F droid.bluetooth: runtime.cc:714] #30 pc 008bbaf9  /apex/com.android.art/lib64/libart.so (_jobject* art::InvokeMethod<8>+2121) (BuildId: 443d8619760adcc9570ec4eb148f8292)
12-24 21:41:37.455  7375  7375 F droid.bluetooth: runtime.cc:714] #31 pc 0080631a  /apex/com.android.art/lib64/libart.so (art::Method_invoke +42) (BuildId: 443d8619760adcc9570ec4eb148f8292)
12-24 21:41:37.455  7375  7375 F droid.bluetooth: runtime.cc:714] #32 pc 002f0eff  /system/framework/x86_64/boot.oat (art_jni_trampoline+127) (BuildId: 9d6a5ee9a9a83712a8e2d8255f7e34bb1ff3bc8c)
12-24 21:41:37.455  7375  7375 F droid.bluetooth: runtime.cc:714] #33 pc 007e56a5  /system/framework/x86_64/boot-framework.oat (com.android.internal.os.RuntimeInit$MethodAndArgsCaller.run+117) (BuildId: f3ff1a9882baab2f2947c6277bb42ae83caba089)
12-24 21:41:37.455  7375  7375 F droid.bluetooth: runtime.cc:714] #34 pc 007ec4f4  /system/framework/x86_64/boot-framework.oat (com.android.internal.os.ZygoteInit.main+2644) (BuildId: f3ff1a9882baab2f2947c6277bb42ae83caba089)
12-24 21:41:37.455  7375  7375 F droid.bluetooth: runtime.cc:714] #35 pc 00212516  /apex/com.android.art/lib64/libart.so (art_quick_invoke_static_stub+806) (BuildId: 443d8619760adcc9570ec4eb148f8292)
12-24 21:41:37.455  7375  7375 F droid.bluetooth: runtime.cc:714] #36 pc 00466505  /apex/com.android.art/lib64/libart.so (art::ArtMethod::Invoke+261) (BuildId: 443d8619760adcc9570ec4eb148f8292)
12-24 21:41:37.455  7375  7375 F droid.bluetooth: runtime.cc:714] #37 pc 008bc616  /apex/com.android.art/lib64/libart.so (art::JValue art::InvokeWithVarArgs<_jmethodID*>+518) (BuildId: 443d8619760adcc9570ec4eb148f8292)
12-24 21:41:37.455  7375  7375 F droid.bluetooth: runtime.cc:714] #38 pc 0074aa2a  /apex/com.android.art/lib64/libart.so (art::JNI<true>::CallStaticVoidMethodV+602) (BuildId: 443d8619760adcc9570ec4eb148f8292)
12-24 21:41:37.455  7375  7375 F droid.bluetooth: runtime.cc:714] #39 pc 000ff89e  /system/lib64/libandroid_runtime.so (_JNIEnv::CallStaticVoidMethod+126) (BuildId: 14e015f8c02f7488e89f9924409b56fb)
12-24 21:41:37.455  7375  7375 F droid.bluetooth: runtime.cc:714] #40 pc 00129c36  /system/lib64/libandroid_runtime.so (android::AndroidRuntime::start+966) (BuildId: 14e015f8c02f7488e89f9924409b56fb)
12-24 21:41:37.455  7375  7375 F droid.bluetooth: runtime.cc:714] #41 pc 00004718  /system/bin/app_process64 (main+1656) (BuildId: b1abef2e84bd27e96c7561f307bf0a42)
12-24 21:41:37.455  7375  7375 F droid.bluetooth: runtime.cc:714] #42 pc 00064415  /apex/com.android.runtime/lib64/bionic/libc.so (__libc_init+117) (BuildId: 3f8afd2a8485f380e843af6d787a9af4)
12-24 21:41:37.455  7375  7375 F droid.bluetooth: runtime.cc:714] 
12-24 21:41:39.834  7417  7417 F DEBUG   : *** *** *** *** *** *** *** *** *** *** *** *** *** *** *** ***
12-24 21:41:39.834  7417  7417 F DEBUG   : Build fingerprint: 'google/sdk_gphone64_x86_64/emu64xa:16/BP41.250916.009.A1/14246511:user/release-keys'
12-24 21:41:39.834  7417  7417 F DEBUG   : Kernel Release: '6.12.38-android16-5-gbb9513914902-ab13996879'
12-24 21:41:39.834  7417  7417 F DEBUG   : Revision: '0'
12-24 21:41:39.834  7417  7417 F DEBUG   : ABI: 'x86_64'
12-24 21:41:39.834  7417  7417 F DEBUG   : Timestamp: 2025-12-24 21:41:35.614876900+0530
12-24 21:41:39.834  7417  7417 F DEBUG   : Process uptime: 0s
12-24 21:41:39.834  7417  7417 F DEBUG   : Executable: /system/bin/app_process64
12-24 21:41:39.834  7417  7417 F DEBUG   : Cmdline: com.google.android.bluetooth
12-24 21:41:39.834  7417  7417 F DEBUG   : pid: 7375, tid: 7411, name: droid.bluetooth  >>> com.google.android.bluetooth <<<
12-24 21:41:39.834  7417  7417 F DEBUG   : uid: 1002
12-24 21:41:39.834  7417  7417 F DEBUG   : signal 6 (SIGABRT), code -6 (SI_TKILL), fault addr --------
12-24 21:41:39.834  7417  7417 F DEBUG   :     rax 00000000000000ca  rbx 0000000000000000  rcx 000077dfe16e3478  rdx 0000000000000000
12-24 21:41:39.834  7417  7417 F DEBUG   :     r8  0000000000000000  r9  000077dcffffffff  r10 0000000000000000  r11 0000000000000246
12-24 21:41:39.834  7417  7417 F DEBUG   :     r12 000077dc99b10728  r13 0000000000000089  r14 0000000000000000  r15 000077de6c414c50
12-24 21:41:39.834  7417  7417 F DEBUG   :     rdi 000077de6c414c50  rsi 0000000000000089
12-24 21:41:39.834  7417  7417 F DEBUG   :     rbp 000077dc99b0fa20  rsp 000077dc99b0f9c8  rip 000077dfe16e3476  err 0000000000000004
12-24 21:41:39.835  7417  7417 F DEBUG   : 14 total frames
12-24 21:41:39.835  7417  7417 F DEBUG   : backtrace:
12-24 21:41:39.835  7417  7417 F DEBUG   :       #00 pc 0000000000096476  /apex/com.android.runtime/lib64/bionic/libc.so (syscall+22) (BuildId: 3f8afd2a8485f380e843af6d787a9af4)
12-24 21:41:39.835  7417  7417 F DEBUG   :       #01 pc 000000000007227b  /apex/com.android.runtime/lib64/bionic/libc.so (__futex_wait_ex(void volatile*, bool, int, bool, timespec const*)+155) (BuildId: 3f8afd2a8485f380e843af6d787a9af4)
12-24 21:41:39.835  7417  7417 F DEBUG   :       #02 pc 000000000007ffd8  /apex/com.android.runtime/lib64/bionic/libc.so (pthread_cond_wait+56) (BuildId: 3f8afd2a8485f380e843af6d787a9af4)
12-24 21:41:39.835  7417  7417 F DEBUG   :       #03 pc 0000000000291a41  /apex/com.android.bt/lib64/libbluetooth_jni.so (std::__1::condition_variable::wait(std::__1::unique_lock<std::__1::mutex>&)+17) (BuildId: a45dd92c6d0b7edc23dcbb7db3781137)
12-24 21:41:39.835  7417  7417 F DEBUG   :       #04 pc 000000000029217a  /apex/com.android.bt/lib64/libbluetooth_jni.so (std::__1::__assoc_sub_state::wait()+74) (BuildId: a45dd92c6d0b7edc23dcbb7db3781137)
12-24 21:41:39.835  7417  7417 F DEBUG   :       #05 pc 0000000000aeeefe  /apex/com.android.bt/lib64/libbluetooth_jni.so (bluetooth::hci::ControllerImpl::ControllerImpl(bluetooth::os::Handler*, bluetooth::hci::HciInterface*)+7838) (BuildId: a45dd92c6d0b7edc23dcbb7db3781137)
12-24 21:41:39.835  7417  7417 F DEBUG   :       #06 pc 000000000039a0aa  /apex/com.android.bt/lib64/libbluetooth_jni.so (bluetooth::shim::Stack::handle_start_up(std::__1::promise<void>)+202) (BuildId: a45dd92c6d0b7edc23dcbb7db3781137)
12-24 21:41:39.835  7417  7417 F DEBUG   :       #07 pc 000000000039b73a  /apex/com.android.bt/lib64/libbluetooth_jni.so (base::internal::Invoker<base::internal::BindState<void (bluetooth::shim::Stack::*)(std::__1::promise<void>), base::internal::UnretainedWrapper<bluetooth::shim::Stack>, std::__1::promise<void>>, void ()>::RunOnce(base::internal::BindStateBase*)+74) (BuildId: a45dd92c6d0b7edc23dcbb7db3781137)
12-24 21:41:39.835  7417  7417 F DEBUG   :       #08 pc 0000000000a64650  /apex/com.android.bt/lib64/libbluetooth_jni.so (bluetooth::os::Handler::handle_next_event()+352) (BuildId: a45dd92c6d0b7edc23dcbb7db3781137)
12-24 21:41:39.835  7417  7417 F DEBUG   :       #09 pc 0000000000a662db  /apex/com.android.bt/lib64/libbluetooth_jni.so (bluetooth::os::Reactor::Run()+1051) (BuildId: a45dd92c6d0b7edc23dcbb7db3781137)
12-24 21:41:39.835  7417  7417 F DEBUG   :       #10 pc 0000000000a67019  /apex/com.android.bt/lib64/libbluetooth_jni.so (bluetooth::os::Thread::run(bluetooth::os::Thread::Priority)+329) (BuildId: a45dd92c6d0b7edc23dcbb7db3781137)
12-24 21:41:39.835  7417  7417 F DEBUG   :       #11 pc 0000000000a671bc  /apex/com.android.bt/lib64/libbluetooth_jni.so (void* std::__1::__thread_proxy[abi:nn210000]<std::__1::tuple<std::__1::unique_ptr<std::__1::__thread_struct, std::__1::default_delete<std::__1::__thread_struct>>, void (bluetooth::os::Thread::*)(bluetooth::os::Thread::Priority), bluetooth::os::Thread*, bluetooth::os::Thread::Priority>>(void*)+60) (BuildId: a45dd92c6d0b7edc23dcbb7db3781137)
12-24 21:41:39.835  7417  7417 F DEBUG   :       #12 pc 0000000000080daf  /apex/com.android.runtime/lib64/bionic/libc.so (__pthread_start(void*) (.__uniq.67847048707805468364044055584648682506)+63) (BuildId: 3f8afd2a8485f380e843af6d787a9af4)
12-24 21:41:39.835  7417  7417 F DEBUG   :       #13 pc 00000000000734fd  /apex/com.android.runtime/lib64/bionic/libc.so (__start_thread+61) (BuildId: 3f8afd2a8485f380e843af6d787a9af4)
12-24 21:41:39.862   357   357 E tombstoned: Tombstone written to: tombstone_06
12-24 21:41:39.864   919  1094 E NativeTombstoneManager: Tombstone's UID (1002) not an app, ignoring
12-24 21:41:39.890   620   620 E android.hardware.bluetooth.service.default: unable to open /dev/rfkill: Permission denied
12-24 21:41:39.890   620   620 E android.hardware.bluetooth.service.default: rfkill unavailable
12-24 21:41:39.890   620   620 E libbinder.IPCThreadState: attemptIncStrongHandle(1): Not supported
12-24 21:41:39.915   919  1129 E BluetoothSystemServer: BluetoothManagerService: MESSAGE_BLUETOOTH_SERVICE_DISCONNECTED
12-24 21:41:41.549   919  2385 E SurfaceSyncGroup: Failed to receive transaction ready in 1000ms. Marking SurfaceSyncGroup(wmsSync-VRI[bluetooth]#6) as ready
12-24 21:41:41.551   919  2385 E SurfaceSyncGroup: Failed to receive transaction ready in 1000ms. Marking SurfaceSyncGroup(VRI[bluetooth]#7) as ready
12-24 21:41:41.720  7432  7432 E ActivityThread: Failed to find provider info for bluetooth_legacy.provider
12-24 21:41:41.959  7432  7432 E ashmem  : Pinning is deprecated since Android Q. Please use trim or other methods.
12-24 21:41:42.682   620   620 E android.hardware.bluetooth.service.default: unable to open /dev/rfkill: Permission denied
12-24 21:41:42.682   620   620 E android.hardware.bluetooth.service.default: rfkill unavailable
12-24 21:41:43.686   620   620 E android.hardware.bluetooth.service.default: HCI Reset Response not received in one second
12-24 21:41:43.879  7432  7460 E bluetooth: system/gd/hal/socket_hal_impl_android.cc:88 SocketHalImpl: The service android.hardware.bluetooth.socket.IBluetoothSocket/default is not declared
12-24 21:41:44.624  7432  7432 E AvrcpTargetService: Please use AVRCP version 1.6 to enable cover art
12-24 21:41:44.678  7432  7432 E BluetoothHeadsetServiceJni: android/app/jni/com_android_bluetooth_hfp.cpp:1026 enableSwbNative: Failed to disable
12-24 21:41:44.993  7432  7468 E VapsServerService: Event ignored, service not available: VapsServerStackEvent {type:EVENT_TYPE_ON_INITIALIZED, device:null}
12-24 21:41:45.121   919  1129 E BluetoothAdapter: Failed to retrieve a binder for LE_AUDIO
12-24 21:41:45.127   919  1129 E BluetoothAdapter: Failed to retrieve a binder for LE_AUDIO_BROADCAST
12-24 21:41:45.141   919  1129 E BluetoothAdapter: Failed to retrieve a binder for VOLUME_CONTROL
12-24 21:41:45.149   919  1129 E BluetoothAdapter: Failed to retrieve a binder for LE_AUDIO_BROADCAST_ASSISTANT
12-24 21:41:45.162   919  1129 E BluetoothAdapter: Failed to retrieve a binder for LE_AUDIO_BROADCAST
12-24 21:41:45.164   919  1129 E BluetoothAdapter: Failed to retrieve a binder for A2DP_SINK
12-24 21:41:45.168   919  1129 E BluetoothAdapter: Failed to retrieve a binder for LE_AUDIO
12-24 21:41:45.192   919  1129 E BluetoothAdapter: Failed to retrieve a binder for LE_AUDIO
12-24 21:41:45.775  3575  3718 E SatelliteAppTracker: packageName: com.google.android.bluetooth, value: null
12-24 21:41:45.843   919  2064 E RoleControllerServiceImpl: Default/fallback role holder package doesn't qualify for the role, package: com.google.android.gms.supervision, role: android.app.role.SYSTEM_SUPERVISION, user: 0
12-24 21:41:45.902  3575  3575 E SmsApplication: com.google.android.apps.messaging lost android:read_cell_broadcasts:  (fixing)
12-24 21:41:45.958   919  2064 E RoleControllerServiceImpl: Default/fallback role holder package doesn't qualify for the role, package: com.google.android.gms, role: android.app.role.SYSTEM_DEPENDENCY_INSTALLER, user: 0
12-24 21:41:46.101   919  2064 E RoleControllerServiceImpl: Default/fallback role holder package doesn't qualify for the role, package: com.google.android.gms, role: android.app.role.WALLET, user: 0
12-24 21:41:46.212  3575  3910 E SmsApplication: com.google.android.apps.messaging lost android:read_cell_broadcasts:  (fixing)
12-24 21:43:08.374   919   985 E OomConnection: failed waiting for OOM events: java.lang.RuntimeException: listener failed waiting for OOM event
12-24 21:43:11.120   919  7542 E android.os.Debug: Failed to get binder state info for pid: 1771 status: -2: Success
12-24 21:43:16.988   919  7542 E android.os.Debug: Failed to get binder state info for pid: 1885 status: -2: Success
12-24 21:43:18.735   919  7542 E android.os.Debug: Failed to get binder state info for pid: 1960 status: -2: Success
12-24 21:43:19.858   919  7542 E android.os.Debug: Failed to get binder state info for pid: 3575 status: -2: Success
12-24 21:43:20.897   919  7542 E android.os.Debug: Failed to get binder state info for pid: 1547 status: -2: Success
12-24 21:43:21.382   919  7542 E android.os.Debug: Failed to get binder state info for pid: 1418 status: -2: Success
12-24 21:43:23.194   919  7542 E android.os.Debug: Failed to get binder state info for pid: 289 status: -2: Success
12-24 21:43:23.991  7566  7566 F crash_dump64: crash_dump.cpp:657] failed to attach to thread 304: Permission denied
12-24 21:43:23.993   304   304 F libc    : Unwind request: crash_dump helper failed to exec, or was killed
12-24 21:43:24.000   919  7542 E android.os.Debug: Failed to get binder state info for pid: 313 status: -2: Success
12-24 21:43:24.130  7570  7570 F crash_dump64: crash_dump.cpp:657] failed to attach to thread 313: Permission denied
12-24 21:43:24.133   313   313 F libc    : Unwind request: crash_dump helper failed to exec, or was killed
12-24 21:43:24.555   919  7542 E android.os.Debug: Failed to get binder state info for pid: 596 status: -2: Success
12-24 21:43:25.668   919  7542 E ActivityManager: Aborting stack trace dump (current native pid=672); deadline exceeded.
12-24 21:43:25.755   919  7542 E ActivityManager: ANR in com.google.android.apps.nexuslauncher
12-24 21:43:25.755   919  7542 E ActivityManager: PID: 1587
12-24 21:43:25.755   919  7542 E ActivityManager: Reason: Input dispatching timed out ([Gesture Monitor] swipe-up is not responding. Waited 5002ms for MotionEvent).
12-24 21:43:25.755   919  7542 E ActivityManager: ErrorId: ec4e8aab-4362-48ee-b04b-486e922e7d76
12-24 21:43:25.755   919  7542 E ActivityManager: Frozen: false
12-24 21:43:25.755   919  7542 E ActivityManager: Load: 5.08 / 7.97 / 7.13
12-24 21:43:25.755   919  7542 E ActivityManager: ----- Output from /proc/pressure/memory -----
12-24 21:43:25.755   919  7542 E ActivityManager: some avg10=0.00 avg60=0.00 avg300=0.00 total=24789235
12-24 21:43:25.755   919  7542 E ActivityManager: full avg10=0.00 avg60=0.00 avg300=0.00 total=16654168
12-24 21:43:25.755   919  7542 E ActivityManager: ----- End output from /proc/pressure/memory -----
12-24 21:43:25.755   919  7542 E ActivityManager: ----- Output from /proc/pressure/cpu -----
12-24 21:43:25.755   919  7542 E ActivityManager: some avg10=2.35 avg60=0.42 avg300=0.08 total=117492550
12-24 21:43:25.755   919  7542 E ActivityManager: full avg10=0.00 avg60=0.00 avg300=0.00 total=0
12-24 21:43:25.755   919  7542 E ActivityManager: ----- End output from /proc/pressure/cpu -----
12-24 21:43:25.755   919  7542 E ActivityManager: ----- Output from /proc/pressure/io -----
12-24 21:43:25.755   919  7542 E ActivityManager: some avg10=0.00 avg60=0.00 avg300=0.00 total=41396506
12-24 21:43:25.755   919  7542 E ActivityManager: full avg10=0.00 avg60=0.00 avg300=0.00 total=8354364
12-24 21:43:25.755   919  7542 E ActivityManager: ----- End output from /proc/pressure/io -----
12-24 21:43:25.755   919  7542 E ActivityManager: 
